../Core/Src/BNO055.c:18:6:bno055_setPage	16	static
../Core/Src/BNO055.c:20:17:bno055_getOperationMode	16	static
../Core/Src/BNO055.c:26:6:bno055_setOperationMode	16	static
../Core/Src/BNO055.c:35:6:bno055_setOperationModeConfig	8	static
../Core/Src/BNO055.c:39:6:bno055_setOperationModeNDOF	8	static
../Core/Src/BNO055.c:43:6:bno055_setExternalCrystalUse	24	static
../Core/Src/BNO055.c:52:6:bno055_enableExternalCrystal	8	static
../Core/Src/BNO055.c:53:6:bno055_disableExternalCrystal	8	static
../Core/Src/BNO055.c:55:6:bno055_reset	8	static
../Core/Src/BNO055.c:60:8:bno055_getTemp	16	static
../Core/Src/BNO055.c:67:6:bno055_setup	16	static
../Core/Src/BNO055.c:83:9:bno055_getSWRevision	16	static
../Core/Src/BNO055.c:90:9:bno055_getBootloaderRevision	16	static
../Core/Src/BNO055.c:97:9:bno055_getSystemStatus	16	static
../Core/Src/BNO055.c:104:27:bno055_getSelfTestResult	24	static
../Core/Src/BNO055.c:117:9:bno055_getSystemError	16	static
../Core/Src/BNO055.c:124:28:bno055_getCalibrationState	24	static
../Core/Src/BNO055.c:137:27:bno055_getCalibrationData	72	static
../Core/Src/BNO055.c:158:6:bno055_setCalibrationData	32	static
../Core/Src/BNO055.c:179:17:bno055_getVector	144	static
../Core/Src/BNO055.c:218:17:bno055_getVectorAccelerometer	88	static
../Core/Src/BNO055.c:221:17:bno055_getVectorMagnetometer	88	static
../Core/Src/BNO055.c:224:17:bno055_getVectorGyroscope	88	static
../Core/Src/BNO055.c:227:17:bno055_getVectorEuler	88	static
../Core/Src/BNO055.c:230:17:bno055_getVectorLinearAccel	88	static
../Core/Src/BNO055.c:233:17:bno055_getVectorGravity	88	static
../Core/Src/BNO055.c:236:17:bno055_getVectorQuaternion	88	static
../Core/Src/BNO055.c:240:6:bno055_setAxisMap	24	static
