Archive member included to satisfy reference by file (symbol)

/opt/st/stm32cubeide_1.15.1/plugins/com.st.stm32cube.ide.mcu.externaltools.gnu-tools-for-stm32.12.3.rel1.linux64_1.0.100.202403111256/tools/bin/../lib/gcc/arm-none-eabi/12.3.1/../../../../arm-none-eabi/lib/thumb/v7-m/nofp/libc_nano.a(libc_a-exit.o)
                              /opt/st/stm32cubeide_1.15.1/plugins/com.st.stm32cube.ide.mcu.externaltools.gnu-tools-for-stm32.12.3.rel1.linux64_1.0.100.202403111256/tools/bin/../lib/gcc/arm-none-eabi/12.3.1/../../../../arm-none-eabi/lib/thumb/v7-m/nofp/crt0.o (exit)
/opt/st/stm32cubeide_1.15.1/plugins/com.st.stm32cube.ide.mcu.externaltools.gnu-tools-for-stm32.12.3.rel1.linux64_1.0.100.202403111256/tools/bin/../lib/gcc/arm-none-eabi/12.3.1/../../../../arm-none-eabi/lib/thumb/v7-m/nofp/libc_nano.a(libc_a-realloc.o)
                              ./Core/Src/mainpp.o (realloc)
/opt/st/stm32cubeide_1.15.1/plugins/com.st.stm32cube.ide.mcu.externaltools.gnu-tools-for-stm32.12.3.rel1.linux64_1.0.100.202403111256/tools/bin/../lib/gcc/arm-none-eabi/12.3.1/../../../../arm-none-eabi/lib/thumb/v7-m/nofp/libc_nano.a(libc_a-reallocr.o)
                              /opt/st/stm32cubeide_1.15.1/plugins/com.st.stm32cube.ide.mcu.externaltools.gnu-tools-for-stm32.12.3.rel1.linux64_1.0.100.202403111256/tools/bin/../lib/gcc/arm-none-eabi/12.3.1/../../../../arm-none-eabi/lib/thumb/v7-m/nofp/libc_nano.a(libc_a-realloc.o) (_realloc_r)
/opt/st/stm32cubeide_1.15.1/plugins/com.st.stm32cube.ide.mcu.externaltools.gnu-tools-for-stm32.12.3.rel1.linux64_1.0.100.202403111256/tools/bin/../lib/gcc/arm-none-eabi/12.3.1/../../../../arm-none-eabi/lib/thumb/v7-m/nofp/libc_nano.a(libc_a-findfp.o)
                              /opt/st/stm32cubeide_1.15.1/plugins/com.st.stm32cube.ide.mcu.externaltools.gnu-tools-for-stm32.12.3.rel1.linux64_1.0.100.202403111256/tools/bin/../lib/gcc/arm-none-eabi/12.3.1/../../../../arm-none-eabi/lib/thumb/v7-m/nofp/libc_nano.a(libc_a-exit.o) (__stdio_exit_handler)
/opt/st/stm32cubeide_1.15.1/plugins/com.st.stm32cube.ide.mcu.externaltools.gnu-tools-for-stm32.12.3.rel1.linux64_1.0.100.202403111256/tools/bin/../lib/gcc/arm-none-eabi/12.3.1/../../../../arm-none-eabi/lib/thumb/v7-m/nofp/libc_nano.a(libc_a-fwalk.o)
                              /opt/st/stm32cubeide_1.15.1/plugins/com.st.stm32cube.ide.mcu.externaltools.gnu-tools-for-stm32.12.3.rel1.linux64_1.0.100.202403111256/tools/bin/../lib/gcc/arm-none-eabi/12.3.1/../../../../arm-none-eabi/lib/thumb/v7-m/nofp/libc_nano.a(libc_a-findfp.o) (_fwalk_sglue)
/opt/st/stm32cubeide_1.15.1/plugins/com.st.stm32cube.ide.mcu.externaltools.gnu-tools-for-stm32.12.3.rel1.linux64_1.0.100.202403111256/tools/bin/../lib/gcc/arm-none-eabi/12.3.1/../../../../arm-none-eabi/lib/thumb/v7-m/nofp/libc_nano.a(libc_a-printf.o)
                              ./Core/Src/BNO055.o (printf)
/opt/st/stm32cubeide_1.15.1/plugins/com.st.stm32cube.ide.mcu.externaltools.gnu-tools-for-stm32.12.3.rel1.linux64_1.0.100.202403111256/tools/bin/../lib/gcc/arm-none-eabi/12.3.1/../../../../arm-none-eabi/lib/thumb/v7-m/nofp/libc_nano.a(libc_a-puts.o)
                              ./Core/Src/main.o (puts)
/opt/st/stm32cubeide_1.15.1/plugins/com.st.stm32cube.ide.mcu.externaltools.gnu-tools-for-stm32.12.3.rel1.linux64_1.0.100.202403111256/tools/bin/../lib/gcc/arm-none-eabi/12.3.1/../../../../arm-none-eabi/lib/thumb/v7-m/nofp/libc_nano.a(libc_a-stdio.o)
                              /opt/st/stm32cubeide_1.15.1/plugins/com.st.stm32cube.ide.mcu.externaltools.gnu-tools-for-stm32.12.3.rel1.linux64_1.0.100.202403111256/tools/bin/../lib/gcc/arm-none-eabi/12.3.1/../../../../arm-none-eabi/lib/thumb/v7-m/nofp/libc_nano.a(libc_a-findfp.o) (__sread)
/opt/st/stm32cubeide_1.15.1/plugins/com.st.stm32cube.ide.mcu.externaltools.gnu-tools-for-stm32.12.3.rel1.linux64_1.0.100.202403111256/tools/bin/../lib/gcc/arm-none-eabi/12.3.1/../../../../arm-none-eabi/lib/thumb/v7-m/nofp/libc_nano.a(libc_a-wbuf.o)
                              /opt/st/stm32cubeide_1.15.1/plugins/com.st.stm32cube.ide.mcu.externaltools.gnu-tools-for-stm32.12.3.rel1.linux64_1.0.100.202403111256/tools/bin/../lib/gcc/arm-none-eabi/12.3.1/../../../../arm-none-eabi/lib/thumb/v7-m/nofp/libc_nano.a(libc_a-puts.o) (__swbuf_r)
/opt/st/stm32cubeide_1.15.1/plugins/com.st.stm32cube.ide.mcu.externaltools.gnu-tools-for-stm32.12.3.rel1.linux64_1.0.100.202403111256/tools/bin/../lib/gcc/arm-none-eabi/12.3.1/../../../../arm-none-eabi/lib/thumb/v7-m/nofp/libc_nano.a(libc_a-wsetup.o)
                              /opt/st/stm32cubeide_1.15.1/plugins/com.st.stm32cube.ide.mcu.externaltools.gnu-tools-for-stm32.12.3.rel1.linux64_1.0.100.202403111256/tools/bin/../lib/gcc/arm-none-eabi/12.3.1/../../../../arm-none-eabi/lib/thumb/v7-m/nofp/libc_nano.a(libc_a-puts.o) (__swsetup_r)
[...]
Memory Configuration

Name             Origin             Length             Attributes
RAM              0x20000000         0x00005000         xrw
FLASH            0x08000000         0x00010000         xr
*default*        0x00000000         0xffffffff

Linker script and memory map

LOAD /opt/st/stm32cubeide_1.15.1/plugins/com.st.stm32cube.ide.mcu.externaltools.gnu-tools-for-stm32.12.3.rel1.linux64_1.0.100.202403111256/tools/bin/../lib/gcc/arm-none-eabi/12.3.1/thumb/v7-m/nofp/crti.o
LOAD /opt/st/stm32cubeide_1.15.1/plugins/com.st.stm32cube.ide.mcu.externaltools.gnu-tools-for-stm32.12.3.rel1.linux64_1.0.100.202403111256/tools/bin/../lib/gcc/arm-none-eabi/12.3.1/thumb/v7-m/nofp/crtbegin.o
LOAD /opt/st/stm32cubeide_1.15.1/plugins/com.st.stm32cube.ide.mcu.externaltools.gnu-tools-for-stm32.12.3.rel1.linux64_1.0.100.202403111256/tools/bin/../lib/gcc/arm-none-eabi/12.3.1/../../../../arm-none-eabi/lib/thumb/v7-m/nofp/crt0.o
LOAD ./Core/Inc/ROS/duration.o
LOAD ./Core/Inc/ROS/time.o
LOAD ./Core/Src/BNO055.o
LOAD ./Core/Src/dma.o
LOAD ./Core/Src/gpio.o
LOAD ./Core/Src/i2c.o
LOAD ./Core/Src/main.o
LOAD ./Core/Src/mainpp.o
LOAD ./Core/Src/motor.o
LOAD ./Core/Src/pid.o
LOAD ./Core/Src/stm32f1xx_hal_msp.o
LOAD ./Core/Src/stm32f1xx_it.o
LOAD ./Core/Src/syscalls.o
LOAD ./Core/Src/sysmem.o
LOAD ./Core/Src/system_stm32f1xx.o
LOAD ./Core/Src/tim.o
LOAD ./Core/Src/usart.o
LOAD ./Core/Startup/startup_stm32f103c8tx.o
LOAD ./Drivers/STM32F1xx_HAL_Driver/Src/stm32f1xx_hal.o
LOAD ./Drivers/STM32F1xx_HAL_Driver/Src/stm32f1xx_hal_cortex.o
LOAD ./Drivers/STM32F1xx_HAL_Driver/Src/stm32f1xx_hal_dma.o
LOAD ./Drivers/STM32F1xx_HAL_Driver/Src/stm32f1xx_hal_exti.o
LOAD ./Drivers/STM32F1xx_HAL_Driver/Src/stm32f1xx_hal_flash.o
LOAD ./Drivers/STM32F1xx_HAL_Driver/Src/stm32f1xx_hal_flash_ex.o
LOAD ./Drivers/STM32F1xx_HAL_Driver/Src/stm32f1xx_hal_gpio.o
LOAD ./Drivers/STM32F1xx_HAL_Driver/Src/stm32f1xx_hal_gpio_ex.o
LOAD ./Drivers/STM32F1xx_HAL_Driver/Src/stm32f1xx_hal_i2c.o
LOAD ./Drivers/STM32F1xx_HAL_Driver/Src/stm32f1xx_hal_pwr.o
LOAD ./Drivers/STM32F1xx_HAL_Driver/Src/stm32f1xx_hal_rcc.o
LOAD ./Drivers/STM32F1xx_HAL_Driver/Src/stm32f1xx_hal_rcc_ex.o
LOAD ./Drivers/STM32F1xx_HAL_Driver/Src/stm32f1xx_hal_tim.o
LOAD ./Drivers/STM32F1xx_HAL_Driver/Src/stm32f1xx_hal_tim_ex.o
LOAD ./Drivers/STM32F1xx_HAL_Driver/Src/stm32f1xx_hal_uart.o
START GROUP
LOAD /opt/st/stm32cubeide_1.15.1/plugins/com.st.stm32cube.ide.mcu.externaltools.gnu-tools-for-stm32.12.3.rel1.linux64_1.0.100.202403111256/tools/bin/../lib/gcc/arm-none-eabi/12.3.1/../../../../arm-none-eabi/lib/thumb/v7-m/nofp/libstdc++_nano.a
LOAD /opt/st/stm32cubeide_1.15.1/plugins/com.st.stm32cube.ide.mcu.externaltools.gnu-tools-for-stm32.12.3.rel1.linux64_1.0.100.202403111256/tools/bin/../lib/gcc/arm-none-eabi/12.3.1/../../../../arm-none-eabi/lib/thumb/v7-m/nofp/libsupc++_nano.a
END GROUP
LOAD /opt/st/stm32cubeide_1.15.1/plugins/com.st.stm32cube.ide.mcu.externaltools.gnu-tools-for-stm32.12.3.rel1.linux64_1.0.100.202403111256/tools/bin/../lib/gcc/arm-none-eabi/12.3.1/../../../../arm-none-eabi/lib/thumb/v7-m/nofp/libstdc++_nano.a
LOAD /opt/st/stm32cubeide_1.15.1/plugins/com.st.stm32cube.ide.mcu.externaltools.gnu-tools-for-stm32.12.3.rel1.linux64_1.0.100.202403111256/tools/bin/../lib/gcc/arm-none-eabi/12.3.1/../../../../arm-none-eabi/lib/thumb/v7-m/nofp/libm.a
LOAD /opt/st/stm32cubeide_1.15.1/plugins/com.st.stm32cube.ide.mcu.externaltools.gnu-tools-for-stm32.12.3.rel1.linux64_1.0.100.202403111256/tools/bin/../lib/gcc/arm-none-eabi/12.3.1/../../../../arm-none-eabi/lib/thumb/v7-m/nofp/libc_nano.a
START GROUP
LOAD /opt/st/stm32cubeide_1.15.1/plugins/com.st.stm32cube.ide.mcu.externaltools.gnu-tools-for-stm32.12.3.rel1.linux64_1.0.100.202403111256/tools/bin/../lib/gcc/arm-none-eabi/12.3.1/thumb/v7-m/nofp/libgcc.a
LOAD /opt/st/stm32cubeide_1.15.1/plugins/com.st.stm32cube.ide.mcu.externaltools.gnu-tools-for-stm32.12.3.rel1.linux64_1.0.100.202403111256/tools/bin/../lib/gcc/arm-none-eabi/12.3.1/../../../../arm-none-eabi/lib/thumb/v7-m/nofp/libc_nano.a
END GROUP
START GROUP
LOAD /opt/st/stm32cubeide_1.15.1/plugins/com.st.stm32cube.ide.mcu.externaltools.gnu-tools-for-stm32.12.3.rel1.linux64_1.0.100.202403111256/tools/bin/../lib/gcc/arm-none-eabi/12.3.1/thumb/v7-m/nofp/libgcc.a
LOAD /opt/st/stm32cubeide_1.15.1/plugins/com.st.stm32cube.ide.mcu.externaltools.gnu-tools-for-stm32.12.3.rel1.linux64_1.0.100.202403111256/tools/bin/../lib/gcc/arm-none-eabi/12.3.1/../../../../arm-none-eabi/lib/thumb/v7-m/nofp/libc_nano.a
END GROUP
LOAD /opt/st/stm32cubeide_1.15.1/plugins/com.st.stm32cube.ide.mcu.externaltools.gnu-tools-for-stm32.12.3.rel1.linux64_1.0.100.202403111256/tools/bin/../lib/gcc/arm-none-eabi/12.3.1/thumb/v7-m/nofp/crtend.o
LOAD /opt/st/stm32cubeide_1.15.1/plugins/com.st.stm32cube.ide.mcu.externaltools.gnu-tools-for-stm32.12.3.rel1.linux64_1.0.100.202403111256/tools/bin/../lib/gcc/arm-none-eabi/12.3.1/thumb/v7-m/nofp/crtn.o
                0x20005000                        _estack = (ORIGIN (RAM) + LENGTH (RAM))
                0x00000200                        _Min_Heap_Size = 0x200
                0x00000400                        _Min_Stack_Size = 0x400

.isr_vector     0x08000000      0x10c
                0x08000000                        . = ALIGN (0x4)
 *(.isr_vector)
 .isr_vector    0x08000000      0x10c ./Core/Startup/startup_stm32f103c8tx.o
                0x08000000                g_pfnVectors
                0x0800010c                        . = ALIGN (0x4)

.text           0x08000110     0xab30
                0x08000110                        . = ALIGN (0x4)
 *(.text)
 .text          0x08000110       0x40 /opt/st/stm32cubeide_1.15.1/plugins/com.st.stm32cube.ide.mcu.externaltools.gnu-tools-for-stm32.12.3.rel1.linux64_1.0.100.202403111256/tools/bin/../lib/gcc/arm-none-eabi/12.3.1/thumb/v7-m/nofp/crtbegin.o
 .text          0x08000150       0x10 /opt/st/stm32cubeide_1.15.1/plugins/com.st.stm32cube.ide.mcu.externaltools.gnu-tools-for-stm32.12.3.rel1.linux64_1.0.100.202403111256/tools/bin/../lib/gcc/arm-none-eabi/12.3.1/../../../../arm-none-eabi/lib/thumb/v7-m/nofp/libc_nano.a(libc_a-strlen.o)
                0x08000150                strlen
 .text          0x08000160      0x378 /opt/st/stm32cubeide_1.15.1/plugins/com.st.stm32cube.ide.mcu.externaltools.gnu-tools-for-stm32.12.3.rel1.linux64_1.0.100.202403111256/tools/bin/../lib/gcc/arm-none-eabi/12.3.1/thumb/v7-m/nofp/libgcc.a(_arm_addsubdf3.o)
                0x08000160                __aeabi_drsub
                0x08000168                __aeabi_dsub
                0x08000168                __subdf3
                0x0800016c                __adddf3
                0x0800016c                __aeabi_dadd
                0x080003e4                __aeabi_ui2d
                0x080003e4                __floatunsidf
                0x08000404                __floatsidf
                0x08000404                __aeabi_i2d
                0x08000428                __extendsfdf2
                0x08000428                __aeabi_f2d
                0x0800046c                __aeabi_ul2d
                0x0800046c                __floatundidf
                0x0800047c                __floatdidf
                0x0800047c                __aeabi_l2d
 .text          0x080004d8      0x424 /opt/st/stm32cubeide_1.15.1/plugins/com.st.stm32cube.ide.mcu.externaltools.gnu-tools-for-stm32.12.3.rel1.linux64_1.0.100.202403111256/tools/bin/../lib/gcc/arm-none-eabi/12.3.1/thumb/v7-m/nofp/libgcc.a(_arm_muldivdf3.o)
                0x080004d8                __aeabi_dmul
                0x080004d8                __muldf3
                0x0800072c                __aeabi_ddiv
                0x0800072c                __divdf3
 .text          0x080008fc       0xa0 /opt/st/stm32cubeide_1.15.1/plugins/com.st.stm32cube.ide.mcu.externaltools.gnu-tools-for-stm32.12.3.rel1.linux64_1.0.100.202403111256/tools/bin/../lib/gcc/arm-none-eabi/12.3.1/thumb/v7-m/nofp/libgcc.a(_arm_truncdfsf2.o)
                0x080008fc                __aeabi_d2f
                0x080008fc                __truncdfsf2
 .text          0x0800099c      0x21c /opt/st/stm32cubeide_1.15.1/plugins/com.st.stm32cube.ide.mcu.externaltools.gnu-tools-for-stm32.12.3.rel1.linux64_1.0.100.202403111256/tools/bin/../lib/gcc/arm-none-eabi/12.3.1/thumb/v7-m/nofp/libgcc.a(_arm_addsubsf3.o)
                0x0800099c                __aeabi_frsub
                0x080009a4                __subsf3
                0x080009a4                __aeabi_fsub
                0x080009a8                __aeabi_fadd
                0x080009a8                __addsf3
                0x08000b08                __aeabi_ui2f
                0x08000b08                __floatunsisf
                0x08000b10                __aeabi_i2f
                0x08000b10                __floatsisf
                0x08000b2c                __floatundisf
                0x08000b2c                __aeabi_ul2f
                0x08000b3c                __floatdisf
                0x08000b3c                __aeabi_l2f
 .text          0x08000bb8      0x2a0 /opt/st/stm32cubeide_1.15.1/plugins/com.st.stm32cube.ide.mcu.externaltools.gnu-tools-for-stm32.12.3.rel1.linux64_1.0.100.202403111256/tools/bin/../lib/gcc/arm-none-eabi/12.3.1/thumb/v7-m/nofp/libgcc.a(_arm_muldivsf3.o)
                0x08000bb8                __mulsf3
                0x08000bb8                __aeabi_fmul
                0x08000d20                __divsf3
                0x08000d20                __aeabi_fdiv
 .text          0x08000e58       0xec /opt/st/stm32cubeide_1.15.1/plugins/com.st.stm32cube.ide.mcu.externaltools.gnu-tools-for-stm32.12.3.rel1.linux64_1.0.100.202403111256/tools/bin/../lib/gcc/arm-none-eabi/12.3.1/thumb/v7-m/nofp/libgcc.a(_arm_cmpsf2.o)
                0x08000e58                __gtsf2
                0x08000e58                __gesf2
                0x08000e60                __lesf2
                0x08000e60                __ltsf2
                0x08000e68                __nesf2
                0x08000e68                __eqsf2
                0x08000e68                __cmpsf2
                0x08000ec8                __aeabi_cfrcmple
                0x08000ed0                __aeabi_cfcmple
                0x08000ed0                __aeabi_cfcmpeq
                0x08000ee0                __aeabi_fcmpeq
                0x08000ef4                __aeabi_fcmplt
                0x08000f08                __aeabi_fcmple
                0x08000f1c                __aeabi_fcmpge
                0x08000f30                __aeabi_fcmpgt
 *(.text*)
 .text._ZN3ros16normalizeSecNSecERmS0_
                0x08000f44       0x58 ./Core/Inc/ROS/time.o
                0x08000f44                ros::normalizeSecNSec(unsigned long&, unsigned long&)
 .text.bno055_setPage
                0x08000f9c       0x1c ./Core/Src/BNO055.o
                0x08000f9c                bno055_setPage
 .text.bno055_setOperationMode
                0x08000fb8       0x30 ./Core/Src/BNO055.o
                0x08000fb8                bno055_setOperationMode
 .text.bno055_setOperationModeConfig
                0x08000fe8        0xe ./Core/Src/BNO055.o
                0x08000fe8                bno055_setOperationModeConfig
 .text.bno055_setOperationModeNDOF
                0x08000ff6        0xe ./Core/Src/BNO055.o
                0x08000ff6                bno055_setOperationModeNDOF
 .text.bno055_reset
                0x08001004       0x18 ./Core/Src/BNO055.o
                0x08001004                bno055_reset
 .text.bno055_setup
                0x0800101c       0x50 ./Core/Src/BNO055.o
                0x0800101c                bno055_setup
 .text.bno055_getVector
                0x0800106c      0x230 ./Core/Src/BNO055.o
                0x0800106c                bno055_getVector
 .text.bno055_getVectorMagnetometer
                0x0800129c       0x1a ./Core/Src/BNO055.o
                0x0800129c                bno055_getVectorMagnetometer
 *fill*         0x080012b6        0x2 
 .text.MX_DMA_Init
                0x080012b8       0x4c ./Core/Src/dma.o
                0x080012b8                MX_DMA_Init
 .text.MX_GPIO_Init
                0x08001304       0x5c ./Core/Src/gpio.o
                0x08001304                MX_GPIO_Init
 .text.MX_I2C1_Init
                0x08001360       0x5c ./Core/Src/i2c.o
                0x08001360                MX_I2C1_Init
 .text.HAL_I2C_MspInit
                0x080013bc       0x7c ./Core/Src/i2c.o
                0x080013bc                HAL_I2C_MspInit
 .text.bno055_assignI2C
                0x08001438       0x1c ./Core/Src/main.o
                0x08001438                bno055_assignI2C
 .text.bno055_delay
                0x08001454       0x18 ./Core/Src/main.o
                0x08001454                bno055_delay
 .text.bno055_writeData
                0x0800146c      0x1d8 ./Core/Src/main.o
                0x0800146c                bno055_writeData
 .text.bno055_readData
                0x08001644       0x44 ./Core/Src/main.o
                0x08001644                bno055_readData
 .text.main     0x08001688      0x164 ./Core/Src/main.o
                0x08001688                main
 .text.SystemClock_Config
                0x080017ec       0x8a ./Core/Src/main.o
                0x080017ec                SystemClock_Config
 *fill*         0x08001876        0x2 
 .text.HAL_TIM_PeriodElapsedCallback
                0x08001878       0xb0 ./Core/Src/main.o
                0x08001878                HAL_TIM_PeriodElapsedCallback
 .text.Error_Handler
                0x08001928        0xc ./Core/Src/main.o
                0x08001928                Error_Handler
 .text._ZN3ros3Msg19serializeAvrFloat64EPhf
                0x08001934      0x136 ./Core/Src/mainpp.o
                0x08001934                ros::Msg::serializeAvrFloat64(unsigned char*, float)
 .text._ZN3ros3Msg21deserializeAvrFloat64EPKhPf
                0x08001a6a      0x134 ./Core/Src/mainpp.o
                0x08001a6a                ros::Msg::deserializeAvrFloat64(unsigned char const*, float*)
 .text._ZN3ros4TimeC2Ev
                0x08001b9e       0x20 ./Core/Src/mainpp.o
                0x08001b9e                ros::Time::Time()
                0x08001b9e                ros::Time::Time()
 *fill*         0x08001bbe        0x2 
 .text._ZN3ros3MsgC2Ev
                0x08001bc0       0x20 ./Core/Src/mainpp.o
                0x08001bc0                ros::Msg::Msg()
                0x08001bc0                ros::Msg::Msg()
 .text._ZN8std_msgs4TimeC2Ev
                0x08001be0       0x30 ./Core/Src/mainpp.o
                0x08001be0                std_msgs::Time::Time()
                0x08001be0                std_msgs::Time::Time()
 .text._ZNK8std_msgs4Time9serializeEPh
                0x08001c10       0xae ./Core/Src/mainpp.o
                0x08001c10                std_msgs::Time::serialize(unsigned char*) const
 .text._ZN8std_msgs4Time11deserializeEPh
                0x08001cbe       0xc6 ./Core/Src/mainpp.o
                0x08001cbe                std_msgs::Time::deserialize(unsigned char*)
 .text._ZN8std_msgs4Time7getTypeEv
                0x08001d84       0x18 ./Core/Src/mainpp.o
                0x08001d84                std_msgs::Time::getType()
 .text._ZN8std_msgs4Time6getMD5Ev
                0x08001d9c       0x18 ./Core/Src/mainpp.o
                0x08001d9c                std_msgs::Time::getMD5()
 .text._ZN14rosserial_msgs9TopicInfoC2Ev
                0x08001db4       0x48 ./Core/Src/mainpp.o
                0x08001db4                rosserial_msgs::TopicInfo::TopicInfo()
                0x08001db4                rosserial_msgs::TopicInfo::TopicInfo()
 .text._ZNK14rosserial_msgs9TopicInfo9serializeEPh
                0x08001dfc      0x136 ./Core/Src/mainpp.o
                0x08001dfc                rosserial_msgs::TopicInfo::serialize(unsigned char*) const
 .text._ZN14rosserial_msgs9TopicInfo11deserializeEPh
                0x08001f32      0x1d0 ./Core/Src/mainpp.o
                0x08001f32                rosserial_msgs::TopicInfo::deserialize(unsigned char*)
 *fill*         0x08002102        0x2 
 .text._ZN14rosserial_msgs9TopicInfo7getTypeEv
                0x08002104       0x18 ./Core/Src/mainpp.o
                0x08002104                rosserial_msgs::TopicInfo::getType()
 .text._ZN14rosserial_msgs9TopicInfo6getMD5Ev
                0x0800211c       0x18 ./Core/Src/mainpp.o
                0x0800211c                rosserial_msgs::TopicInfo::getMD5()
 .text._ZN14rosserial_msgs3LogC2Ev
                0x08002134       0x34 ./Core/Src/mainpp.o
                0x08002134                rosserial_msgs::Log::Log()
                0x08002134                rosserial_msgs::Log::Log()
 .text._ZNK14rosserial_msgs3Log9serializeEPh
                0x08002168       0x64 ./Core/Src/mainpp.o
                0x08002168                rosserial_msgs::Log::serialize(unsigned char*) const
 .text._ZN14rosserial_msgs3Log11deserializeEPh
                0x080021cc       0x90 ./Core/Src/mainpp.o
                0x080021cc                rosserial_msgs::Log::deserialize(unsigned char*)
 .text._ZN14rosserial_msgs3Log7getTypeEv
                0x0800225c       0x18 ./Core/Src/mainpp.o
                0x0800225c                rosserial_msgs::Log::getType()
 .text._ZN14rosserial_msgs3Log6getMD5Ev
                0x08002274       0x18 ./Core/Src/mainpp.o
                0x08002274                rosserial_msgs::Log::getMD5()
 .text._ZN14rosserial_msgs20RequestParamResponseC2Ev
                0x0800228c       0x5c ./Core/Src/mainpp.o
                0x0800228c                rosserial_msgs::RequestParamResponse::RequestParamResponse()
                0x0800228c                rosserial_msgs::RequestParamResponse::RequestParamResponse()
 .text._ZNK14rosserial_msgs20RequestParamResponse9serializeEPh
                0x080022e8      0x222 ./Core/Src/mainpp.o
                0x080022e8                rosserial_msgs::RequestParamResponse::serialize(unsigned char*) const
 .text._ZN14rosserial_msgs20RequestParamResponse11deserializeEPh
                0x0800250a      0x2e2 ./Core/Src/mainpp.o
                0x0800250a                rosserial_msgs::RequestParamResponse::deserialize(unsigned char*)
 .text._ZN14rosserial_msgs20RequestParamResponse7getTypeEv
                0x080027ec       0x18 ./Core/Src/mainpp.o
                0x080027ec                rosserial_msgs::RequestParamResponse::getType()
 .text._ZN14rosserial_msgs20RequestParamResponse6getMD5Ev
                0x08002804       0x18 ./Core/Src/mainpp.o
                0x08002804                rosserial_msgs::RequestParamResponse::getMD5()
 .text._ZN3ros9PublisherC2EPKcPNS_3MsgEi
                0x0800281c       0x2c ./Core/Src/mainpp.o
                0x0800281c                ros::Publisher::Publisher(char const*, ros::Msg*, int)
                0x0800281c                ros::Publisher::Publisher(char const*, ros::Msg*, int)
 .text._ZN3ros9Publisher7publishEPKNS_3MsgE
                0x08002848       0x28 ./Core/Src/mainpp.o
                0x08002848                ros::Publisher::publish(ros::Msg const*)
 .text._ZN3ros9Publisher15getEndpointTypeEv
                0x08002870       0x16 ./Core/Src/mainpp.o
                0x08002870                ros::Publisher::getEndpointType()
 .text._ZN13STM32Hardware10getRdmaIndEv
                0x08002886       0x24 ./Core/Src/mainpp.o
                0x08002886                STM32Hardware::getRdmaInd()
 *fill*         0x080028aa        0x2 
 .text._ZN13STM32HardwareC2Ev
                0x080028ac       0x38 ./Core/Src/mainpp.o
                0x080028ac                STM32Hardware::STM32Hardware()
                0x080028ac                STM32Hardware::STM32Hardware()
 .text._ZN13STM32Hardware4initEv
                0x080028e4       0x16 ./Core/Src/mainpp.o
                0x080028e4                STM32Hardware::init()
 .text._ZN13STM32Hardware10reset_rbufEv
                0x080028fa       0x22 ./Core/Src/mainpp.o
                0x080028fa                STM32Hardware::reset_rbuf()
 .text._ZN13STM32Hardware4readEv
                0x0800291c       0x5a ./Core/Src/mainpp.o
                0x0800291c                STM32Hardware::read()
 *fill*         0x08002976        0x2 
 .text._ZN13STM32Hardware5flushEv
                0x08002978       0xbc ./Core/Src/mainpp.o
                0x08002978                STM32Hardware::flush()
 .text._ZN13STM32Hardware5writeEPhi
                0x08002a34       0x8e ./Core/Src/mainpp.o
                0x08002a34                STM32Hardware::write(unsigned char*, int)
 .text._ZN13STM32Hardware4timeEv
                0x08002ac2       0x16 ./Core/Src/mainpp.o
                0x08002ac2                STM32Hardware::time()
 .text._ZN8std_msgs7Float32C2Ev
                0x08002ad8       0x2c ./Core/Src/mainpp.o
                0x08002ad8                std_msgs::Float32::Float32()
                0x08002ad8                std_msgs::Float32::Float32()
 .text._ZNK8std_msgs7Float329serializeEPh
                0x08002b04       0x62 ./Core/Src/mainpp.o
                0x08002b04                std_msgs::Float32::serialize(unsigned char*) const
 .text._ZN8std_msgs7Float3211deserializeEPh
                0x08002b66       0x6e ./Core/Src/mainpp.o
                0x08002b66                std_msgs::Float32::deserialize(unsigned char*)
 .text._ZN8std_msgs7Float327getTypeEv
                0x08002bd4       0x18 ./Core/Src/mainpp.o
                0x08002bd4                std_msgs::Float32::getType()
 .text._ZN8std_msgs7Float326getMD5Ev
                0x08002bec       0x18 ./Core/Src/mainpp.o
                0x08002bec                std_msgs::Float32::getMD5()
 .text._ZN9krsbi202525BallPositionBasedOnCameraC2Ev
                0x08002c04       0x78 ./Core/Src/mainpp.o
                0x08002c04                krsbi2025::BallPositionBasedOnCamera::BallPositionBasedOnCamera()
                0x08002c04                krsbi2025::BallPositionBasedOnCamera::BallPositionBasedOnCamera()
 .text._ZNK9krsbi202525BallPositionBasedOnCamera9serializeEPh
                0x08002c7c      0x5ae ./Core/Src/mainpp.o
                0x08002c7c                krsbi2025::BallPositionBasedOnCamera::serialize(unsigned char*) const
 .text._ZN9krsbi202525BallPositionBasedOnCamera11deserializeEPh
                0x0800322a      0xdbc ./Core/Src/mainpp.o
                0x0800322a                krsbi2025::BallPositionBasedOnCamera::deserialize(unsigned char*)
 *fill*         0x08003fe6        0x2 
 .text._ZN9krsbi202525BallPositionBasedOnCamera7getTypeEv
                0x08003fe8       0x18 ./Core/Src/mainpp.o
                0x08003fe8                krsbi2025::BallPositionBasedOnCamera::getType()
 .text._ZN9krsbi202525BallPositionBasedOnCamera6getMD5Ev
                0x08004000       0x18 ./Core/Src/mainpp.o
                0x08004000                krsbi2025::BallPositionBasedOnCamera::getMD5()
 .text._ZN9krsbi20255WheelC2Ev
                0x08004018       0x54 ./Core/Src/mainpp.o
                0x08004018                krsbi2025::Wheel::Wheel()
                0x08004018                krsbi2025::Wheel::Wheel()
 .text._ZNK9krsbi20255Wheel9serializeEPh
                0x0800406c       0xb4 ./Core/Src/mainpp.o
                0x0800406c                krsbi2025::Wheel::serialize(unsigned char*) const
 .text._ZN9krsbi20255Wheel11deserializeEPh
                0x08004120       0xb4 ./Core/Src/mainpp.o
                0x08004120                krsbi2025::Wheel::deserialize(unsigned char*)
 .text._ZN9krsbi20255Wheel7getTypeEv
                0x080041d4       0x18 ./Core/Src/mainpp.o
                0x080041d4                krsbi2025::Wheel::getType()
 .text._ZN9krsbi20255Wheel6getMD5Ev
                0x080041ec       0x18 ./Core/Src/mainpp.o
                0x080041ec                krsbi2025::Wheel::getMD5()
 .text._Z17cam_data_callbackRKN9krsbi202525BallPositionBasedOnCameraE
                0x08004204       0x8c ./Core/Src/mainpp.o
                0x08004204                cam_data_callback(krsbi2025::BallPositionBasedOnCamera const&)
 .text._ZN3ros15NodeHandleBase_C2Ev
                0x08004290       0x20 ./Core/Src/mainpp.o
                0x08004290                ros::NodeHandleBase_::NodeHandleBase_()
                0x08004290                ros::NodeHandleBase_::NodeHandleBase_()
 .text._ZN3ros11NodeHandle_I13STM32HardwareLi25ELi25ELi512ELi512EEC2Ev
                0x080042b0       0xf0 ./Core/Src/mainpp.o
                0x080042b0                ros::NodeHandle_<STM32Hardware, 25, 25, 512, 512>::NodeHandle_()
                0x080042b0                ros::NodeHandle_<STM32Hardware, 25, 25, 512, 512>::NodeHandle_()
 .text.HAL_UART_TxCpltCallback
                0x080043a0       0x30 ./Core/Src/mainpp.o
                0x080043a0                HAL_UART_TxCpltCallback
 .text.HAL_UART_RxCpltCallback
                0x080043d0       0x30 ./Core/Src/mainpp.o
                0x080043d0                HAL_UART_RxCpltCallback
 .text.setup    0x08004400       0x38 ./Core/Src/mainpp.o
                0x08004400                setup
 .text.loop     0x08004438       0x68 ./Core/Src/mainpp.o
                0x08004438                loop
 .text._ZN3ros3Msg8varToArrIPhmEEvT_T0_
                0x080044a0       0x3c ./Core/Src/mainpp.o
                0x080044a0                void ros::Msg::varToArr<unsigned char*, unsigned long>(unsigned char*, unsigned long)
 .text._ZN3ros3Msg8arrToVarImPhEEvRT_T0_
                0x080044dc       0x4a ./Core/Src/mainpp.o
                0x080044dc                void ros::Msg::arrToVar<unsigned long, unsigned char*>(unsigned long&, unsigned char*)
 *fill*         0x08004526        0x2 
 .text._ZN3ros11Subscriber_C2Ev
                0x08004528       0x20 ./Core/Src/mainpp.o
                0x08004528                ros::Subscriber_::Subscriber_()
                0x08004528                ros::Subscriber_::Subscriber_()
 .text._ZN3ros10SubscriberIN9krsbi202525BallPositionBasedOnCameraEvEC2EPKcPFvRKS2_Ei
                0x08004548       0x48 ./Core/Src/mainpp.o
                0x08004548                ros::Subscriber<krsbi2025::BallPositionBasedOnCamera, void>::Subscriber(char const*, void (*)(krsbi2025::BallPositionBasedOnCamera const&), int)
                0x08004548                ros::Subscriber<krsbi2025::BallPositionBasedOnCamera, void>::Subscriber(char const*, void (*)(krsbi2025::BallPositionBasedOnCamera const&), int)
 .text._ZN3ros11NodeHandle_I13STM32HardwareLi25ELi25ELi512ELi512EE11getHardwareEv
                0x08004590       0x16 ./Core/Src/mainpp.o
                0x08004590                ros::NodeHandle_<STM32Hardware, 25, 25, 512, 512>::getHardware()
 .text._ZN3ros11NodeHandle_I13STM32HardwareLi25ELi25ELi512ELi512EE8initNodeEv
                0x080045a6       0x3a ./Core/Src/mainpp.o
                0x080045a6                ros::NodeHandle_<STM32Hardware, 25, 25, 512, 512>::initNode()
 .text._ZN3ros11NodeHandle_I13STM32HardwareLi25ELi25ELi512ELi512EE9subscribeERNS_11Subscriber_E
                0x080045e0       0x54 ./Core/Src/mainpp.o
                0x080045e0                ros::NodeHandle_<STM32Hardware, 25, 25, 512, 512>::subscribe(ros::Subscriber_&)
 .text._ZN3ros11NodeHandle_I13STM32HardwareLi25ELi25ELi512ELi512EE9advertiseERNS_9PublisherE
                0x08004634       0x5e ./Core/Src/mainpp.o
                0x08004634                ros::NodeHandle_<STM32Hardware, 25, 25, 512, 512>::advertise(ros::Publisher&)
 .text._ZN3ros11NodeHandle_I13STM32HardwareLi25ELi25ELi512ELi512EE8spinOnceEv
                0x08004692      0x3b2 ./Core/Src/mainpp.o
                0x08004692                ros::NodeHandle_<STM32Hardware, 25, 25, 512, 512>::spinOnce()
 .text._ZN3ros11NodeHandle_I13STM32HardwareLi25ELi25ELi512ELi512EE15requestSyncTimeEv
                0x08004a44       0x3c ./Core/Src/mainpp.o
                0x08004a44                ros::NodeHandle_<STM32Hardware, 25, 25, 512, 512>::requestSyncTime()
 .text._ZN3ros11NodeHandle_I13STM32HardwareLi25ELi25ELi512ELi512EE15negotiateTopicsEv
                0x08004a80      0x1be ./Core/Src/mainpp.o
                0x08004a80                ros::NodeHandle_<STM32Hardware, 25, 25, 512, 512>::negotiateTopics()
 *fill*         0x08004c3e        0x2 
 .text._ZN3ros11NodeHandle_I13STM32HardwareLi25ELi25ELi512ELi512EE8syncTimeEPh
                0x08004c40       0x98 ./Core/Src/mainpp.o
                0x08004c40                ros::NodeHandle_<STM32Hardware, 25, 25, 512, 512>::syncTime(unsigned char*)
 .text._ZN3ros11NodeHandle_I13STM32HardwareLi25ELi25ELi512ELi512EE7publishEiPKNS_3MsgE
                0x08004cd8      0x128 ./Core/Src/mainpp.o
                0x08004cd8                ros::NodeHandle_<STM32Hardware, 25, 25, 512, 512>::publish(int, ros::Msg const*)
 .text._ZN3ros11NodeHandle_I13STM32HardwareLi25ELi25ELi512ELi512EE6setNowERKNS_4TimeE
                0x08004e00       0x80 ./Core/Src/mainpp.o
                0x08004e00                ros::NodeHandle_<STM32Hardware, 25, 25, 512, 512>::setNow(ros::Time const&)
 .text._ZN3ros11NodeHandle_I13STM32HardwareLi25ELi25ELi512ELi512EE8logerrorEPKc
                0x08004e80       0x1c ./Core/Src/mainpp.o
                0x08004e80                ros::NodeHandle_<STM32Hardware, 25, 25, 512, 512>::logerror(char const*)
 .text._ZN3ros11NodeHandle_I13STM32HardwareLi25ELi25ELi512ELi512EE3logEcPKc
                0x08004e9c       0x38 ./Core/Src/mainpp.o
                0x08004e9c                ros::NodeHandle_<STM32Hardware, 25, 25, 512, 512>::log(char, char const*)
 .text._Z41__static_initialization_and_destruction_0ii
                0x08004ed4       0x80 ./Core/Src/mainpp.o
 .text._ZN3ros10SubscriberIN9krsbi202525BallPositionBasedOnCameraEvE8callbackEPh
                0x08004f54       0x2a ./Core/Src/mainpp.o
                0x08004f54                ros::Subscriber<krsbi2025::BallPositionBasedOnCamera, void>::callback(unsigned char*)
 .text._ZN3ros10SubscriberIN9krsbi202525BallPositionBasedOnCameraEvE15getEndpointTypeEv
                0x08004f7e       0x16 ./Core/Src/mainpp.o
                0x08004f7e                ros::Subscriber<krsbi2025::BallPositionBasedOnCamera, void>::getEndpointType()
 .text._ZN3ros10SubscriberIN9krsbi202525BallPositionBasedOnCameraEvE10getMsgTypeEv
                0x08004f94       0x1c ./Core/Src/mainpp.o
                0x08004f94                ros::Subscriber<krsbi2025::BallPositionBasedOnCamera, void>::getMsgType()
 .text._ZN3ros10SubscriberIN9krsbi202525BallPositionBasedOnCameraEvE9getMsgMD5Ev
                0x08004fb0       0x1c ./Core/Src/mainpp.o
                0x08004fb0                ros::Subscriber<krsbi2025::BallPositionBasedOnCamera, void>::getMsgMD5()
 .text._ZN3ros11NodeHandle_I13STM32HardwareLi25ELi25ELi512ELi512EE9connectedEv
                0x08004fcc       0x18 ./Core/Src/mainpp.o
                0x08004fcc                ros::NodeHandle_<STM32Hardware, 25, 25, 512, 512>::connected()
 .text._GLOBAL__sub_I_bno
                0x08004fe4       0x10 ./Core/Src/mainpp.o
 .text.remap    0x08004ff4       0x7c ./Core/Src/motor.o
                0x08004ff4                remap
 .text.motor_calculation
                0x08005070      0x398 ./Core/Src/motor.o
                0x08005070                motor_calculation
 .text.PID_Init
                0x08005408       0x5e ./Core/Src/pid.o
                0x08005408                PID_Init
 *fill*         0x08005466        0x2 
 .text.PID_Update
                0x08005468      0x12c ./Core/Src/pid.o
                0x08005468                PID_Update
 .text.error_sudut_calculation
                0x08005594       0x70 ./Core/Src/pid.o
                0x08005594                error_sudut_calculation
 .text.error_jarak_calculation
                0x08005604       0x20 ./Core/Src/pid.o
                0x08005604                error_jarak_calculation
 .text.HAL_MspInit
                0x08005624       0x64 ./Core/Src/stm32f1xx_hal_msp.o
                0x08005624                HAL_MspInit
 .text.NMI_Handler
                0x08005688        0x8 ./Core/Src/stm32f1xx_it.o
                0x08005688                NMI_Handler
 .text.HardFault_Handler
                0x08005690        0x8 ./Core/Src/stm32f1xx_it.o
                0x08005690                HardFault_Handler
 .text.MemManage_Handler
                0x08005698        0x8 ./Core/Src/stm32f1xx_it.o
                0x08005698                MemManage_Handler
 .text.BusFault_Handler
                0x080056a0        0x8 ./Core/Src/stm32f1xx_it.o
                0x080056a0                BusFault_Handler
 .text.UsageFault_Handler
                0x080056a8        0x8 ./Core/Src/stm32f1xx_it.o
                0x080056a8                UsageFault_Handler
 .text.SVC_Handler
                0x080056b0        0xc ./Core/Src/stm32f1xx_it.o
                0x080056b0                SVC_Handler
 .text.DebugMon_Handler
                0x080056bc        0xc ./Core/Src/stm32f1xx_it.o
                0x080056bc                DebugMon_Handler
 .text.PendSV_Handler
                0x080056c8        0xc ./Core/Src/stm32f1xx_it.o
                0x080056c8                PendSV_Handler
 .text.SysTick_Handler
                0x080056d4        0xc ./Core/Src/stm32f1xx_it.o
                0x080056d4                SysTick_Handler
 .text.DMA1_Channel6_IRQHandler
                0x080056e0       0x14 ./Core/Src/stm32f1xx_it.o
                0x080056e0                DMA1_Channel6_IRQHandler
 .text.DMA1_Channel7_IRQHandler
                0x080056f4       0x14 ./Core/Src/stm32f1xx_it.o
                0x080056f4                DMA1_Channel7_IRQHandler
 .text.TIM1_BRK_IRQHandler
                0x08005708       0x14 ./Core/Src/stm32f1xx_it.o
                0x08005708                TIM1_BRK_IRQHandler
 .text.TIM1_UP_IRQHandler
                0x0800571c       0x14 ./Core/Src/stm32f1xx_it.o
                0x0800571c                TIM1_UP_IRQHandler
 .text.TIM1_TRG_COM_IRQHandler
                0x08005730       0x14 ./Core/Src/stm32f1xx_it.o
                0x08005730                TIM1_TRG_COM_IRQHandler
 .text.TIM1_CC_IRQHandler
                0x08005744       0x14 ./Core/Src/stm32f1xx_it.o
                0x08005744                TIM1_CC_IRQHandler
 .text.USART2_IRQHandler
                0x08005758       0x14 ./Core/Src/stm32f1xx_it.o
                0x08005758                USART2_IRQHandler
 .text._read    0x0800576c       0x3a ./Core/Src/syscalls.o
                0x0800576c                _read
 .text._write   0x080057a6       0x38 ./Core/Src/syscalls.o
                0x080057a6                _write
 .text._close   0x080057de       0x16 ./Core/Src/syscalls.o
                0x080057de                _close
 .text._fstat   0x080057f4       0x1e ./Core/Src/syscalls.o
                0x080057f4                _fstat
 .text._isatty  0x08005812       0x14 ./Core/Src/syscalls.o
                0x08005812                _isatty
 .text._lseek   0x08005826       0x18 ./Core/Src/syscalls.o
                0x08005826                _lseek
 *fill*         0x0800583e        0x2 
 .text._sbrk    0x08005840       0x6c ./Core/Src/sysmem.o
                0x08005840                _sbrk
 .text.SystemInit
                0x080058ac        0xc ./Core/Src/system_stm32f1xx.o
                0x080058ac                SystemInit
 .text.MX_TIM1_Init
                0x080058b8       0xa0 ./Core/Src/tim.o
                0x080058b8                MX_TIM1_Init
 .text.MX_TIM2_Init
                0x08005958       0xa8 ./Core/Src/tim.o
                0x08005958                MX_TIM2_Init
 .text.MX_TIM3_Init
                0x08005a00       0xa8 ./Core/Src/tim.o
                0x08005a00                MX_TIM3_Init
 .text.HAL_TIM_Base_MspInit
                0x08005aa8       0x7c ./Core/Src/tim.o
                0x08005aa8                HAL_TIM_Base_MspInit
 .text.HAL_TIM_Encoder_MspInit
                0x08005b24       0xd0 ./Core/Src/tim.o
                0x08005b24                HAL_TIM_Encoder_MspInit
 .text.MX_USART2_UART_Init
                0x08005bf4       0x54 ./Core/Src/usart.o
                0x08005bf4                MX_USART2_UART_Init
 .text.HAL_UART_MspInit
                0x08005c48      0x150 ./Core/Src/usart.o
                0x08005c48                HAL_UART_MspInit
 .text.Reset_Handler
                0x08005d98       0x48 ./Core/Startup/startup_stm32f103c8tx.o
                0x08005d98                Reset_Handler
 .text.Default_Handler
                0x08005de0        0x2 ./Core/Startup/startup_stm32f103c8tx.o
                0x08005de0                RTC_Alarm_IRQHandler
                0x08005de0                EXTI2_IRQHandler
                0x08005de0                PVD_IRQHandler
                0x08005de0                EXTI3_IRQHandler
                0x08005de0                EXTI0_IRQHandler
                0x08005de0                I2C2_EV_IRQHandler
                0x08005de0                ADC1_2_IRQHandler
                0x08005de0                SPI1_IRQHandler
                0x08005de0                TAMPER_IRQHandler
                0x08005de0                DMA1_Channel4_IRQHandler
                0x08005de0                USART3_IRQHandler
                0x08005de0                RTC_IRQHandler
                0x08005de0                CAN1_RX1_IRQHandler
                0x08005de0                TIM4_IRQHandler
                0x08005de0                I2C1_EV_IRQHandler
                0x08005de0                TIM3_IRQHandler
                0x08005de0                RCC_IRQHandler
                0x08005de0                DMA1_Channel1_IRQHandler
                0x08005de0                Default_Handler
                0x08005de0                EXTI15_10_IRQHandler
                0x08005de0                EXTI9_5_IRQHandler
                0x08005de0                SPI2_IRQHandler
                0x08005de0                DMA1_Channel5_IRQHandler
                0x08005de0                EXTI4_IRQHandler
                0x08005de0                USB_LP_CAN1_RX0_IRQHandler
                0x08005de0                USB_HP_CAN1_TX_IRQHandler
                0x08005de0                DMA1_Channel3_IRQHandler
                0x08005de0                WWDG_IRQHandler
                0x08005de0                TIM2_IRQHandler
                0x08005de0                EXTI1_IRQHandler
                0x08005de0                I2C2_ER_IRQHandler
                0x08005de0                DMA1_Channel2_IRQHandler
                0x08005de0                CAN1_SCE_IRQHandler
                0x08005de0                FLASH_IRQHandler
                0x08005de0                USART1_IRQHandler
                0x08005de0                I2C1_ER_IRQHandler
                0x08005de0                USBWakeUp_IRQHandler
 *fill*         0x08005de2        0x2 
 .text.HAL_Init
                0x08005de4       0x2c ./Drivers/STM32F1xx_HAL_Driver/Src/stm32f1xx_hal.o
                0x08005de4                HAL_Init
 .text.HAL_InitTick
                0x08005e10       0x60 ./Drivers/STM32F1xx_HAL_Driver/Src/stm32f1xx_hal.o
                0x08005e10                HAL_InitTick
 .text.HAL_IncTick
                0x08005e70       0x24 ./Drivers/STM32F1xx_HAL_Driver/Src/stm32f1xx_hal.o
                0x08005e70                HAL_IncTick
 .text.HAL_GetTick
                0x08005e94       0x14 ./Drivers/STM32F1xx_HAL_Driver/Src/stm32f1xx_hal.o
                0x08005e94                HAL_GetTick
 .text.HAL_Delay
                0x08005ea8       0x48 ./Drivers/STM32F1xx_HAL_Driver/Src/stm32f1xx_hal.o
                0x08005ea8                HAL_Delay
 .text.__NVIC_SetPriorityGrouping
                0x08005ef0       0x48 ./Drivers/STM32F1xx_HAL_Driver/Src/stm32f1xx_hal_cortex.o
 .text.__NVIC_GetPriorityGrouping
                0x08005f38       0x1c ./Drivers/STM32F1xx_HAL_Driver/Src/stm32f1xx_hal_cortex.o
 .text.__NVIC_EnableIRQ
                0x08005f54       0x38 ./Drivers/STM32F1xx_HAL_Driver/Src/stm32f1xx_hal_cortex.o
 .text.__NVIC_SetPriority
                0x08005f8c       0x54 ./Drivers/STM32F1xx_HAL_Driver/Src/stm32f1xx_hal_cortex.o
 .text.NVIC_EncodePriority
                0x08005fe0       0x64 ./Drivers/STM32F1xx_HAL_Driver/Src/stm32f1xx_hal_cortex.o
 .text.SysTick_Config
                0x08006044       0x44 ./Drivers/STM32F1xx_HAL_Driver/Src/stm32f1xx_hal_cortex.o
 .text.HAL_NVIC_SetPriorityGrouping
                0x08006088       0x16 ./Drivers/STM32F1xx_HAL_Driver/Src/stm32f1xx_hal_cortex.o
                0x08006088                HAL_NVIC_SetPriorityGrouping
 .text.HAL_NVIC_SetPriority
                0x0800609e       0x38 ./Drivers/STM32F1xx_HAL_Driver/Src/stm32f1xx_hal_cortex.o
                0x0800609e                HAL_NVIC_SetPriority
 .text.HAL_NVIC_EnableIRQ
                0x080060d6       0x1c ./Drivers/STM32F1xx_HAL_Driver/Src/stm32f1xx_hal_cortex.o
                0x080060d6                HAL_NVIC_EnableIRQ
 .text.HAL_SYSTICK_Config
                0x080060f2       0x18 ./Drivers/STM32F1xx_HAL_Driver/Src/stm32f1xx_hal_cortex.o
                0x080060f2                HAL_SYSTICK_Config
 *fill*         0x0800610a        0x2 
 .text.HAL_DMA_Init
                0x0800610c       0xb4 ./Drivers/STM32F1xx_HAL_Driver/Src/stm32f1xx_hal_dma.o
                0x0800610c                HAL_DMA_Init
 .text.HAL_DMA_Start_IT
                0x080061c0       0xc0 ./Drivers/STM32F1xx_HAL_Driver/Src/stm32f1xx_hal_dma.o
                0x080061c0                HAL_DMA_Start_IT
 .text.HAL_DMA_Abort
                0x08006280       0x76 ./Drivers/STM32F1xx_HAL_Driver/Src/stm32f1xx_hal_dma.o
                0x08006280                HAL_DMA_Abort
 *fill*         0x080062f6        0x2 
 .text.HAL_DMA_Abort_IT
                0x080062f8       0xf0 ./Drivers/STM32F1xx_HAL_Driver/Src/stm32f1xx_hal_dma.o
                0x080062f8                HAL_DMA_Abort_IT
 .text.HAL_DMA_IRQHandler
                0x080063e8      0x20c ./Drivers/STM32F1xx_HAL_Driver/Src/stm32f1xx_hal_dma.o
                0x080063e8                HAL_DMA_IRQHandler
 .text.DMA_SetConfig
                0x080065f4       0x5a ./Drivers/STM32F1xx_HAL_Driver/Src/stm32f1xx_hal_dma.o
 *fill*         0x0800664e        0x2 
 .text.HAL_GPIO_Init
                0x08006650      0x308 ./Drivers/STM32F1xx_HAL_Driver/Src/stm32f1xx_hal_gpio.o
                0x08006650                HAL_GPIO_Init
 .text.HAL_I2C_Init
                0x08006958      0x288 ./Drivers/STM32F1xx_HAL_Driver/Src/stm32f1xx_hal_i2c.o
                0x08006958                HAL_I2C_Init
 .text.HAL_I2C_Master_Transmit
                0x08006be0      0x1fc ./Drivers/STM32F1xx_HAL_Driver/Src/stm32f1xx_hal_i2c.o
                0x08006be0                HAL_I2C_Master_Transmit
 .text.HAL_I2C_Master_Receive
                0x08006ddc      0x4d8 ./Drivers/STM32F1xx_HAL_Driver/Src/stm32f1xx_hal_i2c.o
                0x08006ddc                HAL_I2C_Master_Receive
 .text.HAL_I2C_GetState
                0x080072b4       0x1a ./Drivers/STM32F1xx_HAL_Driver/Src/stm32f1xx_hal_i2c.o
                0x080072b4                HAL_I2C_GetState
 .text.HAL_I2C_GetError
                0x080072ce       0x16 ./Drivers/STM32F1xx_HAL_Driver/Src/stm32f1xx_hal_i2c.o
                0x080072ce                HAL_I2C_GetError
 .text.I2C_MasterRequestWrite
                0x080072e4      0x104 ./Drivers/STM32F1xx_HAL_Driver/Src/stm32f1xx_hal_i2c.o
 .text.I2C_MasterRequestRead
                0x080073e8      0x19c ./Drivers/STM32F1xx_HAL_Driver/Src/stm32f1xx_hal_i2c.o
 .text.I2C_WaitOnFlagUntilTimeout
                0x08007584       0xf4 ./Drivers/STM32F1xx_HAL_Driver/Src/stm32f1xx_hal_i2c.o
 .text.I2C_WaitOnMasterAddressFlagUntilTimeout
                0x08007678      0x140 ./Drivers/STM32F1xx_HAL_Driver/Src/stm32f1xx_hal_i2c.o
 .text.I2C_WaitOnTXEFlagUntilTimeout
                0x080077b8       0x90 ./Drivers/STM32F1xx_HAL_Driver/Src/stm32f1xx_hal_i2c.o
 .text.I2C_WaitOnBTFFlagUntilTimeout
                0x08007848       0x90 ./Drivers/STM32F1xx_HAL_Driver/Src/stm32f1xx_hal_i2c.o
 .text.I2C_WaitOnRXNEFlagUntilTimeout
                0x080078d8       0xba ./Drivers/STM32F1xx_HAL_Driver/Src/stm32f1xx_hal_i2c.o
 .text.I2C_IsAcknowledgeFailed
                0x08007992       0x5c ./Drivers/STM32F1xx_HAL_Driver/Src/stm32f1xx_hal_i2c.o
 *fill*         0x080079ee        0x2 
 .text.HAL_RCC_OscConfig
                0x080079f0      0x504 ./Drivers/STM32F1xx_HAL_Driver/Src/stm32f1xx_hal_rcc.o
                0x080079f0                HAL_RCC_OscConfig
 .text.HAL_RCC_ClockConfig
                0x08007ef4      0x1d4 ./Drivers/STM32F1xx_HAL_Driver/Src/stm32f1xx_hal_rcc.o
                0x08007ef4                HAL_RCC_ClockConfig
 .text.HAL_RCC_GetSysClockFreq
                0x080080c8       0xa8 ./Drivers/STM32F1xx_HAL_Driver/Src/stm32f1xx_hal_rcc.o
                0x080080c8                HAL_RCC_GetSysClockFreq
 .text.HAL_RCC_GetHCLKFreq
                0x08008170       0x14 ./Drivers/STM32F1xx_HAL_Driver/Src/stm32f1xx_hal_rcc.o
                0x08008170                HAL_RCC_GetHCLKFreq
 .text.HAL_RCC_GetPCLK1Freq
                0x08008184       0x28 ./Drivers/STM32F1xx_HAL_Driver/Src/stm32f1xx_hal_rcc.o
                0x08008184                HAL_RCC_GetPCLK1Freq
 .text.HAL_RCC_GetPCLK2Freq
                0x080081ac       0x28 ./Drivers/STM32F1xx_HAL_Driver/Src/stm32f1xx_hal_rcc.o
                0x080081ac                HAL_RCC_GetPCLK2Freq
 .text.RCC_Delay
                0x080081d4       0x3c ./Drivers/STM32F1xx_HAL_Driver/Src/stm32f1xx_hal_rcc.o
 .text.HAL_TIM_Base_Init
                0x08008210       0x9e ./Drivers/STM32F1xx_HAL_Driver/Src/stm32f1xx_hal_tim.o
                0x08008210                HAL_TIM_Base_Init
 *fill*         0x080082ae        0x2 
 .text.HAL_TIM_Base_Start_IT
                0x080082b0       0xa4 ./Drivers/STM32F1xx_HAL_Driver/Src/stm32f1xx_hal_tim.o
                0x080082b0                HAL_TIM_Base_Start_IT
 .text.HAL_TIM_Encoder_Init
                0x08008354      0x144 ./Drivers/STM32F1xx_HAL_Driver/Src/stm32f1xx_hal_tim.o
                0x08008354                HAL_TIM_Encoder_Init
 .text.HAL_TIM_Encoder_Start
                0x08008498      0x11c ./Drivers/STM32F1xx_HAL_Driver/Src/stm32f1xx_hal_tim.o
                0x08008498                HAL_TIM_Encoder_Start
 .text.HAL_TIM_IRQHandler
                0x080085b4      0x1e0 ./Drivers/STM32F1xx_HAL_Driver/Src/stm32f1xx_hal_tim.o
                0x080085b4                HAL_TIM_IRQHandler
 .text.HAL_TIM_ConfigClockSource
                0x08008794      0x18e ./Drivers/STM32F1xx_HAL_Driver/Src/stm32f1xx_hal_tim.o
                0x08008794                HAL_TIM_ConfigClockSource
 .text.HAL_TIM_OC_DelayElapsedCallback
                0x08008922       0x12 ./Drivers/STM32F1xx_HAL_Driver/Src/stm32f1xx_hal_tim.o
                0x08008922                HAL_TIM_OC_DelayElapsedCallback
 .text.HAL_TIM_IC_CaptureCallback
                0x08008934       0x12 ./Drivers/STM32F1xx_HAL_Driver/Src/stm32f1xx_hal_tim.o
                0x08008934                HAL_TIM_IC_CaptureCallback
 .text.HAL_TIM_PWM_PulseFinishedCallback
                0x08008946       0x12 ./Drivers/STM32F1xx_HAL_Driver/Src/stm32f1xx_hal_tim.o
                0x08008946                HAL_TIM_PWM_PulseFinishedCallback
 .text.HAL_TIM_TriggerCallback
                0x08008958       0x12 ./Drivers/STM32F1xx_HAL_Driver/Src/stm32f1xx_hal_tim.o
                0x08008958                HAL_TIM_TriggerCallback
 *fill*         0x0800896a        0x2 
 .text.TIM_Base_SetConfig
                0x0800896c       0xdc ./Drivers/STM32F1xx_HAL_Driver/Src/stm32f1xx_hal_tim.o
                0x0800896c                TIM_Base_SetConfig
 .text.TIM_TI1_ConfigInputStage
                0x08008a48       0x5c ./Drivers/STM32F1xx_HAL_Driver/Src/stm32f1xx_hal_tim.o
 .text.TIM_TI2_ConfigInputStage
                0x08008aa4       0x5e ./Drivers/STM32F1xx_HAL_Driver/Src/stm32f1xx_hal_tim.o
 .text.TIM_ITRx_SetConfig
                0x08008b02       0x34 ./Drivers/STM32F1xx_HAL_Driver/Src/stm32f1xx_hal_tim.o
 .text.TIM_ETR_SetConfig
                0x08008b36       0x3e ./Drivers/STM32F1xx_HAL_Driver/Src/stm32f1xx_hal_tim.o
                0x08008b36                TIM_ETR_SetConfig
 .text.TIM_CCxChannelCmd
                0x08008b74       0x48 ./Drivers/STM32F1xx_HAL_Driver/Src/stm32f1xx_hal_tim.o
                0x08008b74                TIM_CCxChannelCmd
 .text.HAL_TIMEx_MasterConfigSynchronization
                0x08008bbc       0xbc ./Drivers/STM32F1xx_HAL_Driver/Src/stm32f1xx_hal_tim_ex.o
                0x08008bbc                HAL_TIMEx_MasterConfigSynchronization
 .text.HAL_TIMEx_CommutCallback
                0x08008c78       0x12 ./Drivers/STM32F1xx_HAL_Driver/Src/stm32f1xx_hal_tim_ex.o
                0x08008c78                HAL_TIMEx_CommutCallback
 .text.HAL_TIMEx_BreakCallback
                0x08008c8a       0x12 ./Drivers/STM32F1xx_HAL_Driver/Src/stm32f1xx_hal_tim_ex.o
                0x08008c8a                HAL_TIMEx_BreakCallback
 .text.HAL_UART_Init
                0x08008c9c       0xa0 ./Drivers/STM32F1xx_HAL_Driver/Src/stm32f1xx_hal_uart.o
                0x08008c9c                HAL_UART_Init
 .text.HAL_UART_Transmit_DMA
                0x08008d3c       0xe0 ./Drivers/STM32F1xx_HAL_Driver/Src/stm32f1xx_hal_uart.o
                0x08008d3c                HAL_UART_Transmit_DMA
 .text.HAL_UART_Receive_DMA
                0x08008e1c       0x4a ./Drivers/STM32F1xx_HAL_Driver/Src/stm32f1xx_hal_uart.o
                0x08008e1c                HAL_UART_Receive_DMA
 *fill*         0x08008e66        0x2 
 .text.HAL_UART_IRQHandler
                0x08008e68      0x524 ./Drivers/STM32F1xx_HAL_Driver/Src/stm32f1xx_hal_uart.o
                0x08008e68                HAL_UART_IRQHandler
 .text.HAL_UART_TxHalfCpltCallback
                0x0800938c       0x12 ./Drivers/STM32F1xx_HAL_Driver/Src/stm32f1xx_hal_uart.o
                0x0800938c                HAL_UART_TxHalfCpltCallback
 .text.HAL_UART_RxHalfCpltCallback
                0x0800939e       0x12 ./Drivers/STM32F1xx_HAL_Driver/Src/stm32f1xx_hal_uart.o
                0x0800939e                HAL_UART_RxHalfCpltCallback
 .text.HAL_UART_ErrorCallback
                0x080093b0       0x12 ./Drivers/STM32F1xx_HAL_Driver/Src/stm32f1xx_hal_uart.o
                0x080093b0                HAL_UART_ErrorCallback
 .text.HAL_UARTEx_RxEventCallback
                0x080093c2       0x16 ./Drivers/STM32F1xx_HAL_Driver/Src/stm32f1xx_hal_uart.o
                0x080093c2                HAL_UARTEx_RxEventCallback
 .text.UART_DMATransmitCplt
                0x080093d8       0x9a ./Drivers/STM32F1xx_HAL_Driver/Src/stm32f1xx_hal_uart.o
 .text.UART_DMATxHalfCplt
                0x08009472       0x1c ./Drivers/STM32F1xx_HAL_Driver/Src/stm32f1xx_hal_uart.o
 .text.UART_DMAReceiveCplt
                0x0800948e      0x12c ./Drivers/STM32F1xx_HAL_Driver/Src/stm32f1xx_hal_uart.o
 .text.UART_DMARxHalfCplt
                0x080095ba       0x3c ./Drivers/STM32F1xx_HAL_Driver/Src/stm32f1xx_hal_uart.o
 .text.UART_DMAError
                0x080095f6       0x94 ./Drivers/STM32F1xx_HAL_Driver/Src/stm32f1xx_hal_uart.o
 *fill*         0x0800968a        0x2 
 .text.UART_Start_Receive_DMA
                0x0800968c      0x134 ./Drivers/STM32F1xx_HAL_Driver/Src/stm32f1xx_hal_uart.o
                0x0800968c                UART_Start_Receive_DMA
 .text.UART_EndTxTransfer
                0x080097c0       0x4e ./Drivers/STM32F1xx_HAL_Driver/Src/stm32f1xx_hal_uart.o
 .text.UART_EndRxTransfer
                0x0800980e       0xc4 ./Drivers/STM32F1xx_HAL_Driver/Src/stm32f1xx_hal_uart.o
 .text.UART_DMAAbortOnError
                0x080098d2       0x28 ./Drivers/STM32F1xx_HAL_Driver/Src/stm32f1xx_hal_uart.o
 .text.UART_Transmit_IT
                0x080098fa       0x9e ./Drivers/STM32F1xx_HAL_Driver/Src/stm32f1xx_hal_uart.o
 .text.UART_EndTransmit_IT
                0x08009998       0x30 ./Drivers/STM32F1xx_HAL_Driver/Src/stm32f1xx_hal_uart.o
 .text.UART_Receive_IT
                0x080099c8      0x17c ./Drivers/STM32F1xx_HAL_Driver/Src/stm32f1xx_hal_uart.o
 .text.UART_SetConfig
                0x08009b44      0x11c ./Drivers/STM32F1xx_HAL_Driver/Src/stm32f1xx_hal_uart.o
 .text.realloc  0x08009c60       0x10 /opt/st/stm32cubeide_1.15.1/plugins/com.st.stm32cube.ide.mcu.externaltools.gnu-tools-for-stm32.12.3.rel1.linux64_1.0.100.202403111256/tools/bin/../lib/gcc/arm-none-eabi/12.3.1/../../../../arm-none-eabi/lib/thumb/v7-m/nofp/libc_nano.a(libc_a-realloc.o)
                0x08009c60                realloc
 .text._realloc_r
                0x08009c70       0x5c /opt/st/stm32cubeide_1.15.1/plugins/com.st.stm32cube.ide.mcu.externaltools.gnu-tools-for-stm32.12.3.rel1.linux64_1.0.100.202403111256/tools/bin/../lib/gcc/arm-none-eabi/12.3.1/../../../../arm-none-eabi/lib/thumb/v7-m/nofp/libc_nano.a(libc_a-reallocr.o)
                0x08009c70                _realloc_r
 .text.std      0x08009ccc       0x6c /opt/st/stm32cubeide_1.15.1/plugins/com.st.stm32cube.ide.mcu.externaltools.gnu-tools-for-stm32.12.3.rel1.linux64_1.0.100.202403111256/tools/bin/../lib/gcc/arm-none-eabi/12.3.1/../../../../arm-none-eabi/lib/thumb/v7-m/nofp/libc_nano.a(libc_a-findfp.o)
 .text.stdio_exit_handler
                0x08009d38       0x18 /opt/st/stm32cubeide_1.15.1/plugins/com.st.stm32cube.ide.mcu.externaltools.gnu-tools-for-stm32.12.3.rel1.linux64_1.0.100.202403111256/tools/bin/../lib/gcc/arm-none-eabi/12.3.1/../../../../arm-none-eabi/lib/thumb/v7-m/nofp/libc_nano.a(libc_a-findfp.o)
 .text.cleanup_stdio
                0x08009d50       0x40 /opt/st/stm32cubeide_1.15.1/plugins/com.st.stm32cube.ide.mcu.externaltools.gnu-tools-for-stm32.12.3.rel1.linux64_1.0.100.202403111256/tools/bin/../lib/gcc/arm-none-eabi/12.3.1/../../../../arm-none-eabi/lib/thumb/v7-m/nofp/libc_nano.a(libc_a-findfp.o)
 .text.global_stdio_init.part.0
                0x08009d90       0x3c /opt/st/stm32cubeide_1.15.1/plugins/com.st.stm32cube.ide.mcu.externaltools.gnu-tools-for-stm32.12.3.rel1.linux64_1.0.100.202403111256/tools/bin/../lib/gcc/arm-none-eabi/12.3.1/../../../../arm-none-eabi/lib/thumb/v7-m/nofp/libc_nano.a(libc_a-findfp.o)
 .text.__sfp_lock_acquire
                0x08009dcc        0xc /opt/st/stm32cubeide_1.15.1/plugins/com.st.stm32cube.ide.mcu.externaltools.gnu-tools-for-stm32.12.3.rel1.linux64_1.0.100.202403111256/tools/bin/../lib/gcc/arm-none-eabi/12.3.1/../../../../arm-none-eabi/lib/thumb/v7-m/nofp/libc_nano.a(libc_a-findfp.o)
                0x08009dcc                __sfp_lock_acquire
 .text.__sfp_lock_release
                0x08009dd8        0xc /opt/st/stm32cubeide_1.15.1/plugins/com.st.stm32cube.ide.mcu.externaltools.gnu-tools-for-stm32.12.3.rel1.linux64_1.0.100.202403111256/tools/bin/../lib/gcc/arm-none-eabi/12.3.1/../../../../arm-none-eabi/lib/thumb/v7-m/nofp/libc_nano.a(libc_a-findfp.o)
                0x08009dd8                __sfp_lock_release
 .text.__sinit  0x08009de4       0x30 /opt/st/stm32cubeide_1.15.1/plugins/com.st.stm32cube.ide.mcu.externaltools.gnu-tools-for-stm32.12.3.rel1.linux64_1.0.100.202403111256/tools/bin/../lib/gcc/arm-none-eabi/12.3.1/../../../../arm-none-eabi/lib/thumb/v7-m/nofp/libc_nano.a(libc_a-findfp.o)
                0x08009de4                __sinit
 .text._fwalk_sglue
                0x08009e14       0x3c /opt/st/stm32cubeide_1.15.1/plugins/com.st.stm32cube.ide.mcu.externaltools.gnu-tools-for-stm32.12.3.rel1.linux64_1.0.100.202403111256/tools/bin/../lib/gcc/arm-none-eabi/12.3.1/../../../../arm-none-eabi/lib/thumb/v7-m/nofp/libc_nano.a(libc_a-fwalk.o)
                0x08009e14                _fwalk_sglue
 .text.printf   0x08009e50       0x24 /opt/st/stm32cubeide_1.15.1/plugins/com.st.stm32cube.ide.mcu.externaltools.gnu-tools-for-stm32.12.3.rel1.linux64_1.0.100.202403111256/tools/bin/../lib/gcc/arm-none-eabi/12.3.1/../../../../arm-none-eabi/lib/thumb/v7-m/nofp/libc_nano.a(libc_a-printf.o)
                0x08009e50                printf
                0x08009e50                iprintf
 .text._puts_r  0x08009e74       0xaa /opt/st/stm32cubeide_1.15.1/plugins/com.st.stm32cube.ide.mcu.externaltools.gnu-tools-for-stm32.12.3.rel1.linux64_1.0.100.202403111256/tools/bin/../lib/gcc/arm-none-eabi/12.3.1/../../../../arm-none-eabi/lib/thumb/v7-m/nofp/libc_nano.a(libc_a-puts.o)
                0x08009e74                _puts_r
 *fill*         0x08009f1e        0x2 
 .text.puts     0x08009f20       0x10 /opt/st/stm32cubeide_1.15.1/plugins/com.st.stm32cube.ide.mcu.externaltools.gnu-tools-for-stm32.12.3.rel1.linux64_1.0.100.202403111256/tools/bin/../lib/gcc/arm-none-eabi/12.3.1/../../../../arm-none-eabi/lib/thumb/v7-m/nofp/libc_nano.a(libc_a-puts.o)
                0x08009f20                puts
 .text.__sread  0x08009f30       0x22 /opt/st/stm32cubeide_1.15.1/plugins/com.st.stm32cube.ide.mcu.externaltools.gnu-tools-for-stm32.12.3.rel1.linux64_1.0.100.202403111256/tools/bin/../lib/gcc/arm-none-eabi/12.3.1/../../../../arm-none-eabi/lib/thumb/v7-m/nofp/libc_nano.a(libc_a-stdio.o)
                0x08009f30                __sread
 .text.__swrite
                0x08009f52       0x38 /opt/st/stm32cubeide_1.15.1/plugins/com.st.stm32cube.ide.mcu.externaltools.gnu-tools-for-stm32.12.3.rel1.linux64_1.0.100.202403111256/tools/bin/../lib/gcc/arm-none-eabi/12.3.1/../../../../arm-none-eabi/lib/thumb/v7-m/nofp/libc_nano.a(libc_a-stdio.o)
                0x08009f52                __swrite
 .text.__sseek  0x08009f8a       0x24 /opt/st/stm32cubeide_1.15.1/plugins/com.st.stm32cube.ide.mcu.externaltools.gnu-tools-for-stm32.12.3.rel1.linux64_1.0.100.202403111256/tools/bin/../lib/gcc/arm-none-eabi/12.3.1/../../../../arm-none-eabi/lib/thumb/v7-m/nofp/libc_nano.a(libc_a-stdio.o)
                0x08009f8a                __sseek
 .text.__sclose
                0x08009fae        0x8 /opt/st/stm32cubeide_1.15.1/plugins/com.st.stm32cube.ide.mcu.externaltools.gnu-tools-for-stm32.12.3.rel1.linux64_1.0.100.202403111256/tools/bin/../lib/gcc/arm-none-eabi/12.3.1/../../../../arm-none-eabi/lib/thumb/v7-m/nofp/libc_nano.a(libc_a-stdio.o)
                0x08009fae                __sclose
 .text.__swbuf_r
                0x08009fb6       0x7c /opt/st/stm32cubeide_1.15.1/plugins/com.st.stm32cube.ide.mcu.externaltools.gnu-tools-for-stm32.12.3.rel1.linux64_1.0.100.202403111256/tools/bin/../lib/gcc/arm-none-eabi/12.3.1/../../../../arm-none-eabi/lib/thumb/v7-m/nofp/libc_nano.a(libc_a-wbuf.o)
                0x08009fb6                __swbuf_r
 *fill*         0x0800a032        0x2 
 .text.__swsetup_r
                0x0800a034       0xac /opt/st/stm32cubeide_1.15.1/plugins/com.st.stm32cube.ide.mcu.externaltools.gnu-tools-for-stm32.12.3.rel1.linux64_1.0.100.202403111256/tools/bin/../lib/gcc/arm-none-eabi/12.3.1/../../../../arm-none-eabi/lib/thumb/v7-m/nofp/libc_nano.a(libc_a-wsetup.o)
                0x0800a034                __swsetup_r
 .text.memset   0x0800a0e0       0x10 /opt/st/stm32cubeide_1.15.1/plugins/com.st.stm32cube.ide.mcu.externaltools.gnu-tools-for-stm32.12.3.rel1.linux64_1.0.100.202403111256/tools/bin/../lib/gcc/arm-none-eabi/12.3.1/../../../../arm-none-eabi/lib/thumb/v7-m/nofp/libc_nano.a(libc_a-memset.o)
                0x0800a0e0                memset
 .text._close_r
                0x0800a0f0       0x20 /opt/st/stm32cubeide_1.15.1/plugins/com.st.stm32cube.ide.mcu.externaltools.gnu-tools-for-stm32.12.3.rel1.linux64_1.0.100.202403111256/tools/bin/../lib/gcc/arm-none-eabi/12.3.1/../../../../arm-none-eabi/lib/thumb/v7-m/nofp/libc_nano.a(libc_a-closer.o)
                0x0800a0f0                _close_r
 .text._lseek_r
                0x0800a110       0x24 /opt/st/stm32cubeide_1.15.1/plugins/com.st.stm32cube.ide.mcu.externaltools.gnu-tools-for-stm32.12.3.rel1.linux64_1.0.100.202403111256/tools/bin/../lib/gcc/arm-none-eabi/12.3.1/../../../../arm-none-eabi/lib/thumb/v7-m/nofp/libc_nano.a(libc_a-lseekr.o)
                0x0800a110                _lseek_r
 .text._read_r  0x0800a134       0x24 /opt/st/stm32cubeide_1.15.1/plugins/com.st.stm32cube.ide.mcu.externaltools.gnu-tools-for-stm32.12.3.rel1.linux64_1.0.100.202403111256/tools/bin/../lib/gcc/arm-none-eabi/12.3.1/../../../../arm-none-eabi/lib/thumb/v7-m/nofp/libc_nano.a(libc_a-readr.o)
                0x0800a134                _read_r
 .text._write_r
                0x0800a158       0x24 /opt/st/stm32cubeide_1.15.1/plugins/com.st.stm32cube.ide.mcu.externaltools.gnu-tools-for-stm32.12.3.rel1.linux64_1.0.100.202403111256/tools/bin/../lib/gcc/arm-none-eabi/12.3.1/../../../../arm-none-eabi/lib/thumb/v7-m/nofp/libc_nano.a(libc_a-writer.o)
                0x0800a158                _write_r
 .text.__errno  0x0800a17c        0xc /opt/st/stm32cubeide_1.15.1/plugins/com.st.stm32cube.ide.mcu.externaltools.gnu-tools-for-stm32.12.3.rel1.linux64_1.0.100.202403111256/tools/bin/../lib/gcc/arm-none-eabi/12.3.1/../../../../arm-none-eabi/lib/thumb/v7-m/nofp/libc_nano.a(libc_a-errno.o)
                0x0800a17c                __errno
 .text.__libc_init_array
                0x0800a188       0x48 /opt/st/stm32cubeide_1.15.1/plugins/com.st.stm32cube.ide.mcu.externaltools.gnu-tools-for-stm32.12.3.rel1.linux64_1.0.100.202403111256/tools/bin/../lib/gcc/arm-none-eabi/12.3.1/../../../../arm-none-eabi/lib/thumb/v7-m/nofp/libc_nano.a(libc_a-init.o)
                0x0800a188                __libc_init_array
 .text.__retarget_lock_init_recursive
                0x0800a1d0        0x2 /opt/st/stm32cubeide_1.15.1/plugins/com.st.stm32cube.ide.mcu.externaltools.gnu-tools-for-stm32.12.3.rel1.linux64_1.0.100.202403111256/tools/bin/../lib/gcc/arm-none-eabi/12.3.1/../../../../arm-none-eabi/lib/thumb/v7-m/nofp/libc_nano.a(libc_a-lock.o)
                0x0800a1d0                __retarget_lock_init_recursive
 .text.__retarget_lock_acquire_recursive
                0x0800a1d2        0x2 /opt/st/stm32cubeide_1.15.1/plugins/com.st.stm32cube.ide.mcu.externaltools.gnu-tools-for-stm32.12.3.rel1.linux64_1.0.100.202403111256/tools/bin/../lib/gcc/arm-none-eabi/12.3.1/../../../../arm-none-eabi/lib/thumb/v7-m/nofp/libc_nano.a(libc_a-lock.o)
                0x0800a1d2                __retarget_lock_acquire_recursive
 .text.__retarget_lock_release_recursive
                0x0800a1d4        0x2 /opt/st/stm32cubeide_1.15.1/plugins/com.st.stm32cube.ide.mcu.externaltools.gnu-tools-for-stm32.12.3.rel1.linux64_1.0.100.202403111256/tools/bin/../lib/gcc/arm-none-eabi/12.3.1/../../../../arm-none-eabi/lib/thumb/v7-m/nofp/libc_nano.a(libc_a-lock.o)
                0x0800a1d4                __retarget_lock_release_recursive
 .text.memcpy   0x0800a1d6       0x1c /opt/st/stm32cubeide_1.15.1/plugins/com.st.stm32cube.ide.mcu.externaltools.gnu-tools-for-stm32.12.3.rel1.linux64_1.0.100.202403111256/tools/bin/../lib/gcc/arm-none-eabi/12.3.1/../../../../arm-none-eabi/lib/thumb/v7-m/nofp/libc_nano.a(libc_a-memcpy-stub.o)
                0x0800a1d6                memcpy
 *fill*         0x0800a1f2        0x2 
 .text._free_r  0x0800a1f4       0x90 /opt/st/stm32cubeide_1.15.1/plugins/com.st.stm32cube.ide.mcu.externaltools.gnu-tools-for-stm32.12.3.rel1.linux64_1.0.100.202403111256/tools/bin/../lib/gcc/arm-none-eabi/12.3.1/../../../../arm-none-eabi/lib/thumb/v7-m/nofp/libc_nano.a(libc_a-freer.o)
                0x0800a1f4                _free_r
 .text.sbrk_aligned
                0x0800a284       0x44 /opt/st/stm32cubeide_1.15.1/plugins/com.st.stm32cube.ide.mcu.externaltools.gnu-tools-for-stm32.12.3.rel1.linux64_1.0.100.202403111256/tools/bin/../lib/gcc/arm-none-eabi/12.3.1/../../../../arm-none-eabi/lib/thumb/v7-m/nofp/libc_nano.a(libc_a-mallocr.o)
 .text._malloc_r
                0x0800a2c8      0x100 /opt/st/stm32cubeide_1.15.1/plugins/com.st.stm32cube.ide.mcu.externaltools.gnu-tools-for-stm32.12.3.rel1.linux64_1.0.100.202403111256/tools/bin/../lib/gcc/arm-none-eabi/12.3.1/../../../../arm-none-eabi/lib/thumb/v7-m/nofp/libc_nano.a(libc_a-mallocr.o)
                0x0800a2c8                _malloc_r
 .text.__malloc_lock
                0x0800a3c8        0xc /opt/st/stm32cubeide_1.15.1/plugins/com.st.stm32cube.ide.mcu.externaltools.gnu-tools-for-stm32.12.3.rel1.linux64_1.0.100.202403111256/tools/bin/../lib/gcc/arm-none-eabi/12.3.1/../../../../arm-none-eabi/lib/thumb/v7-m/nofp/libc_nano.a(libc_a-mlock.o)
                0x0800a3c8                __malloc_lock
 .text.__malloc_unlock
                0x0800a3d4        0xc /opt/st/stm32cubeide_1.15.1/plugins/com.st.stm32cube.ide.mcu.externaltools.gnu-tools-for-stm32.12.3.rel1.linux64_1.0.100.202403111256/tools/bin/../lib/gcc/arm-none-eabi/12.3.1/../../../../arm-none-eabi/lib/thumb/v7-m/nofp/libc_nano.a(libc_a-mlock.o)
                0x0800a3d4                __malloc_unlock
 .text._malloc_usable_size_r
                0x0800a3e0       0x10 /opt/st/stm32cubeide_1.15.1/plugins/com.st.stm32cube.ide.mcu.externaltools.gnu-tools-for-stm32.12.3.rel1.linux64_1.0.100.202403111256/tools/bin/../lib/gcc/arm-none-eabi/12.3.1/../../../../arm-none-eabi/lib/thumb/v7-m/nofp/libc_nano.a(libc_a-msizer.o)
                0x0800a3e0                _malloc_usable_size_r
 .text.__sfputc_r
                0x0800a3f0       0x2a /opt/st/stm32cubeide_1.15.1/plugins/com.st.stm32cube.ide.mcu.externaltools.gnu-tools-for-stm32.12.3.rel1.linux64_1.0.100.202403111256/tools/bin/../lib/gcc/arm-none-eabi/12.3.1/../../../../arm-none-eabi/lib/thumb/v7-m/nofp/libc_nano.a(libc_a-nano-vfprintf.o)
 .text.__sfputs_r
                0x0800a41a       0x24 /opt/st/stm32cubeide_1.15.1/plugins/com.st.stm32cube.ide.mcu.externaltools.gnu-tools-for-stm32.12.3.rel1.linux64_1.0.100.202403111256/tools/bin/../lib/gcc/arm-none-eabi/12.3.1/../../../../arm-none-eabi/lib/thumb/v7-m/nofp/libc_nano.a(libc_a-nano-vfprintf.o)
                0x0800a41a                __sfputs_r
 *fill*         0x0800a43e        0x2 
 .text._vfprintf_r
                0x0800a440      0x230 /opt/st/stm32cubeide_1.15.1/plugins/com.st.stm32cube.ide.mcu.externaltools.gnu-tools-for-stm32.12.3.rel1.linux64_1.0.100.202403111256/tools/bin/../lib/gcc/arm-none-eabi/12.3.1/../../../../arm-none-eabi/lib/thumb/v7-m/nofp/libc_nano.a(libc_a-nano-vfprintf.o)
                0x0800a440                _vfiprintf_r
                0x0800a440                _vfprintf_r
 .text._printf_common
                0x0800a670       0xe4 /opt/st/stm32cubeide_1.15.1/plugins/com.st.stm32cube.ide.mcu.externaltools.gnu-tools-for-stm32.12.3.rel1.linux64_1.0.100.202403111256/tools/bin/../lib/gcc/arm-none-eabi/12.3.1/../../../../arm-none-eabi/lib/thumb/v7-m/nofp/libc_nano.a(libc_a-nano-vfprintf_i.o)
                0x0800a670                _printf_common
 .text._printf_i
                0x0800a754      0x240 /opt/st/stm32cubeide_1.15.1/plugins/com.st.stm32cube.ide.mcu.externaltools.gnu-tools-for-stm32.12.3.rel1.linux64_1.0.100.202403111256/tools/bin/../lib/gcc/arm-none-eabi/12.3.1/../../../../arm-none-eabi/lib/thumb/v7-m/nofp/libc_nano.a(libc_a-nano-vfprintf_i.o)
                0x0800a754                _printf_i
 .text.__sflush_r
                0x0800a994      0x100 /opt/st/stm32cubeide_1.15.1/plugins/com.st.stm32cube.ide.mcu.externaltools.gnu-tools-for-stm32.12.3.rel1.linux64_1.0.100.202403111256/tools/bin/../lib/gcc/arm-none-eabi/12.3.1/../../../../arm-none-eabi/lib/thumb/v7-m/nofp/libc_nano.a(libc_a-fflush.o)
                0x0800a994                __sflush_r
 .text._fflush_r
                0x0800aa94       0x50 /opt/st/stm32cubeide_1.15.1/plugins/com.st.stm32cube.ide.mcu.externaltools.gnu-tools-for-stm32.12.3.rel1.linux64_1.0.100.202403111256/tools/bin/../lib/gcc/arm-none-eabi/12.3.1/../../../../arm-none-eabi/lib/thumb/v7-m/nofp/libc_nano.a(libc_a-fflush.o)
                0x0800aa94                _fflush_r
 .text.__swhatbuf_r
                0x0800aae4       0x4a /opt/st/stm32cubeide_1.15.1/plugins/com.st.stm32cube.ide.mcu.externaltools.gnu-tools-for-stm32.12.3.rel1.linux64_1.0.100.202403111256/tools/bin/../lib/gcc/arm-none-eabi/12.3.1/../../../../arm-none-eabi/lib/thumb/v7-m/nofp/libc_nano.a(libc_a-makebuf.o)
                0x0800aae4                __swhatbuf_r
 .text.__smakebuf_r
                0x0800ab2e       0x78 /opt/st/stm32cubeide_1.15.1/plugins/com.st.stm32cube.ide.mcu.externaltools.gnu-tools-for-stm32.12.3.rel1.linux64_1.0.100.202403111256/tools/bin/../lib/gcc/arm-none-eabi/12.3.1/../../../../arm-none-eabi/lib/thumb/v7-m/nofp/libc_nano.a(libc_a-makebuf.o)
                0x0800ab2e                __smakebuf_r
 *fill*         0x0800aba6        0x2 
 .text._fstat_r
                0x0800aba8       0x24 /opt/st/stm32cubeide_1.15.1/plugins/com.st.stm32cube.ide.mcu.externaltools.gnu-tools-for-stm32.12.3.rel1.linux64_1.0.100.202403111256/tools/bin/../lib/gcc/arm-none-eabi/12.3.1/../../../../arm-none-eabi/lib/thumb/v7-m/nofp/libc_nano.a(libc_a-fstatr.o)
                0x0800aba8                _fstat_r
 .text._isatty_r
                0x0800abcc       0x20 /opt/st/stm32cubeide_1.15.1/plugins/com.st.stm32cube.ide.mcu.externaltools.gnu-tools-for-stm32.12.3.rel1.linux64_1.0.100.202403111256/tools/bin/../lib/gcc/arm-none-eabi/12.3.1/../../../../arm-none-eabi/lib/thumb/v7-m/nofp/libc_nano.a(libc_a-isattyr.o)
                0x0800abcc                _isatty_r
 .text._sbrk_r  0x0800abec       0x20 /opt/st/stm32cubeide_1.15.1/plugins/com.st.stm32cube.ide.mcu.externaltools.gnu-tools-for-stm32.12.3.rel1.linux64_1.0.100.202403111256/tools/bin/../lib/gcc/arm-none-eabi/12.3.1/../../../../arm-none-eabi/lib/thumb/v7-m/nofp/libc_nano.a(libc_a-sbrkr.o)
                0x0800abec                _sbrk_r
 .text.memchr   0x0800ac0c       0x1c /opt/st/stm32cubeide_1.15.1/plugins/com.st.stm32cube.ide.mcu.externaltools.gnu-tools-for-stm32.12.3.rel1.linux64_1.0.100.202403111256/tools/bin/../lib/gcc/arm-none-eabi/12.3.1/../../../../arm-none-eabi/lib/thumb/v7-m/nofp/libc_nano.a(libc_a-memchr-stub.o)
                0x0800ac0c                memchr
 *(.glue_7)
 .glue_7        0x0800ac28        0x0 linker stubs
 *(.glue_7t)
 .glue_7t       0x0800ac28        0x0 linker stubs
 *(.eh_frame)
 .eh_frame      0x0800ac28        0x0 /opt/st/stm32cubeide_1.15.1/plugins/com.st.stm32cube.ide.mcu.externaltools.gnu-tools-for-stm32.12.3.rel1.linux64_1.0.100.202403111256/tools/bin/../lib/gcc/arm-none-eabi/12.3.1/thumb/v7-m/nofp/crtbegin.o
 *(.init)
 .init          0x0800ac28        0x4 /opt/st/stm32cubeide_1.15.1/plugins/com.st.stm32cube.ide.mcu.externaltools.gnu-tools-for-stm32.12.3.rel1.linux64_1.0.100.202403111256/tools/bin/../lib/gcc/arm-none-eabi/12.3.1/thumb/v7-m/nofp/crti.o
                0x0800ac28                _init
 .init          0x0800ac2c        0x8 /opt/st/stm32cubeide_1.15.1/plugins/com.st.stm32cube.ide.mcu.externaltools.gnu-tools-for-stm32.12.3.rel1.linux64_1.0.100.202403111256/tools/bin/../lib/gcc/arm-none-eabi/12.3.1/thumb/v7-m/nofp/crtn.o
 *(.fini)
 .fini          0x0800ac34        0x4 /opt/st/stm32cubeide_1.15.1/plugins/com.st.stm32cube.ide.mcu.externaltools.gnu-tools-for-stm32.12.3.rel1.linux64_1.0.100.202403111256/tools/bin/../lib/gcc/arm-none-eabi/12.3.1/thumb/v7-m/nofp/crti.o
                0x0800ac34                _fini
 .fini          0x0800ac38        0x8 /opt/st/stm32cubeide_1.15.1/plugins/com.st.stm32cube.ide.mcu.externaltools.gnu-tools-for-stm32.12.3.rel1.linux64_1.0.100.202403111256/tools/bin/../lib/gcc/arm-none-eabi/12.3.1/thumb/v7-m/nofp/crtn.o
                0x0800ac40                        . = ALIGN (0x4)
                0x0800ac40                        _etext = .

.vfp11_veneer   0x0800ac40        0x0
 .vfp11_veneer  0x0800ac40        0x0 linker stubs

.v4_bx          0x0800ac40        0x0
 .v4_bx         0x0800ac40        0x0 linker stubs

.iplt           0x0800ac40        0x0
 .iplt          0x0800ac40        0x0 /opt/st/stm32cubeide_1.15.1/plugins/com.st.stm32cube.ide.mcu.externaltools.gnu-tools-for-stm32.12.3.rel1.linux64_1.0.100.202403111256/tools/bin/../lib/gcc/arm-none-eabi/12.3.1/thumb/v7-m/nofp/crtbegin.o

.rodata         0x0800ac40      0x5dc
                0x0800ac40                        . = ALIGN (0x4)
 *(.rodata)
 .rodata        0x0800ac40       0x3b ./Core/Src/BNO055.o
 *fill*         0x0800ac7b        0x1 
 .rodata        0x0800ac7c      0x1fd ./Core/Src/main.o
 *fill*         0x0800ae79        0x3 
 .rodata        0x0800ae7c      0x20a ./Core/Src/mainpp.o
 *(.rodata*)
 *fill*         0x0800b086        0x2 
 .rodata._ZN14rosserial_msgsL12REQUESTPARAME
                0x0800b088       0x1c ./Core/Src/mainpp.o
 .rodata._ZTVN3ros10SubscriberIN9krsbi202525BallPositionBasedOnCameraEvEE
                0x0800b0a4       0x18 ./Core/Src/mainpp.o
                0x0800b0a4                vtable for ros::Subscriber<krsbi2025::BallPositionBasedOnCamera, void>
 .rodata._ZTVN3ros11NodeHandle_I13STM32HardwareLi25ELi25ELi512ELi512EEE
                0x0800b0bc       0x14 ./Core/Src/mainpp.o
                0x0800b0bc                vtable for ros::NodeHandle_<STM32Hardware, 25, 25, 512, 512>
 .rodata._ZTVN9krsbi20255WheelE
                0x0800b0d0       0x18 ./Core/Src/mainpp.o
                0x0800b0d0                vtable for krsbi2025::Wheel
 .rodata._ZTVN9krsbi202525BallPositionBasedOnCameraE
                0x0800b0e8       0x18 ./Core/Src/mainpp.o
                0x0800b0e8                vtable for krsbi2025::BallPositionBasedOnCamera
 .rodata._ZTVN8std_msgs7Float32E
                0x0800b100       0x18 ./Core/Src/mainpp.o
                0x0800b100                vtable for std_msgs::Float32
 .rodata._ZTVN3ros11Subscriber_E
                0x0800b118       0x18 ./Core/Src/mainpp.o
                0x0800b118                vtable for ros::Subscriber_
 .rodata._ZTVN3ros15NodeHandleBase_E
                0x0800b130       0x14 ./Core/Src/mainpp.o
                0x0800b130                vtable for ros::NodeHandleBase_
 .rodata._ZTVN14rosserial_msgs20RequestParamResponseE
                0x0800b144       0x18 ./Core/Src/mainpp.o
                0x0800b144                vtable for rosserial_msgs::RequestParamResponse
 .rodata._ZTVN14rosserial_msgs3LogE
                0x0800b15c       0x18 ./Core/Src/mainpp.o
                0x0800b15c                vtable for rosserial_msgs::Log
 .rodata._ZTVN14rosserial_msgs9TopicInfoE
                0x0800b174       0x18 ./Core/Src/mainpp.o
                0x0800b174                vtable for rosserial_msgs::TopicInfo
 .rodata._ZTVN8std_msgs4TimeE
                0x0800b18c       0x18 ./Core/Src/mainpp.o
                0x0800b18c                vtable for std_msgs::Time
 .rodata._ZTVN3ros3MsgE
                0x0800b1a4       0x18 ./Core/Src/mainpp.o
                0x0800b1a4                vtable for ros::Msg
 .rodata.AHBPrescTable
                0x0800b1bc       0x10 ./Core/Src/system_stm32f1xx.o
                0x0800b1bc                AHBPrescTable
 .rodata.APBPrescTable
                0x0800b1cc        0x8 ./Core/Src/system_stm32f1xx.o
                0x0800b1cc                APBPrescTable
 .rodata.aPLLMULFactorTable.1
                0x0800b1d4       0x10 ./Drivers/STM32F1xx_HAL_Driver/Src/stm32f1xx_hal_rcc.o
 .rodata.aPredivFactorTable.0
                0x0800b1e4        0x2 ./Drivers/STM32F1xx_HAL_Driver/Src/stm32f1xx_hal_rcc.o
 .rodata._vfprintf_r.str1.1
                0x0800b1e6       0x11 /opt/st/stm32cubeide_1.15.1/plugins/com.st.stm32cube.ide.mcu.externaltools.gnu-tools-for-stm32.12.3.rel1.linux64_1.0.100.202403111256/tools/bin/../lib/gcc/arm-none-eabi/12.3.1/../../../../arm-none-eabi/lib/thumb/v7-m/nofp/libc_nano.a(libc_a-nano-vfprintf.o)
 .rodata._printf_i.str1.1
                0x0800b1f7       0x22 /opt/st/stm32cubeide_1.15.1/plugins/com.st.stm32cube.ide.mcu.externaltools.gnu-tools-for-stm32.12.3.rel1.linux64_1.0.100.202403111256/tools/bin/../lib/gcc/arm-none-eabi/12.3.1/../../../../arm-none-eabi/lib/thumb/v7-m/nofp/libc_nano.a(libc_a-nano-vfprintf_i.o)
                0x0800b21c                        . = ALIGN (0x4)
 *fill*         0x0800b219        0x3 

.ARM.extab      0x0800b21c        0x0
                0x0800b21c                        . = ALIGN (0x4)
 *(.ARM.extab* .gnu.linkonce.armextab.*)
                0x0800b21c                        . = ALIGN (0x4)

.ARM            0x0800b21c        0x8
                0x0800b21c                        . = ALIGN (0x4)
                0x0800b21c                        __exidx_start = .
 *(.ARM.exidx*)
 .ARM.exidx     0x0800b21c        0x8 /opt/st/stm32cubeide_1.15.1/plugins/com.st.stm32cube.ide.mcu.externaltools.gnu-tools-for-stm32.12.3.rel1.linux64_1.0.100.202403111256/tools/bin/../lib/gcc/arm-none-eabi/12.3.1/../../../../arm-none-eabi/lib/thumb/v7-m/nofp/libc_nano.a(libc_a-strlen.o)
                0x0800b224                        __exidx_end = .
                0x0800b224                        . = ALIGN (0x4)

.preinit_array  0x0800b224        0x0
                0x0800b224                        . = ALIGN (0x4)
                0x0800b224                        PROVIDE (__preinit_array_start = .)
 *(.preinit_array*)
                0x0800b224                        PROVIDE (__preinit_array_end = .)
                0x0800b224                        . = ALIGN (0x4)

.init_array     0x0800b224        0x8
                0x0800b224                        . = ALIGN (0x4)
                0x0800b224                        PROVIDE (__init_array_start = .)
 *(SORT_BY_NAME(.init_array.*))
 *(.init_array*)
 .init_array    0x0800b224        0x4 /opt/st/stm32cubeide_1.15.1/plugins/com.st.stm32cube.ide.mcu.externaltools.gnu-tools-for-stm32.12.3.rel1.linux64_1.0.100.202403111256/tools/bin/../lib/gcc/arm-none-eabi/12.3.1/thumb/v7-m/nofp/crtbegin.o
 .init_array    0x0800b228        0x4 ./Core/Src/mainpp.o
                0x0800b22c                        PROVIDE (__init_array_end = .)
                0x0800b22c                        . = ALIGN (0x4)

.fini_array     0x0800b22c        0x4
                0x0800b22c                        . = ALIGN (0x4)
                [!provide]                        PROVIDE (__fini_array_start = .)
 *(SORT_BY_NAME(.fini_array.*))
 *(.fini_array*)
 .fini_array    0x0800b22c        0x4 /opt/st/stm32cubeide_1.15.1/plugins/com.st.stm32cube.ide.mcu.externaltools.gnu-tools-for-stm32.12.3.rel1.linux64_1.0.100.202403111256/tools/bin/../lib/gcc/arm-none-eabi/12.3.1/thumb/v7-m/nofp/crtbegin.o
                [!provide]                        PROVIDE (__fini_array_end = .)
                0x0800b230                        . = ALIGN (0x4)
                0x0800b230                        _sidata = LOADADDR (.data)

.rel.dyn        0x0800b230        0x0
 .rel.iplt      0x0800b230        0x0 /opt/st/stm32cubeide_1.15.1/plugins/com.st.stm32cube.ide.mcu.externaltools.gnu-tools-for-stm32.12.3.rel1.linux64_1.0.100.202403111256/tools/bin/../lib/gcc/arm-none-eabi/12.3.1/thumb/v7-m/nofp/crtbegin.o

.data           0x20000000       0x74 load address 0x0800b230
                0x20000000                        . = ALIGN (0x4)
                0x20000000                        _sdata = .
 *(.data)
 *(.data*)
 .data.accelScale
                0x20000000        0x2 ./Core/Src/BNO055.o
                0x20000000                accelScale
 .data.angularRateScale
                0x20000002        0x2 ./Core/Src/BNO055.o
                0x20000002                angularRateScale
 .data.eulerScale
                0x20000004        0x2 ./Core/Src/BNO055.o
                0x20000004                eulerScale
 .data.magScale
                0x20000006        0x2 ./Core/Src/BNO055.o
                0x20000006                magScale
 .data.quaScale
                0x20000008        0x2 ./Core/Src/BNO055.o
                0x20000008                quaScale
 *fill*         0x2000000a        0x2 
 .data.SystemCoreClock
                0x2000000c        0x4 ./Core/Src/system_stm32f1xx.o
                0x2000000c                SystemCoreClock
 .data.uwTickPrio
                0x20000010        0x4 ./Drivers/STM32F1xx_HAL_Driver/Src/stm32f1xx_hal.o
                0x20000010                uwTickPrio
 .data.uwTickFreq
                0x20000014        0x1 ./Drivers/STM32F1xx_HAL_Driver/Src/stm32f1xx_hal.o
                0x20000014                uwTickFreq
 *fill*         0x20000015        0x3 
 .data.__sglue  0x20000018        0xc /opt/st/stm32cubeide_1.15.1/plugins/com.st.stm32cube.ide.mcu.externaltools.gnu-tools-for-stm32.12.3.rel1.linux64_1.0.100.202403111256/tools/bin/../lib/gcc/arm-none-eabi/12.3.1/../../../../arm-none-eabi/lib/thumb/v7-m/nofp/libc_nano.a(libc_a-findfp.o)
                0x20000018                __sglue
 .data._impure_ptr
                0x20000024        0x4 /opt/st/stm32cubeide_1.15.1/plugins/com.st.stm32cube.ide.mcu.externaltools.gnu-tools-for-stm32.12.3.rel1.linux64_1.0.100.202403111256/tools/bin/../lib/gcc/arm-none-eabi/12.3.1/../../../../arm-none-eabi/lib/thumb/v7-m/nofp/libc_nano.a(libc_a-impure.o)
                0x20000024                _impure_ptr
 .data._impure_data
                0x20000028       0x4c /opt/st/stm32cubeide_1.15.1/plugins/com.st.stm32cube.ide.mcu.externaltools.gnu-tools-for-stm32.12.3.rel1.linux64_1.0.100.202403111256/tools/bin/../lib/gcc/arm-none-eabi/12.3.1/../../../../arm-none-eabi/lib/thumb/v7-m/nofp/libc_nano.a(libc_a-impure.o)
                0x20000028                _impure_data
 *(.RamFunc)
 *(.RamFunc*)
                0x20000074                        . = ALIGN (0x4)
                0x20000074                        _edata = .

.igot.plt       0x20000074        0x0 load address 0x0800b2a4
 .igot.plt      0x20000074        0x0 /opt/st/stm32cubeide_1.15.1/plugins/com.st.stm32cube.ide.mcu.externaltools.gnu-tools-for-stm32.12.3.rel1.linux64_1.0.100.202403111256/tools/bin/../lib/gcc/arm-none-eabi/12.3.1/thumb/v7-m/nofp/crtbegin.o
                0x20000074                        . = ALIGN (0x4)

.bss            0x20000078      0xe08 load address 0x0800b2a4
                0x20000078                        _sbss = .
                0x20000078                        __bss_start__ = _sbss
 *(.bss)
 .bss           0x20000078       0x1c /opt/st/stm32cubeide_1.15.1/plugins/com.st.stm32cube.ide.mcu.externaltools.gnu-tools-for-stm32.12.3.rel1.linux64_1.0.100.202403111256/tools/bin/../lib/gcc/arm-none-eabi/12.3.1/thumb/v7-m/nofp/crtbegin.o
 *(.bss*)
 .bss.hi2c1     0x20000094       0x54 ./Core/Src/i2c.o
                0x20000094                hi2c1
 .bss._bno055_i2c_port
                0x200000e8        0x4 ./Core/Src/main.o
                0x200000e8                _bno055_i2c_port
 .bss.x         0x200000ec        0x4 ./Core/Src/main.o
                0x200000ec                x
 .bss.y         0x200000f0        0x4 ./Core/Src/main.o
                0x200000f0                y
 .bss.z         0x200000f4        0x4 ./Core/Src/main.o
                0x200000f4                z
 .bss.w         0x200000f8        0x4 ./Core/Src/main.o
                0x200000f8                w
 .bss.pidAx     0x200000fc       0x28 ./Core/Src/main.o
                0x200000fc                pidAx
 .bss.pidW      0x20000124       0x28 ./Core/Src/main.o
                0x20000124                pidW
 .bss.pid_ax    0x2000014c        0x4 ./Core/Src/main.o
                0x2000014c                pid_ax
 .bss.error_jrk
                0x20000150        0x4 ./Core/Src/main.o
                0x20000150                error_jrk
 .bss.error_sdt
                0x20000154        0x4 ./Core/Src/main.o
                0x20000154                error_sdt
 .bss.pid_w     0x20000158        0x4 ./Core/Src/main.o
                0x20000158                pid_w
 .bss.counterBNO
                0x2000015c        0x2 ./Core/Src/main.o
                0x2000015c                counterBNO
 .bss._ZZN13STM32Hardware5flushEvE5mutex
                0x2000015e        0x1 ./Core/Src/mainpp.o
                0x2000015e                STM32Hardware::flush()::mutex
 *fill*         0x2000015f        0x1 
 .bss.bno       0x20000160        0xc ./Core/Src/mainpp.o
                0x20000160                bno
 .bss.roda      0x2000016c       0x24 ./Core/Src/mainpp.o
                0x2000016c                roda
 .bss.camera    0x20000190       0x18 ./Core/Src/mainpp.o
                0x20000190                camera
 .bss.nh        0x200001a8      0x93c ./Core/Src/mainpp.o
                0x200001a8                nh
 .bss.float_msg
                0x20000ae4        0x8 ./Core/Src/mainpp.o
                0x20000ae4                float_msg
 .bss.pub       0x20000aec       0x14 ./Core/Src/mainpp.o
                0x20000aec                pub
 .bss.wheel_output
                0x20000b00       0x1c ./Core/Src/mainpp.o
                0x20000b00                wheel_output
 .bss.pub_outputControl
                0x20000b1c       0x14 ./Core/Src/mainpp.o
                0x20000b1c                pub_outputControl
 .bss.sub       0x20000b30       0x50 ./Core/Src/mainpp.o
                0x20000b30                sub
 .bss.derivative
                0x20000b80        0x4 ./Core/Src/pid.o
                0x20000b80                derivative
 .bss.__sbrk_heap_end
                0x20000b84        0x4 ./Core/Src/sysmem.o
 .bss.htim1     0x20000b88       0x48 ./Core/Src/tim.o
                0x20000b88                htim1
 .bss.htim2     0x20000bd0       0x48 ./Core/Src/tim.o
                0x20000bd0                htim2
 .bss.htim3     0x20000c18       0x48 ./Core/Src/tim.o
                0x20000c18                htim3
 .bss.huart2    0x20000c60       0x48 ./Core/Src/usart.o
                0x20000c60                huart2
 .bss.hdma_usart2_rx
                0x20000ca8       0x44 ./Core/Src/usart.o
                0x20000ca8                hdma_usart2_rx
 .bss.hdma_usart2_tx
                0x20000cec       0x44 ./Core/Src/usart.o
                0x20000cec                hdma_usart2_tx
 .bss.uwTick    0x20000d30        0x4 ./Drivers/STM32F1xx_HAL_Driver/Src/stm32f1xx_hal.o
                0x20000d30                uwTick
 .bss.__sf      0x20000d34      0x138 /opt/st/stm32cubeide_1.15.1/plugins/com.st.stm32cube.ide.mcu.externaltools.gnu-tools-for-stm32.12.3.rel1.linux64_1.0.100.202403111256/tools/bin/../lib/gcc/arm-none-eabi/12.3.1/../../../../arm-none-eabi/lib/thumb/v7-m/nofp/libc_nano.a(libc_a-findfp.o)
                0x20000d34                __sf
 .bss.__stdio_exit_handler
                0x20000e6c        0x4 /opt/st/stm32cubeide_1.15.1/plugins/com.st.stm32cube.ide.mcu.externaltools.gnu-tools-for-stm32.12.3.rel1.linux64_1.0.100.202403111256/tools/bin/../lib/gcc/arm-none-eabi/12.3.1/../../../../arm-none-eabi/lib/thumb/v7-m/nofp/libc_nano.a(libc_a-findfp.o)
                0x20000e6c                __stdio_exit_handler
 .bss.errno     0x20000e70        0x4 /opt/st/stm32cubeide_1.15.1/plugins/com.st.stm32cube.ide.mcu.externaltools.gnu-tools-for-stm32.12.3.rel1.linux64_1.0.100.202403111256/tools/bin/../lib/gcc/arm-none-eabi/12.3.1/../../../../arm-none-eabi/lib/thumb/v7-m/nofp/libc_nano.a(libc_a-reent.o)
                0x20000e70                errno
 .bss.__lock___malloc_recursive_mutex
                0x20000e74        0x1 /opt/st/stm32cubeide_1.15.1/plugins/com.st.stm32cube.ide.mcu.externaltools.gnu-tools-for-stm32.12.3.rel1.linux64_1.0.100.202403111256/tools/bin/../lib/gcc/arm-none-eabi/12.3.1/../../../../arm-none-eabi/lib/thumb/v7-m/nofp/libc_nano.a(libc_a-lock.o)
                0x20000e74                __lock___malloc_recursive_mutex
 .bss.__lock___sfp_recursive_mutex
                0x20000e75        0x1 /opt/st/stm32cubeide_1.15.1/plugins/com.st.stm32cube.ide.mcu.externaltools.gnu-tools-for-stm32.12.3.rel1.linux64_1.0.100.202403111256/tools/bin/../lib/gcc/arm-none-eabi/12.3.1/../../../../arm-none-eabi/lib/thumb/v7-m/nofp/libc_nano.a(libc_a-lock.o)
                0x20000e75                __lock___sfp_recursive_mutex
 *fill*         0x20000e76        0x2 
 .bss.__malloc_sbrk_start
                0x20000e78        0x4 /opt/st/stm32cubeide_1.15.1/plugins/com.st.stm32cube.ide.mcu.externaltools.gnu-tools-for-stm32.12.3.rel1.linux64_1.0.100.202403111256/tools/bin/../lib/gcc/arm-none-eabi/12.3.1/../../../../arm-none-eabi/lib/thumb/v7-m/nofp/libc_nano.a(libc_a-mallocr.o)
                0x20000e78                __malloc_sbrk_start
 .bss.__malloc_free_list
                0x20000e7c        0x4 /opt/st/stm32cubeide_1.15.1/plugins/com.st.stm32cube.ide.mcu.externaltools.gnu-tools-for-stm32.12.3.rel1.linux64_1.0.100.202403111256/tools/bin/../lib/gcc/arm-none-eabi/12.3.1/../../../../arm-none-eabi/lib/thumb/v7-m/nofp/libc_nano.a(libc_a-mallocr.o)
                0x20000e7c                __malloc_free_list
 *(COMMON)
                0x20000e80                        . = ALIGN (0x4)
                0x20000e80                        _ebss = .
                0x20000e80                        __bss_end__ = _ebss

._user_heap_stack
                0x20000e80      0x600 load address 0x0800b2a4
                0x20000e80                        . = ALIGN (0x8)
                [!provide]                        PROVIDE (end = .)
                0x20000e80                        PROVIDE (_end = .)
                0x20001080                        . = (. + _Min_Heap_Size)
 *fill*         0x20000e80      0x200 
                0x20001480                        . = (. + _Min_Stack_Size)
 *fill*         0x20001080      0x400 
                0x20001480                        . = ALIGN (0x8)

/DISCARD/
 libc.a(*)
 libm.a(*)
 libgcc.a(*)

.ARM.attributes
                0x00000000       0x29
 *(.ARM.attributes)
 .ARM.attributes
                0x00000000       0x1d /opt/st/stm32cubeide_1.15.1/plugins/com.st.stm32cube.ide.mcu.externaltools.gnu-tools-for-stm32.12.3.rel1.linux64_1.0.100.202403111256/tools/bin/../lib/gcc/arm-none-eabi/12.3.1/thumb/v7-m/nofp/crti.o
 .ARM.attributes
                0x0000001d       0x2d /opt/st/stm32cubeide_1.15.1/plugins/com.st.stm32cube.ide.mcu.externaltools.gnu-tools-for-stm32.12.3.rel1.linux64_1.0.100.202403111256/tools/bin/../lib/gcc/arm-none-eabi/12.3.1/thumb/v7-m/nofp/crtbegin.o
 .ARM.attributes
                0x0000004a       0x2d ./Core/Inc/ROS/time.o
 .ARM.attributes
                0x00000077       0x2d ./Core/Src/BNO055.o
 .ARM.attributes
                0x000000a4       0x2d ./Core/Src/dma.o
 .ARM.attributes
                0x000000d1       0x2d ./Core/Src/gpio.o
 .ARM.attributes
                0x000000fe       0x2d ./Core/Src/i2c.o
 .ARM.attributes
                0x0000012b       0x2d ./Core/Src/main.o
 .ARM.attributes
                0x00000158       0x2d ./Core/Src/mainpp.o
 .ARM.attributes
                0x00000185       0x2d ./Core/Src/motor.o
 .ARM.attributes
                0x000001b2       0x2d ./Core/Src/pid.o
 .ARM.attributes
                0x000001df       0x2d ./Core/Src/stm32f1xx_hal_msp.o
 .ARM.attributes
                0x0000020c       0x2d ./Core/Src/stm32f1xx_it.o
 .ARM.attributes
                0x00000239       0x2d ./Core/Src/syscalls.o
 .ARM.attributes
                0x00000266       0x2d ./Core/Src/sysmem.o
 .ARM.attributes
                0x00000293       0x2d ./Core/Src/system_stm32f1xx.o
 .ARM.attributes
                0x000002c0       0x2d ./Core/Src/tim.o
 .ARM.attributes
                0x000002ed       0x2d ./Core/Src/usart.o
 .ARM.attributes
                0x0000031a       0x21 ./Core/Startup/startup_stm32f103c8tx.o
 .ARM.attributes
                0x0000033b       0x2d ./Drivers/STM32F1xx_HAL_Driver/Src/stm32f1xx_hal.o
 .ARM.attributes
                0x00000368       0x2d ./Drivers/STM32F1xx_HAL_Driver/Src/stm32f1xx_hal_cortex.o
 .ARM.attributes
                0x00000395       0x2d ./Drivers/STM32F1xx_HAL_Driver/Src/stm32f1xx_hal_dma.o
 .ARM.attributes
                0x000003c2       0x2d ./Drivers/STM32F1xx_HAL_Driver/Src/stm32f1xx_hal_gpio.o
 .ARM.attributes
                0x000003ef       0x2d ./Drivers/STM32F1xx_HAL_Driver/Src/stm32f1xx_hal_i2c.o
 .ARM.attributes
                0x0000041c       0x2d ./Drivers/STM32F1xx_HAL_Driver/Src/stm32f1xx_hal_rcc.o
 .ARM.attributes
                0x00000449       0x2d ./Drivers/STM32F1xx_HAL_Driver/Src/stm32f1xx_hal_tim.o
 .ARM.attributes
                0x00000476       0x2d ./Drivers/STM32F1xx_HAL_Driver/Src/stm32f1xx_hal_tim_ex.o
 .ARM.attributes
                0x000004a3       0x2d ./Drivers/STM32F1xx_HAL_Driver/Src/stm32f1xx_hal_uart.o
 .ARM.attributes
                0x000004d0       0x2d /opt/st/stm32cubeide_1.15.1/plugins/com.st.stm32cube.ide.mcu.externaltools.gnu-tools-for-stm32.12.3.rel1.linux64_1.0.100.202403111256/tools/bin/../lib/gcc/arm-none-eabi/12.3.1/../../../../arm-none-eabi/lib/thumb/v7-m/nofp/libc_nano.a(libc_a-realloc.o)
 .ARM.attributes
                0x000004fd       0x2d /opt/st/stm32cubeide_1.15.1/plugins/com.st.stm32cube.ide.mcu.externaltools.gnu-tools-for-stm32.12.3.rel1.linux64_1.0.100.202403111256/tools/bin/../lib/gcc/arm-none-eabi/12.3.1/../../../../arm-none-eabi/lib/thumb/v7-m/nofp/libc_nano.a(libc_a-reallocr.o)
 .ARM.attributes
                0x0000052a       0x2d /opt/st/stm32cubeide_1.15.1/plugins/com.st.stm32cube.ide.mcu.externaltools.gnu-tools-for-stm32.12.3.rel1.linux64_1.0.100.202403111256/tools/bin/../lib/gcc/arm-none-eabi/12.3.1/../../../../arm-none-eabi/lib/thumb/v7-m/nofp/libc_nano.a(libc_a-findfp.o)
 .ARM.attributes
                0x00000557       0x2d /opt/st/stm32cubeide_1.15.1/plugins/com.st.stm32cube.ide.mcu.externaltools.gnu-tools-for-stm32.12.3.rel1.linux64_1.0.100.202403111256/tools/bin/../lib/gcc/arm-none-eabi/12.3.1/../../../../arm-none-eabi/lib/thumb/v7-m/nofp/libc_nano.a(libc_a-fwalk.o)
 .ARM.attributes
                0x00000584       0x2d /opt/st/stm32cubeide_1.15.1/plugins/com.st.stm32cube.ide.mcu.externaltools.gnu-tools-for-stm32.12.3.rel1.linux64_1.0.100.202403111256/tools/bin/../lib/gcc/arm-none-eabi/12.3.1/../../../../arm-none-eabi/lib/thumb/v7-m/nofp/libc_nano.a(libc_a-printf.o)
 .ARM.attributes
                0x000005b1       0x2d /opt/st/stm32cubeide_1.15.1/plugins/com.st.stm32cube.ide.mcu.externaltools.gnu-tools-for-stm32.12.3.rel1.linux64_1.0.100.202403111256/tools/bin/../lib/gcc/arm-none-eabi/12.3.1/../../../../arm-none-eabi/lib/thumb/v7-m/nofp/libc_nano.a(libc_a-puts.o)
 .ARM.attributes
                0x000005de       0x2d /opt/st/stm32cubeide_1.15.1/plugins/com.st.stm32cube.ide.mcu.externaltools.gnu-tools-for-stm32.12.3.rel1.linux64_1.0.100.202403111256/tools/bin/../lib/gcc/arm-none-eabi/12.3.1/../../../../arm-none-eabi/lib/thumb/v7-m/nofp/libc_nano.a(libc_a-stdio.o)
 .ARM.attributes
                0x0000060b       0x2d /opt/st/stm32cubeide_1.15.1/plugins/com.st.stm32cube.ide.mcu.externaltools.gnu-tools-for-stm32.12.3.rel1.linux64_1.0.100.202403111256/tools/bin/../lib/gcc/arm-none-eabi/12.3.1/../../../../arm-none-eabi/lib/thumb/v7-m/nofp/libc_nano.a(libc_a-wbuf.o)
 .ARM.attributes