Archive member included to satisfy reference by file (symbol)

/opt/st/stm32cubeide_1.15.1/plugins/com.st.stm32cube.ide.mcu.externaltools.gnu-tools-for-stm32.12.3.rel1.linux64_1.0.100.202403111256/tools/bin/../lib/gcc/arm-none-eabi/12.3.1/../../../../arm-none-eabi/lib/thumb/v7-m/nofp/libc_nano.a(libc_a-exit.o)
                              /opt/st/stm32cubeide_1.15.1/plugins/com.st.stm32cube.ide.mcu.externaltools.gnu-tools-for-stm32.12.3.rel1.linux64_1.0.100.202403111256/tools/bin/../lib/gcc/arm-none-eabi/12.3.1/../../../../arm-none-eabi/lib/thumb/v7-m/nofp/crt0.o (exit)
/opt/st/stm32cubeide_1.15.1/plugins/com.st.stm32cube.ide.mcu.externaltools.gnu-tools-for-stm32.12.3.rel1.linux64_1.0.100.202403111256/tools/bin/../lib/gcc/arm-none-eabi/12.3.1/../../../../arm-none-eabi/lib/thumb/v7-m/nofp/libc_nano.a(libc_a-realloc.o)
                              ./Core/Src/mainpp.o (realloc)
/opt/st/stm32cubeide_1.15.1/plugins/com.st.stm32cube.ide.mcu.externaltools.gnu-tools-for-stm32.12.3.rel1.linux64_1.0.100.202403111256/tools/bin/../lib/gcc/arm-none-eabi/12.3.1/../../../../arm-none-eabi/lib/thumb/v7-m/nofp/libc_nano.a(libc_a-reallocr.o)
                              /opt/st/stm32cubeide_1.15.1/plugins/com.st.stm32cube.ide.mcu.externaltools.gnu-tools-for-stm32.12.3.rel1.linux64_1.0.100.202403111256/tools/bin/../lib/gcc/arm-none-eabi/12.3.1/../../../../arm-none-eabi/lib/thumb/v7-m/nofp/libc_nano.a(libc_a-realloc.o) (_realloc_r)
/opt/st/stm32cubeide_1.15.1/plugins/com.st.stm32cube.ide.mcu.externaltools.gnu-tools-for-stm32.12.3.rel1.linux64_1.0.100.202403111256/tools/bin/../lib/gcc/arm-none-eabi/12.3.1/../../../../arm-none-eabi/lib/thumb/v7-m/nofp/libc_nano.a(libc_a-findfp.o)
                              /opt/st/stm32cubeide_1.15.1/plugins/com.st.stm32cube.ide.mcu.externaltools.gnu-tools-for-stm32.12.3.rel1.linux64_1.0.100.202403111256/tools/bin/../lib/gcc/arm-none-eabi/12.3.1/../../../../arm-none-eabi/lib/thumb/v7-m/nofp/libc_nano.a(libc_a-exit.o) (__stdio_exit_handler)
/opt/st/stm32cubeide_1.15.1/plugins/com.st.stm32cube.ide.mcu.externaltools.gnu-tools-for-stm32.12.3.rel1.linux64_1.0.100.202403111256/tools/bin/../lib/gcc/arm-none-eabi/12.3.1/../../../../arm-none-eabi/lib/thumb/v7-m/nofp/libc_nano.a(libc_a-fwalk.o)
                              /opt/st/stm32cubeide_1.15.1/plugins/com.st.stm32cube.ide.mcu.externaltools.gnu-tools-for-stm32.12.3.rel1.linux64_1.0.100.202403111256/tools/bin/../lib/gcc/arm-none-eabi/12.3.1/../../../../arm-none-eabi/lib/thumb/v7-m/nofp/libc_nano.a(libc_a-findfp.o) (_fwalk_sglue)
/opt/st/stm32cubeide_1.15.1/plugins/com.st.stm32cube.ide.mcu.externaltools.gnu-tools-for-stm32.12.3.rel1.linux64_1.0.100.202403111256/tools/bin/../lib/gcc/arm-none-eabi/12.3.1/../../../../arm-none-eabi/lib/thumb/v7-m/nofp/libc_nano.a(libc_a-stdio.o)
                              /opt/st/stm32cubeide_1.15.1/plugins/com.st.stm32cube.ide.mcu.externaltools.gnu-tools-for-stm32.12.3.rel1.linux64_1.0.100.202403111256/tools/bin/../lib/gcc/arm-none-eabi/12.3.1/../../../../arm-none-eabi/lib/thumb/v7-m/nofp/libc_nano.a(libc_a-findfp.o) (__sread)
/opt/st/stm32cubeide_1.15.1/plugins/com.st.stm32cube.ide.mcu.externaltools.gnu-tools-for-stm32.12.3.rel1.linux64_1.0.100.202403111256/tools/bin/../lib/gcc/arm-none-eabi/12.3.1/../../../../arm-none-eabi/lib/thumb/v7-m/nofp/libc_nano.a(libc_a-memset.o)
                              /opt/st/stm32cubeide_1.15.1/plugins/com.st.stm32cube.ide.mcu.externaltools.gnu-tools-for-stm32.12.3.rel1.linux64_1.0.100.202403111256/tools/bin/../lib/gcc/arm-none-eabi/12.3.1/../../../../arm-none-eabi/lib/thumb/v7-m/nofp/crt0.o (memset)
/opt/st/stm32cubeide_1.15.1/plugins/com.st.stm32cube.ide.mcu.externaltools.gnu-tools-for-stm32.12.3.rel1.linux64_1.0.100.202403111256/tools/bin/../lib/gcc/arm-none-eabi/12.3.1/../../../../arm-none-eabi/lib/thumb/v7-m/nofp/libc_nano.a(libc_a-closer.o)
                              /opt/st/stm32cubeide_1.15.1/plugins/com.st.stm32cube.ide.mcu.externaltools.gnu-tools-for-stm32.12.3.rel1.linux64_1.0.100.202403111256/tools/bin/../lib/gcc/arm-none-eabi/12.3.1/../../../../arm-none-eabi/lib/thumb/v7-m/nofp/libc_nano.a(libc_a-stdio.o) (_close_r)
/opt/st/stm32cubeide_1.15.1/plugins/com.st.stm32cube.ide.mcu.externaltools.gnu-tools-for-stm32.12.3.rel1.linux64_1.0.100.202403111256/tools/bin/../lib/gcc/arm-none-eabi/12.3.1/../../../../arm-none-eabi/lib/thumb/v7-m/nofp/libc_nano.a(libc_a-reent.o)
                              /opt/st/stm32cubeide_1.15.1/plugins/com.st.stm32cube.ide.mcu.externaltools.gnu-tools-for-stm32.12.3.rel1.linux64_1.0.100.202403111256/tools/bin/../lib/gcc/arm-none-eabi/12.3.1/../../../../arm-none-eabi/lib/thumb/v7-m/nofp/libc_nano.a(libc_a-closer.o) (errno)
/opt/st/stm32cubeide_1.15.1/plugins/com.st.stm32cube.ide.mcu.externaltools.gnu-tools-for-stm32.12.3.rel1.linux64_1.0.100.202403111256/tools/bin/../lib/gcc/arm-none-eabi/12.3.1/../../../../arm-none-eabi/lib/thumb/v7-m/nofp/libc_nano.a(libc_a-impure.o)
[...]
Memory Configuration

Name             Origin             Length             Attributes
RAM              0x20000000         0x00005000         xrw
FLASH            0x08000000         0x00010000         xr
*default*        0x00000000         0xffffffff

Linker script and memory map

LOAD /opt/st/stm32cubeide_1.15.1/plugins/com.st.stm32cube.ide.mcu.externaltools.gnu-tools-for-stm32.12.3.rel1.linux64_1.0.100.202403111256/tools/bin/../lib/gcc/arm-none-eabi/12.3.1/thumb/v7-m/nofp/crti.o
LOAD /opt/st/stm32cubeide_1.15.1/plugins/com.st.stm32cube.ide.mcu.externaltools.gnu-tools-for-stm32.12.3.rel1.linux64_1.0.100.202403111256/tools/bin/../lib/gcc/arm-none-eabi/12.3.1/thumb/v7-m/nofp/crtbegin.o
LOAD /opt/st/stm32cubeide_1.15.1/plugins/com.st.stm32cube.ide.mcu.externaltools.gnu-tools-for-stm32.12.3.rel1.linux64_1.0.100.202403111256/tools/bin/../lib/gcc/arm-none-eabi/12.3.1/../../../../arm-none-eabi/lib/thumb/v7-m/nofp/crt0.o
LOAD ./Core/Inc/ROS/duration.o
LOAD ./Core/Inc/ROS/time.o
LOAD ./Core/Src/dma.o
LOAD ./Core/Src/gpio.o
LOAD ./Core/Src/main.o
LOAD ./Core/Src/mainpp.o
LOAD ./Core/Src/stm32f1xx_hal_msp.o
LOAD ./Core/Src/stm32f1xx_it.o
LOAD ./Core/Src/syscalls.o
LOAD ./Core/Src/sysmem.o
LOAD ./Core/Src/system_stm32f1xx.o
LOAD ./Core/Src/tim.o
LOAD ./Core/Src/usart.o
LOAD ./Core/Startup/startup_stm32f103c8tx.o
LOAD ./Drivers/STM32F1xx_HAL_Driver/Src/stm32f1xx_hal.o
LOAD ./Drivers/STM32F1xx_HAL_Driver/Src/stm32f1xx_hal_cortex.o
LOAD ./Drivers/STM32F1xx_HAL_Driver/Src/stm32f1xx_hal_dma.o
LOAD ./Drivers/STM32F1xx_HAL_Driver/Src/stm32f1xx_hal_exti.o
LOAD ./Drivers/STM32F1xx_HAL_Driver/Src/stm32f1xx_hal_flash.o
LOAD ./Drivers/STM32F1xx_HAL_Driver/Src/stm32f1xx_hal_flash_ex.o
LOAD ./Drivers/STM32F1xx_HAL_Driver/Src/stm32f1xx_hal_gpio.o
LOAD ./Drivers/STM32F1xx_HAL_Driver/Src/stm32f1xx_hal_gpio_ex.o
LOAD ./Drivers/STM32F1xx_HAL_Driver/Src/stm32f1xx_hal_pwr.o
LOAD ./Drivers/STM32F1xx_HAL_Driver/Src/stm32f1xx_hal_rcc.o
LOAD ./Drivers/STM32F1xx_HAL_Driver/Src/stm32f1xx_hal_rcc_ex.o
LOAD ./Drivers/STM32F1xx_HAL_Driver/Src/stm32f1xx_hal_tim.o
LOAD ./Drivers/STM32F1xx_HAL_Driver/Src/stm32f1xx_hal_tim_ex.o
LOAD ./Drivers/STM32F1xx_HAL_Driver/Src/stm32f1xx_hal_uart.o
START GROUP
LOAD /opt/st/stm32cubeide_1.15.1/plugins/com.st.stm32cube.ide.mcu.externaltools.gnu-tools-for-stm32.12.3.rel1.linux64_1.0.100.202403111256/tools/bin/../lib/gcc/arm-none-eabi/12.3.1/../../../../arm-none-eabi/lib/thumb/v7-m/nofp/libstdc++_nano.a
LOAD /opt/st/stm32cubeide_1.15.1/plugins/com.st.stm32cube.ide.mcu.externaltools.gnu-tools-for-stm32.12.3.rel1.linux64_1.0.100.202403111256/tools/bin/../lib/gcc/arm-none-eabi/12.3.1/../../../../arm-none-eabi/lib/thumb/v7-m/nofp/libsupc++_nano.a
END GROUP
LOAD /opt/st/stm32cubeide_1.15.1/plugins/com.st.stm32cube.ide.mcu.externaltools.gnu-tools-for-stm32.12.3.rel1.linux64_1.0.100.202403111256/tools/bin/../lib/gcc/arm-none-eabi/12.3.1/../../../../arm-none-eabi/lib/thumb/v7-m/nofp/libstdc++_nano.a
LOAD /opt/st/stm32cubeide_1.15.1/plugins/com.st.stm32cube.ide.mcu.externaltools.gnu-tools-for-stm32.12.3.rel1.linux64_1.0.100.202403111256/tools/bin/../lib/gcc/arm-none-eabi/12.3.1/../../../../arm-none-eabi/lib/thumb/v7-m/nofp/libm.a
LOAD /opt/st/stm32cubeide_1.15.1/plugins/com.st.stm32cube.ide.mcu.externaltools.gnu-tools-for-stm32.12.3.rel1.linux64_1.0.100.202403111256/tools/bin/../lib/gcc/arm-none-eabi/12.3.1/../../../../arm-none-eabi/lib/thumb/v7-m/nofp/libc_nano.a
START GROUP
LOAD /opt/st/stm32cubeide_1.15.1/plugins/com.st.stm32cube.ide.mcu.externaltools.gnu-tools-for-stm32.12.3.rel1.linux64_1.0.100.202403111256/tools/bin/../lib/gcc/arm-none-eabi/12.3.1/thumb/v7-m/nofp/libgcc.a
LOAD /opt/st/stm32cubeide_1.15.1/plugins/com.st.stm32cube.ide.mcu.externaltools.gnu-tools-for-stm32.12.3.rel1.linux64_1.0.100.202403111256/tools/bin/../lib/gcc/arm-none-eabi/12.3.1/../../../../arm-none-eabi/lib/thumb/v7-m/nofp/libc_nano.a
END GROUP
START GROUP
LOAD /opt/st/stm32cubeide_1.15.1/plugins/com.st.stm32cube.ide.mcu.externaltools.gnu-tools-for-stm32.12.3.rel1.linux64_1.0.100.202403111256/tools/bin/../lib/gcc/arm-none-eabi/12.3.1/thumb/v7-m/nofp/libgcc.a
LOAD /opt/st/stm32cubeide_1.15.1/plugins/com.st.stm32cube.ide.mcu.externaltools.gnu-tools-for-stm32.12.3.rel1.linux64_1.0.100.202403111256/tools/bin/../lib/gcc/arm-none-eabi/12.3.1/../../../../arm-none-eabi/lib/thumb/v7-m/nofp/libc_nano.a
END GROUP
LOAD /opt/st/stm32cubeide_1.15.1/plugins/com.st.stm32cube.ide.mcu.externaltools.gnu-tools-for-stm32.12.3.rel1.linux64_1.0.100.202403111256/tools/bin/../lib/gcc/arm-none-eabi/12.3.1/thumb/v7-m/nofp/crtend.o
LOAD /opt/st/stm32cubeide_1.15.1/plugins/com.st.stm32cube.ide.mcu.externaltools.gnu-tools-for-stm32.12.3.rel1.linux64_1.0.100.202403111256/tools/bin/../lib/gcc/arm-none-eabi/12.3.1/thumb/v7-m/nofp/crtn.o
                0x20005000                        _estack = (ORIGIN (RAM) + LENGTH (RAM))
                0x00000200                        _Min_Heap_Size = 0x200
                0x00000400                        _Min_Stack_Size = 0x400

.isr_vector     0x08000000      0x10c
                0x08000000                        . = ALIGN (0x4)
 *(.isr_vector)
 .isr_vector    0x08000000      0x10c ./Core/Startup/startup_stm32f103c8tx.o
                0x08000000                g_pfnVectors
                0x0800010c                        . = ALIGN (0x4)

.text           0x0800010c     0x5370
                0x0800010c                        . = ALIGN (0x4)
 *(.text)
 .text          0x0800010c       0x40 /opt/st/stm32cubeide_1.15.1/plugins/com.st.stm32cube.ide.mcu.externaltools.gnu-tools-for-stm32.12.3.rel1.linux64_1.0.100.202403111256/tools/bin/../lib/gcc/arm-none-eabi/12.3.1/thumb/v7-m/nofp/crtbegin.o
 .text          0x0800014c       0x10 /opt/st/stm32cubeide_1.15.1/plugins/com.st.stm32cube.ide.mcu.externaltools.gnu-tools-for-stm32.12.3.rel1.linux64_1.0.100.202403111256/tools/bin/../lib/gcc/arm-none-eabi/12.3.1/../../../../arm-none-eabi/lib/thumb/v7-m/nofp/libc_nano.a(libc_a-strlen.o)
                0x0800014c                strlen
 *(.text*)
 .text._ZN3ros16normalizeSecNSecERmS0_
                0x0800015c       0x58 ./Core/Inc/ROS/time.o
                0x0800015c                ros::normalizeSecNSec(unsigned long&, unsigned long&)
 .text.MX_DMA_Init
                0x080001b4       0x4c ./Core/Src/dma.o
                0x080001b4                MX_DMA_Init
 .text.MX_GPIO_Init
                0x08000200       0x98 ./Core/Src/gpio.o
                0x08000200                MX_GPIO_Init
 .text.main     0x08000298       0x40 ./Core/Src/main.o
                0x08000298                main
 .text.SystemClock_Config
                0x080002d8       0x8a ./Core/Src/main.o
                0x080002d8                SystemClock_Config
 *fill*         0x08000362        0x2 
 .text.HAL_TIM_PeriodElapsedCallback
                0x08000364       0x90 ./Core/Src/main.o
                0x08000364                HAL_TIM_PeriodElapsedCallback
 .text.Error_Handler
                0x080003f4        0xc ./Core/Src/main.o
                0x080003f4                Error_Handler
 .text._ZN3ros4TimeC2Ev
                0x08000400       0x20 ./Core/Src/mainpp.o
                0x08000400                ros::Time::Time()
                0x08000400                ros::Time::Time()
 .text._ZN3ros3MsgC2Ev
                0x08000420       0x20 ./Core/Src/mainpp.o
                0x08000420                ros::Msg::Msg()
                0x08000420                ros::Msg::Msg()
 .text._ZN8std_msgs4TimeC2Ev
                0x08000440       0x30 ./Core/Src/mainpp.o
                0x08000440                std_msgs::Time::Time()
                0x08000440                std_msgs::Time::Time()
 .text._ZNK8std_msgs4Time9serializeEPh
                0x08000470       0xae ./Core/Src/mainpp.o
                0x08000470                std_msgs::Time::serialize(unsigned char*) const
 .text._ZN8std_msgs4Time11deserializeEPh
                0x0800051e       0xc6 ./Core/Src/mainpp.o
                0x0800051e                std_msgs::Time::deserialize(unsigned char*)
 .text._ZN8std_msgs4Time7getTypeEv
                0x080005e4       0x18 ./Core/Src/mainpp.o
                0x080005e4                std_msgs::Time::getType()
 .text._ZN8std_msgs4Time6getMD5Ev
                0x080005fc       0x18 ./Core/Src/mainpp.o
                0x080005fc                std_msgs::Time::getMD5()
 .text._ZN14rosserial_msgs9TopicInfoC2Ev
                0x08000614       0x48 ./Core/Src/mainpp.o
                0x08000614                rosserial_msgs::TopicInfo::TopicInfo()
                0x08000614                rosserial_msgs::TopicInfo::TopicInfo()
 .text._ZNK14rosserial_msgs9TopicInfo9serializeEPh
                0x0800065c      0x136 ./Core/Src/mainpp.o
                0x0800065c                rosserial_msgs::TopicInfo::serialize(unsigned char*) const
 .text._ZN14rosserial_msgs9TopicInfo11deserializeEPh
                0x08000792      0x1d0 ./Core/Src/mainpp.o
                0x08000792                rosserial_msgs::TopicInfo::deserialize(unsigned char*)
 *fill*         0x08000962        0x2 
 .text._ZN14rosserial_msgs9TopicInfo7getTypeEv
                0x08000964       0x18 ./Core/Src/mainpp.o
                0x08000964                rosserial_msgs::TopicInfo::getType()
 .text._ZN14rosserial_msgs9TopicInfo6getMD5Ev
                0x0800097c       0x18 ./Core/Src/mainpp.o
                0x0800097c                rosserial_msgs::TopicInfo::getMD5()
 .text._ZN14rosserial_msgs3LogC2Ev
                0x08000994       0x34 ./Core/Src/mainpp.o
                0x08000994                rosserial_msgs::Log::Log()
                0x08000994                rosserial_msgs::Log::Log()
 .text._ZNK14rosserial_msgs3Log9serializeEPh
                0x080009c8       0x64 ./Core/Src/mainpp.o
                0x080009c8                rosserial_msgs::Log::serialize(unsigned char*) const
 .text._ZN14rosserial_msgs3Log11deserializeEPh
                0x08000a2c       0x90 ./Core/Src/mainpp.o
                0x08000a2c                rosserial_msgs::Log::deserialize(unsigned char*)
 .text._ZN14rosserial_msgs3Log7getTypeEv
                0x08000abc       0x18 ./Core/Src/mainpp.o
                0x08000abc                rosserial_msgs::Log::getType()
 .text._ZN14rosserial_msgs3Log6getMD5Ev
                0x08000ad4       0x18 ./Core/Src/mainpp.o
                0x08000ad4                rosserial_msgs::Log::getMD5()
 .text._ZN14rosserial_msgs20RequestParamResponseC2Ev
                0x08000aec       0x5c ./Core/Src/mainpp.o
                0x08000aec                rosserial_msgs::RequestParamResponse::RequestParamResponse()
                0x08000aec                rosserial_msgs::RequestParamResponse::RequestParamResponse()
 .text._ZNK14rosserial_msgs20RequestParamResponse9serializeEPh
                0x08000b48      0x222 ./Core/Src/mainpp.o
                0x08000b48                rosserial_msgs::RequestParamResponse::serialize(unsigned char*) const
 .text._ZN14rosserial_msgs20RequestParamResponse11deserializeEPh
                0x08000d6a      0x2e2 ./Core/Src/mainpp.o
                0x08000d6a                rosserial_msgs::RequestParamResponse::deserialize(unsigned char*)
 .text._ZN14rosserial_msgs20RequestParamResponse7getTypeEv
                0x0800104c       0x18 ./Core/Src/mainpp.o
                0x0800104c                rosserial_msgs::RequestParamResponse::getType()
 .text._ZN14rosserial_msgs20RequestParamResponse6getMD5Ev
                0x08001064       0x18 ./Core/Src/mainpp.o
                0x08001064                rosserial_msgs::RequestParamResponse::getMD5()
 .text._ZN3ros9PublisherC2EPKcPNS_3MsgEi
                0x0800107c       0x2c ./Core/Src/mainpp.o
                0x0800107c                ros::Publisher::Publisher(char const*, ros::Msg*, int)
                0x0800107c                ros::Publisher::Publisher(char const*, ros::Msg*, int)
 .text._ZN3ros9Publisher7publishEPKNS_3MsgE
                0x080010a8       0x28 ./Core/Src/mainpp.o
                0x080010a8                ros::Publisher::publish(ros::Msg const*)
 .text._ZN3ros9Publisher15getEndpointTypeEv
                0x080010d0       0x16 ./Core/Src/mainpp.o
                0x080010d0                ros::Publisher::getEndpointType()
 .text._ZN13STM32Hardware10getRdmaIndEv
                0x080010e6       0x24 ./Core/Src/mainpp.o
                0x080010e6                STM32Hardware::getRdmaInd()
 *fill*         0x0800110a        0x2 
 .text._ZN13STM32HardwareC2Ev
                0x0800110c       0x38 ./Core/Src/mainpp.o
                0x0800110c                STM32Hardware::STM32Hardware()
                0x0800110c                STM32Hardware::STM32Hardware()
 .text._ZN13STM32Hardware4initEv
                0x08001144       0x16 ./Core/Src/mainpp.o
                0x08001144                STM32Hardware::init()
 .text._ZN13STM32Hardware10reset_rbufEv
                0x0800115a       0x22 ./Core/Src/mainpp.o
                0x0800115a                STM32Hardware::reset_rbuf()
 .text._ZN13STM32Hardware4readEv
                0x0800117c       0x5a ./Core/Src/mainpp.o
                0x0800117c                STM32Hardware::read()
 *fill*         0x080011d6        0x2 
 .text._ZN13STM32Hardware5flushEv
                0x080011d8       0xbc ./Core/Src/mainpp.o
                0x080011d8                STM32Hardware::flush()
 .text._ZN13STM32Hardware5writeEPhi
                0x08001294       0x8e ./Core/Src/mainpp.o
                0x08001294                STM32Hardware::write(unsigned char*, int)
 .text._ZN13STM32Hardware4timeEv
                0x08001322       0x16 ./Core/Src/mainpp.o
                0x08001322                STM32Hardware::time()
 .text._ZN8std_msgs6StringC2Ev
                0x08001338       0x30 ./Core/Src/mainpp.o
                0x08001338                std_msgs::String::String()
                0x08001338                std_msgs::String::String()
 .text._ZNK8std_msgs6String9serializeEPh
                0x08001368       0x52 ./Core/Src/mainpp.o
                0x08001368                std_msgs::String::serialize(unsigned char*) const
 .text._ZN8std_msgs6String11deserializeEPh
                0x080013ba       0x7e ./Core/Src/mainpp.o
                0x080013ba                std_msgs::String::deserialize(unsigned char*)
 .text._ZN8std_msgs6String7getTypeEv
                0x08001438       0x18 ./Core/Src/mainpp.o
                0x08001438                std_msgs::String::getType()
 .text._ZN8std_msgs6String6getMD5Ev
                0x08001450       0x18 ./Core/Src/mainpp.o
                0x08001450                std_msgs::String::getMD5()
 .text._ZN3ros15NodeHandleBase_C2Ev
                0x08001468       0x20 ./Core/Src/mainpp.o
                0x08001468                ros::NodeHandleBase_::NodeHandleBase_()
                0x08001468                ros::NodeHandleBase_::NodeHandleBase_()
 .text._ZN3ros11NodeHandle_I13STM32HardwareLi25ELi25ELi512ELi512EEC2Ev
                0x08001488       0xf0 ./Core/Src/mainpp.o
                0x08001488                ros::NodeHandle_<STM32Hardware, 25, 25, 512, 512>::NodeHandle_()
                0x08001488                ros::NodeHandle_<STM32Hardware, 25, 25, 512, 512>::NodeHandle_()
 .text.HAL_UART_TxCpltCallback
                0x08001578       0x30 ./Core/Src/mainpp.o
                0x08001578                HAL_UART_TxCpltCallback
 .text.HAL_UART_RxCpltCallback
                0x080015a8       0x30 ./Core/Src/mainpp.o
                0x080015a8                HAL_UART_RxCpltCallback
 .text.setup    0x080015d8       0x20 ./Core/Src/mainpp.o
                0x080015d8                setup
 .text.loop     0x080015f8       0x2c ./Core/Src/mainpp.o
                0x080015f8                loop
 .text._ZN3ros3Msg8varToArrIPhmEEvT_T0_
                0x08001624       0x3c ./Core/Src/mainpp.o
                0x08001624                void ros::Msg::varToArr<unsigned char*, unsigned long>(unsigned char*, unsigned long)
 .text._ZN3ros3Msg8arrToVarImPhEEvRT_T0_
                0x08001660       0x4a ./Core/Src/mainpp.o
                0x08001660                void ros::Msg::arrToVar<unsigned long, unsigned char*>(unsigned long&, unsigned char*)
 .text._ZN3ros11NodeHandle_I13STM32HardwareLi25ELi25ELi512ELi512EE11getHardwareEv
                0x080016aa       0x16 ./Core/Src/mainpp.o
                0x080016aa                ros::NodeHandle_<STM32Hardware, 25, 25, 512, 512>::getHardware()
 .text._ZN3ros11NodeHandle_I13STM32HardwareLi25ELi25ELi512ELi512EE8initNodeEv
                0x080016c0       0x3a ./Core/Src/mainpp.o
                0x080016c0                ros::NodeHandle_<STM32Hardware, 25, 25, 512, 512>::initNode()
 .text._ZN3ros11NodeHandle_I13STM32HardwareLi25ELi25ELi512ELi512EE9advertiseERNS_9PublisherE
                0x080016fa       0x5e ./Core/Src/mainpp.o
                0x080016fa                ros::NodeHandle_<STM32Hardware, 25, 25, 512, 512>::advertise(ros::Publisher&)
 .text._ZN3ros11NodeHandle_I13STM32HardwareLi25ELi25ELi512ELi512EE8spinOnceEv
                0x08001758      0x3b2 ./Core/Src/mainpp.o
                0x08001758                ros::NodeHandle_<STM32Hardware, 25, 25, 512, 512>::spinOnce()
 .text._ZN3ros11NodeHandle_I13STM32HardwareLi25ELi25ELi512ELi512EE15requestSyncTimeEv
                0x08001b0a       0x3c ./Core/Src/mainpp.o
                0x08001b0a                ros::NodeHandle_<STM32Hardware, 25, 25, 512, 512>::requestSyncTime()
 .text._ZN3ros11NodeHandle_I13STM32HardwareLi25ELi25ELi512ELi512EE15negotiateTopicsEv
                0x08001b46      0x1be ./Core/Src/mainpp.o
                0x08001b46                ros::NodeHandle_<STM32Hardware, 25, 25, 512, 512>::negotiateTopics()
 .text._ZN3ros11NodeHandle_I13STM32HardwareLi25ELi25ELi512ELi512EE8syncTimeEPh
                0x08001d04       0x98 ./Core/Src/mainpp.o
                0x08001d04                ros::NodeHandle_<STM32Hardware, 25, 25, 512, 512>::syncTime(unsigned char*)
 .text._ZN3ros11NodeHandle_I13STM32HardwareLi25ELi25ELi512ELi512EE7publishEiPKNS_3MsgE
                0x08001d9c      0x128 ./Core/Src/mainpp.o
                0x08001d9c                ros::NodeHandle_<STM32Hardware, 25, 25, 512, 512>::publish(int, ros::Msg const*)
 .text._ZN3ros11NodeHandle_I13STM32HardwareLi25ELi25ELi512ELi512EE6setNowERKNS_4TimeE
                0x08001ec4       0x80 ./Core/Src/mainpp.o
                0x08001ec4                ros::NodeHandle_<STM32Hardware, 25, 25, 512, 512>::setNow(ros::Time const&)
 .text._ZN3ros11NodeHandle_I13STM32HardwareLi25ELi25ELi512ELi512EE8logerrorEPKc
                0x08001f44       0x1c ./Core/Src/mainpp.o
                0x08001f44                ros::NodeHandle_<STM32Hardware, 25, 25, 512, 512>::logerror(char const*)
 .text._ZN3ros11NodeHandle_I13STM32HardwareLi25ELi25ELi512ELi512EE3logEcPKc
                0x08001f60       0x38 ./Core/Src/mainpp.o
                0x08001f60                ros::NodeHandle_<STM32Hardware, 25, 25, 512, 512>::log(char, char const*)
 .text._Z41__static_initialization_and_destruction_0ii
                0x08001f98       0x4c ./Core/Src/mainpp.o
 .text._ZN3ros11NodeHandle_I13STM32HardwareLi25ELi25ELi512ELi512EE9connectedEv
                0x08001fe4       0x18 ./Core/Src/mainpp.o
                0x08001fe4                ros::NodeHandle_<STM32Hardware, 25, 25, 512, 512>::connected()
 .text._GLOBAL__sub_I_nh
                0x08001ffc       0x10 ./Core/Src/mainpp.o
 .text.HAL_MspInit
                0x0800200c       0x64 ./Core/Src/stm32f1xx_hal_msp.o
                0x0800200c                HAL_MspInit
 .text.NMI_Handler
                0x08002070        0x8 ./Core/Src/stm32f1xx_it.o
                0x08002070                NMI_Handler
 .text.HardFault_Handler
                0x08002078        0x8 ./Core/Src/stm32f1xx_it.o
                0x08002078                HardFault_Handler
 .text.MemManage_Handler
                0x08002080        0x8 ./Core/Src/stm32f1xx_it.o
                0x08002080                MemManage_Handler
 .text.BusFault_Handler
                0x08002088        0x8 ./Core/Src/stm32f1xx_it.o
                0x08002088                BusFault_Handler
 .text.UsageFault_Handler
                0x08002090        0x8 ./Core/Src/stm32f1xx_it.o
                0x08002090                UsageFault_Handler
 .text.SVC_Handler
                0x08002098        0xc ./Core/Src/stm32f1xx_it.o
                0x08002098                SVC_Handler
 .text.DebugMon_Handler
                0x080020a4        0xc ./Core/Src/stm32f1xx_it.o
                0x080020a4                DebugMon_Handler
 .text.PendSV_Handler
                0x080020b0        0xc ./Core/Src/stm32f1xx_it.o
                0x080020b0                PendSV_Handler
 .text.SysTick_Handler
                0x080020bc        0xc ./Core/Src/stm32f1xx_it.o
                0x080020bc                SysTick_Handler
 .text.DMA1_Channel6_IRQHandler
                0x080020c8       0x14 ./Core/Src/stm32f1xx_it.o
                0x080020c8                DMA1_Channel6_IRQHandler
 .text.DMA1_Channel7_IRQHandler
                0x080020dc       0x14 ./Core/Src/stm32f1xx_it.o
                0x080020dc                DMA1_Channel7_IRQHandler
 .text.TIM1_BRK_IRQHandler
                0x080020f0       0x14 ./Core/Src/stm32f1xx_it.o
                0x080020f0                TIM1_BRK_IRQHandler
 .text.TIM1_UP_IRQHandler
                0x08002104       0x14 ./Core/Src/stm32f1xx_it.o
                0x08002104                TIM1_UP_IRQHandler
 .text.TIM1_TRG_COM_IRQHandler
                0x08002118       0x14 ./Core/Src/stm32f1xx_it.o
                0x08002118                TIM1_TRG_COM_IRQHandler
 .text.TIM1_CC_IRQHandler
                0x0800212c       0x14 ./Core/Src/stm32f1xx_it.o
                0x0800212c                TIM1_CC_IRQHandler
 .text.TIM2_IRQHandler
                0x08002140       0x14 ./Core/Src/stm32f1xx_it.o
                0x08002140                TIM2_IRQHandler
 .text.USART2_IRQHandler
                0x08002154       0x14 ./Core/Src/stm32f1xx_it.o
                0x08002154                USART2_IRQHandler
 .text._sbrk    0x08002168       0x6c ./Core/Src/sysmem.o
                0x08002168                _sbrk
 .text.SystemInit
                0x080021d4        0xc ./Core/Src/system_stm32f1xx.o
                0x080021d4                SystemInit
 .text.MX_TIM1_Init
                0x080021e0       0xa0 ./Core/Src/tim.o
                0x080021e0                MX_TIM1_Init
 .text.MX_TIM2_Init
                0x08002280       0x98 ./Core/Src/tim.o
                0x08002280                MX_TIM2_Init
 .text.HAL_TIM_Base_MspInit
                0x08002318       0xb0 ./Core/Src/tim.o
                0x08002318                HAL_TIM_Base_MspInit
 .text.MX_USART2_UART_Init
                0x080023c8       0x54 ./Core/Src/usart.o
                0x080023c8                MX_USART2_UART_Init
 .text.HAL_UART_MspInit
                0x0800241c      0x150 ./Core/Src/usart.o
                0x0800241c                HAL_UART_MspInit
 .text.Reset_Handler
                0x0800256c       0x48 ./Core/Startup/startup_stm32f103c8tx.o
                0x0800256c                Reset_Handler
 .text.Default_Handler
                0x080025b4        0x2 ./Core/Startup/startup_stm32f103c8tx.o
                0x080025b4                RTC_Alarm_IRQHandler
                0x080025b4                EXTI2_IRQHandler
                0x080025b4                PVD_IRQHandler
                0x080025b4                EXTI3_IRQHandler
                0x080025b4                EXTI0_IRQHandler
                0x080025b4                I2C2_EV_IRQHandler
                0x080025b4                ADC1_2_IRQHandler
                0x080025b4                SPI1_IRQHandler
                0x080025b4                TAMPER_IRQHandler
                0x080025b4                DMA1_Channel4_IRQHandler
                0x080025b4                USART3_IRQHandler
                0x080025b4                RTC_IRQHandler
                0x080025b4                CAN1_RX1_IRQHandler
                0x080025b4                TIM4_IRQHandler
                0x080025b4                I2C1_EV_IRQHandler
                0x080025b4                TIM3_IRQHandler
                0x080025b4                RCC_IRQHandler
                0x080025b4                DMA1_Channel1_IRQHandler
                0x080025b4                Default_Handler
                0x080025b4                EXTI15_10_IRQHandler
                0x080025b4                EXTI9_5_IRQHandler
                0x080025b4                SPI2_IRQHandler
                0x080025b4                DMA1_Channel5_IRQHandler
                0x080025b4                EXTI4_IRQHandler
                0x080025b4                USB_LP_CAN1_RX0_IRQHandler
                0x080025b4                USB_HP_CAN1_TX_IRQHandler
                0x080025b4                DMA1_Channel3_IRQHandler
                0x080025b4                WWDG_IRQHandler
                0x080025b4                EXTI1_IRQHandler
                0x080025b4                I2C2_ER_IRQHandler
                0x080025b4                DMA1_Channel2_IRQHandler
                0x080025b4                CAN1_SCE_IRQHandler
                0x080025b4                FLASH_IRQHandler
                0x080025b4                USART1_IRQHandler
                0x080025b4                I2C1_ER_IRQHandler
                0x080025b4                USBWakeUp_IRQHandler
 *fill*         0x080025b6        0x2 
 .text.HAL_Init
                0x080025b8       0x2c ./Drivers/STM32F1xx_HAL_Driver/Src/stm32f1xx_hal.o
                0x080025b8                HAL_Init
 .text.HAL_InitTick
                0x080025e4       0x60 ./Drivers/STM32F1xx_HAL_Driver/Src/stm32f1xx_hal.o
                0x080025e4                HAL_InitTick
 .text.HAL_IncTick
                0x08002644       0x24 ./Drivers/STM32F1xx_HAL_Driver/Src/stm32f1xx_hal.o
                0x08002644                HAL_IncTick
 .text.HAL_GetTick
                0x08002668       0x14 ./Drivers/STM32F1xx_HAL_Driver/Src/stm32f1xx_hal.o
                0x08002668                HAL_GetTick
 .text.HAL_Delay
                0x0800267c       0x48 ./Drivers/STM32F1xx_HAL_Driver/Src/stm32f1xx_hal.o
                0x0800267c                HAL_Delay
 .text.__NVIC_SetPriorityGrouping
                0x080026c4       0x48 ./Drivers/STM32F1xx_HAL_Driver/Src/stm32f1xx_hal_cortex.o
 .text.__NVIC_GetPriorityGrouping
                0x0800270c       0x1c ./Drivers/STM32F1xx_HAL_Driver/Src/stm32f1xx_hal_cortex.o
 .text.__NVIC_EnableIRQ
                0x08002728       0x38 ./Drivers/STM32F1xx_HAL_Driver/Src/stm32f1xx_hal_cortex.o
 .text.__NVIC_SetPriority
                0x08002760       0x54 ./Drivers/STM32F1xx_HAL_Driver/Src/stm32f1xx_hal_cortex.o
 .text.NVIC_EncodePriority
                0x080027b4       0x64 ./Drivers/STM32F1xx_HAL_Driver/Src/stm32f1xx_hal_cortex.o
 .text.SysTick_Config
                0x08002818       0x44 ./Drivers/STM32F1xx_HAL_Driver/Src/stm32f1xx_hal_cortex.o
 .text.HAL_NVIC_SetPriorityGrouping
                0x0800285c       0x16 ./Drivers/STM32F1xx_HAL_Driver/Src/stm32f1xx_hal_cortex.o
                0x0800285c                HAL_NVIC_SetPriorityGrouping
 .text.HAL_NVIC_SetPriority
                0x08002872       0x38 ./Drivers/STM32F1xx_HAL_Driver/Src/stm32f1xx_hal_cortex.o
                0x08002872                HAL_NVIC_SetPriority
 .text.HAL_NVIC_EnableIRQ
                0x080028aa       0x1c ./Drivers/STM32F1xx_HAL_Driver/Src/stm32f1xx_hal_cortex.o
                0x080028aa                HAL_NVIC_EnableIRQ
 .text.HAL_SYSTICK_Config
                0x080028c6       0x18 ./Drivers/STM32F1xx_HAL_Driver/Src/stm32f1xx_hal_cortex.o
                0x080028c6                HAL_SYSTICK_Config
 *fill*         0x080028de        0x2 
 .text.HAL_DMA_Init
                0x080028e0       0xb4 ./Drivers/STM32F1xx_HAL_Driver/Src/stm32f1xx_hal_dma.o
                0x080028e0                HAL_DMA_Init
 .text.HAL_DMA_Start_IT
                0x08002994       0xc0 ./Drivers/STM32F1xx_HAL_Driver/Src/stm32f1xx_hal_dma.o
                0x08002994                HAL_DMA_Start_IT
 .text.HAL_DMA_Abort
                0x08002a54       0x76 ./Drivers/STM32F1xx_HAL_Driver/Src/stm32f1xx_hal_dma.o
                0x08002a54                HAL_DMA_Abort
 *fill*         0x08002aca        0x2 
 .text.HAL_DMA_Abort_IT
                0x08002acc       0xf0 ./Drivers/STM32F1xx_HAL_Driver/Src/stm32f1xx_hal_dma.o
                0x08002acc                HAL_DMA_Abort_IT
 .text.HAL_DMA_IRQHandler
                0x08002bbc      0x20c ./Drivers/STM32F1xx_HAL_Driver/Src/stm32f1xx_hal_dma.o
                0x08002bbc                HAL_DMA_IRQHandler
 .text.DMA_SetConfig
                0x08002dc8       0x5a ./Drivers/STM32F1xx_HAL_Driver/Src/stm32f1xx_hal_dma.o
 *fill*         0x08002e22        0x2 
 .text.HAL_GPIO_Init
                0x08002e24      0x308 ./Drivers/STM32F1xx_HAL_Driver/Src/stm32f1xx_hal_gpio.o
                0x08002e24                HAL_GPIO_Init
 .text.HAL_GPIO_WritePin
                0x0800312c       0x30 ./Drivers/STM32F1xx_HAL_Driver/Src/stm32f1xx_hal_gpio.o
                0x0800312c                HAL_GPIO_WritePin
 .text.HAL_GPIO_TogglePin
                0x0800315c       0x32 ./Drivers/STM32F1xx_HAL_Driver/Src/stm32f1xx_hal_gpio.o
                0x0800315c                HAL_GPIO_TogglePin
 *fill*         0x0800318e        0x2 
 .text.HAL_RCC_OscConfig
                0x08003190      0x504 ./Drivers/STM32F1xx_HAL_Driver/Src/stm32f1xx_hal_rcc.o
                0x08003190                HAL_RCC_OscConfig
 .text.HAL_RCC_ClockConfig
                0x08003694      0x1d4 ./Drivers/STM32F1xx_HAL_Driver/Src/stm32f1xx_hal_rcc.o
                0x08003694                HAL_RCC_ClockConfig
 .text.HAL_RCC_GetSysClockFreq
                0x08003868       0xa8 ./Drivers/STM32F1xx_HAL_Driver/Src/stm32f1xx_hal_rcc.o
                0x08003868                HAL_RCC_GetSysClockFreq
 .text.HAL_RCC_GetHCLKFreq
                0x08003910       0x14 ./Drivers/STM32F1xx_HAL_Driver/Src/stm32f1xx_hal_rcc.o
                0x08003910                HAL_RCC_GetHCLKFreq
 .text.HAL_RCC_GetPCLK1Freq
                0x08003924       0x28 ./Drivers/STM32F1xx_HAL_Driver/Src/stm32f1xx_hal_rcc.o
                0x08003924                HAL_RCC_GetPCLK1Freq
 .text.HAL_RCC_GetPCLK2Freq
                0x0800394c       0x28 ./Drivers/STM32F1xx_HAL_Driver/Src/stm32f1xx_hal_rcc.o
                0x0800394c                HAL_RCC_GetPCLK2Freq
 .text.RCC_Delay
                0x08003974       0x3c ./Drivers/STM32F1xx_HAL_Driver/Src/stm32f1xx_hal_rcc.o
 .text.HAL_TIM_Base_Init
                0x080039b0       0x9e ./Drivers/STM32F1xx_HAL_Driver/Src/stm32f1xx_hal_tim.o
                0x080039b0                HAL_TIM_Base_Init
 *fill*         0x08003a4e        0x2 
 .text.HAL_TIM_Base_Start_IT
                0x08003a50       0xa4 ./Drivers/STM32F1xx_HAL_Driver/Src/stm32f1xx_hal_tim.o
                0x08003a50                HAL_TIM_Base_Start_IT
 .text.HAL_TIM_IRQHandler
                0x08003af4      0x1e0 ./Drivers/STM32F1xx_HAL_Driver/Src/stm32f1xx_hal_tim.o
                0x08003af4                HAL_TIM_IRQHandler
 .text.HAL_TIM_ConfigClockSource
                0x08003cd4      0x18e ./Drivers/STM32F1xx_HAL_Driver/Src/stm32f1xx_hal_tim.o
                0x08003cd4                HAL_TIM_ConfigClockSource
 .text.HAL_TIM_OC_DelayElapsedCallback
                0x08003e62       0x12 ./Drivers/STM32F1xx_HAL_Driver/Src/stm32f1xx_hal_tim.o
                0x08003e62                HAL_TIM_OC_DelayElapsedCallback
 .text.HAL_TIM_IC_CaptureCallback
                0x08003e74       0x12 ./Drivers/STM32F1xx_HAL_Driver/Src/stm32f1xx_hal_tim.o
                0x08003e74                HAL_TIM_IC_CaptureCallback
 .text.HAL_TIM_PWM_PulseFinishedCallback
                0x08003e86       0x12 ./Drivers/STM32F1xx_HAL_Driver/Src/stm32f1xx_hal_tim.o
                0x08003e86                HAL_TIM_PWM_PulseFinishedCallback
 .text.HAL_TIM_TriggerCallback
                0x08003e98       0x12 ./Drivers/STM32F1xx_HAL_Driver/Src/stm32f1xx_hal_tim.o
                0x08003e98                HAL_TIM_TriggerCallback
 *fill*         0x08003eaa        0x2 
 .text.TIM_Base_SetConfig
                0x08003eac       0xdc ./Drivers/STM32F1xx_HAL_Driver/Src/stm32f1xx_hal_tim.o
                0x08003eac                TIM_Base_SetConfig
 .text.TIM_TI1_ConfigInputStage
                0x08003f88       0x5c ./Drivers/STM32F1xx_HAL_Driver/Src/stm32f1xx_hal_tim.o
 .text.TIM_TI2_ConfigInputStage
                0x08003fe4       0x5e ./Drivers/STM32F1xx_HAL_Driver/Src/stm32f1xx_hal_tim.o
 .text.TIM_ITRx_SetConfig
                0x08004042       0x34 ./Drivers/STM32F1xx_HAL_Driver/Src/stm32f1xx_hal_tim.o
 .text.TIM_ETR_SetConfig
                0x08004076       0x3e ./Drivers/STM32F1xx_HAL_Driver/Src/stm32f1xx_hal_tim.o
                0x08004076                TIM_ETR_SetConfig
 .text.HAL_TIMEx_MasterConfigSynchronization
                0x080040b4       0xbc ./Drivers/STM32F1xx_HAL_Driver/Src/stm32f1xx_hal_tim_ex.o
                0x080040b4                HAL_TIMEx_MasterConfigSynchronization
 .text.HAL_TIMEx_CommutCallback
                0x08004170       0x12 ./Drivers/STM32F1xx_HAL_Driver/Src/stm32f1xx_hal_tim_ex.o
                0x08004170                HAL_TIMEx_CommutCallback
 .text.HAL_TIMEx_BreakCallback
                0x08004182       0x12 ./Drivers/STM32F1xx_HAL_Driver/Src/stm32f1xx_hal_tim_ex.o
                0x08004182                HAL_TIMEx_BreakCallback
 .text.HAL_UART_Init
                0x08004194       0xa0 ./Drivers/STM32F1xx_HAL_Driver/Src/stm32f1xx_hal_uart.o
                0x08004194                HAL_UART_Init
 .text.HAL_UART_Transmit_DMA
                0x08004234       0xe0 ./Drivers/STM32F1xx_HAL_Driver/Src/stm32f1xx_hal_uart.o
                0x08004234                HAL_UART_Transmit_DMA
 .text.HAL_UART_Receive_DMA
                0x08004314       0x4a ./Drivers/STM32F1xx_HAL_Driver/Src/stm32f1xx_hal_uart.o
                0x08004314                HAL_UART_Receive_DMA
 *fill*         0x0800435e        0x2 
 .text.HAL_UART_IRQHandler
                0x08004360      0x524 ./Drivers/STM32F1xx_HAL_Driver/Src/stm32f1xx_hal_uart.o
                0x08004360                HAL_UART_IRQHandler
 .text.HAL_UART_TxHalfCpltCallback
                0x08004884       0x12 ./Drivers/STM32F1xx_HAL_Driver/Src/stm32f1xx_hal_uart.o
                0x08004884                HAL_UART_TxHalfCpltCallback
 .text.HAL_UART_RxHalfCpltCallback
                0x08004896       0x12 ./Drivers/STM32F1xx_HAL_Driver/Src/stm32f1xx_hal_uart.o
                0x08004896                HAL_UART_RxHalfCpltCallback
 .text.HAL_UART_ErrorCallback
                0x080048a8       0x12 ./Drivers/STM32F1xx_HAL_Driver/Src/stm32f1xx_hal_uart.o
                0x080048a8                HAL_UART_ErrorCallback
 .text.HAL_UARTEx_RxEventCallback
                0x080048ba       0x16 ./Drivers/STM32F1xx_HAL_Driver/Src/stm32f1xx_hal_uart.o
                0x080048ba                HAL_UARTEx_RxEventCallback
 .text.UART_DMATransmitCplt
                0x080048d0       0x9a ./Drivers/STM32F1xx_HAL_Driver/Src/stm32f1xx_hal_uart.o
 .text.UART_DMATxHalfCplt
                0x0800496a       0x1c ./Drivers/STM32F1xx_HAL_Driver/Src/stm32f1xx_hal_uart.o
 .text.UART_DMAReceiveCplt
                0x08004986      0x12c ./Drivers/STM32F1xx_HAL_Driver/Src/stm32f1xx_hal_uart.o
 .text.UART_DMARxHalfCplt
                0x08004ab2       0x3c ./Drivers/STM32F1xx_HAL_Driver/Src/stm32f1xx_hal_uart.o
 .text.UART_DMAError
                0x08004aee       0x94 ./Drivers/STM32F1xx_HAL_Driver/Src/stm32f1xx_hal_uart.o
 *fill*         0x08004b82        0x2 
 .text.UART_Start_Receive_DMA
                0x08004b84      0x134 ./Drivers/STM32F1xx_HAL_Driver/Src/stm32f1xx_hal_uart.o
                0x08004b84                UART_Start_Receive_DMA
 .text.UART_EndTxTransfer
                0x08004cb8       0x4e ./Drivers/STM32F1xx_HAL_Driver/Src/stm32f1xx_hal_uart.o
 .text.UART_EndRxTransfer
                0x08004d06       0xc4 ./Drivers/STM32F1xx_HAL_Driver/Src/stm32f1xx_hal_uart.o
 .text.UART_DMAAbortOnError
                0x08004dca       0x28 ./Drivers/STM32F1xx_HAL_Driver/Src/stm32f1xx_hal_uart.o
 .text.UART_Transmit_IT
                0x08004df2       0x9e ./Drivers/STM32F1xx_HAL_Driver/Src/stm32f1xx_hal_uart.o
 .text.UART_EndTransmit_IT
                0x08004e90       0x30 ./Drivers/STM32F1xx_HAL_Driver/Src/stm32f1xx_hal_uart.o
 .text.UART_Receive_IT
                0x08004ec0      0x17c ./Drivers/STM32F1xx_HAL_Driver/Src/stm32f1xx_hal_uart.o
 .text.UART_SetConfig
                0x0800503c      0x11c ./Drivers/STM32F1xx_HAL_Driver/Src/stm32f1xx_hal_uart.o
 .text.realloc  0x08005158       0x10 /opt/st/stm32cubeide_1.15.1/plugins/com.st.stm32cube.ide.mcu.externaltools.gnu-tools-for-stm32.12.3.rel1.linux64_1.0.100.202403111256/tools/bin/../lib/gcc/arm-none-eabi/12.3.1/../../../../arm-none-eabi/lib/thumb/v7-m/nofp/libc_nano.a(libc_a-realloc.o)
                0x08005158                realloc
 .text._realloc_r
                0x08005168       0x5c /opt/st/stm32cubeide_1.15.1/plugins/com.st.stm32cube.ide.mcu.externaltools.gnu-tools-for-stm32.12.3.rel1.linux64_1.0.100.202403111256/tools/bin/../lib/gcc/arm-none-eabi/12.3.1/../../../../arm-none-eabi/lib/thumb/v7-m/nofp/libc_nano.a(libc_a-reallocr.o)
                0x08005168                _realloc_r
 .text.memset   0x080051c4       0x10 /opt/st/stm32cubeide_1.15.1/plugins/com.st.stm32cube.ide.mcu.externaltools.gnu-tools-for-stm32.12.3.rel1.linux64_1.0.100.202403111256/tools/bin/../lib/gcc/arm-none-eabi/12.3.1/../../../../arm-none-eabi/lib/thumb/v7-m/nofp/libc_nano.a(libc_a-memset.o)
                0x080051c4                memset
 .text.__errno  0x080051d4        0xc /opt/st/stm32cubeide_1.15.1/plugins/com.st.stm32cube.ide.mcu.externaltools.gnu-tools-for-stm32.12.3.rel1.linux64_1.0.100.202403111256/tools/bin/../lib/gcc/arm-none-eabi/12.3.1/../../../../arm-none-eabi/lib/thumb/v7-m/nofp/libc_nano.a(libc_a-errno.o)
                0x080051d4                __errno
 .text.__libc_init_array
                0x080051e0       0x48 /opt/st/stm32cubeide_1.15.1/plugins/com.st.stm32cube.ide.mcu.externaltools.gnu-tools-for-stm32.12.3.rel1.linux64_1.0.100.202403111256/tools/bin/../lib/gcc/arm-none-eabi/12.3.1/../../../../arm-none-eabi/lib/thumb/v7-m/nofp/libc_nano.a(libc_a-init.o)
                0x080051e0                __libc_init_array
 .text.__retarget_lock_acquire_recursive
                0x08005228        0x2 /opt/st/stm32cubeide_1.15.1/plugins/com.st.stm32cube.ide.mcu.externaltools.gnu-tools-for-stm32.12.3.rel1.linux64_1.0.100.202403111256/tools/bin/../lib/gcc/arm-none-eabi/12.3.1/../../../../arm-none-eabi/lib/thumb/v7-m/nofp/libc_nano.a(libc_a-lock.o)
                0x08005228                __retarget_lock_acquire_recursive
 .text.__retarget_lock_release_recursive
                0x0800522a        0x2 /opt/st/stm32cubeide_1.15.1/plugins/com.st.stm32cube.ide.mcu.externaltools.gnu-tools-for-stm32.12.3.rel1.linux64_1.0.100.202403111256/tools/bin/../lib/gcc/arm-none-eabi/12.3.1/../../../../arm-none-eabi/lib/thumb/v7-m/nofp/libc_nano.a(libc_a-lock.o)
                0x0800522a                __retarget_lock_release_recursive
 .text.memcpy   0x0800522c       0x1c /opt/st/stm32cubeide_1.15.1/plugins/com.st.stm32cube.ide.mcu.externaltools.gnu-tools-for-stm32.12.3.rel1.linux64_1.0.100.202403111256/tools/bin/../lib/gcc/arm-none-eabi/12.3.1/../../../../arm-none-eabi/lib/thumb/v7-m/nofp/libc_nano.a(libc_a-memcpy-stub.o)
                0x0800522c                memcpy
 .text._free_r  0x08005248       0x90 /opt/st/stm32cubeide_1.15.1/plugins/com.st.stm32cube.ide.mcu.externaltools.gnu-tools-for-stm32.12.3.rel1.linux64_1.0.100.202403111256/tools/bin/../lib/gcc/arm-none-eabi/12.3.1/../../../../arm-none-eabi/lib/thumb/v7-m/nofp/libc_nano.a(libc_a-freer.o)
                0x08005248                _free_r
 .text.sbrk_aligned
                0x080052d8       0x44 /opt/st/stm32cubeide_1.15.1/plugins/com.st.stm32cube.ide.mcu.externaltools.gnu-tools-for-stm32.12.3.rel1.linux64_1.0.100.202403111256/tools/bin/../lib/gcc/arm-none-eabi/12.3.1/../../../../arm-none-eabi/lib/thumb/v7-m/nofp/libc_nano.a(libc_a-mallocr.o)
 .text._malloc_r
                0x0800531c      0x100 /opt/st/stm32cubeide_1.15.1/plugins/com.st.stm32cube.ide.mcu.externaltools.gnu-tools-for-stm32.12.3.rel1.linux64_1.0.100.202403111256/tools/bin/../lib/gcc/arm-none-eabi/12.3.1/../../../../arm-none-eabi/lib/thumb/v7-m/nofp/libc_nano.a(libc_a-mallocr.o)
                0x0800531c                _malloc_r
 .text.__malloc_lock
                0x0800541c        0xc /opt/st/stm32cubeide_1.15.1/plugins/com.st.stm32cube.ide.mcu.externaltools.gnu-tools-for-stm32.12.3.rel1.linux64_1.0.100.202403111256/tools/bin/../lib/gcc/arm-none-eabi/12.3.1/../../../../arm-none-eabi/lib/thumb/v7-m/nofp/libc_nano.a(libc_a-mlock.o)
                0x0800541c                __malloc_lock
 .text.__malloc_unlock
                0x08005428        0xc /opt/st/stm32cubeide_1.15.1/plugins/com.st.stm32cube.ide.mcu.externaltools.gnu-tools-for-stm32.12.3.rel1.linux64_1.0.100.202403111256/tools/bin/../lib/gcc/arm-none-eabi/12.3.1/../../../../arm-none-eabi/lib/thumb/v7-m/nofp/libc_nano.a(libc_a-mlock.o)
                0x08005428                __malloc_unlock
 .text._malloc_usable_size_r
                0x08005434       0x10 /opt/st/stm32cubeide_1.15.1/plugins/com.st.stm32cube.ide.mcu.externaltools.gnu-tools-for-stm32.12.3.rel1.linux64_1.0.100.202403111256/tools/bin/../lib/gcc/arm-none-eabi/12.3.1/../../../../arm-none-eabi/lib/thumb/v7-m/nofp/libc_nano.a(libc_a-msizer.o)
                0x08005434                _malloc_usable_size_r
 .text._sbrk_r  0x08005444       0x20 /opt/st/stm32cubeide_1.15.1/plugins/com.st.stm32cube.ide.mcu.externaltools.gnu-tools-for-stm32.12.3.rel1.linux64_1.0.100.202403111256/tools/bin/../lib/gcc/arm-none-eabi/12.3.1/../../../../arm-none-eabi/lib/thumb/v7-m/nofp/libc_nano.a(libc_a-sbrkr.o)
                0x08005444                _sbrk_r
 *(.glue_7)
 .glue_7        0x08005464        0x0 linker stubs
 *(.glue_7t)
 .glue_7t       0x08005464        0x0 linker stubs
 *(.eh_frame)
 .eh_frame      0x08005464        0x0 /opt/st/stm32cubeide_1.15.1/plugins/com.st.stm32cube.ide.mcu.externaltools.gnu-tools-for-stm32.12.3.rel1.linux64_1.0.100.202403111256/tools/bin/../lib/gcc/arm-none-eabi/12.3.1/thumb/v7-m/nofp/crtbegin.o
 *(.init)
 .init          0x08005464        0x4 /opt/st/stm32cubeide_1.15.1/plugins/com.st.stm32cube.ide.mcu.externaltools.gnu-tools-for-stm32.12.3.rel1.linux64_1.0.100.202403111256/tools/bin/../lib/gcc/arm-none-eabi/12.3.1/thumb/v7-m/nofp/crti.o
                0x08005464                _init
 .init          0x08005468        0x8 /opt/st/stm32cubeide_1.15.1/plugins/com.st.stm32cube.ide.mcu.externaltools.gnu-tools-for-stm32.12.3.rel1.linux64_1.0.100.202403111256/tools/bin/../lib/gcc/arm-none-eabi/12.3.1/thumb/v7-m/nofp/crtn.o
 *(.fini)
 .fini          0x08005470        0x4 /opt/st/stm32cubeide_1.15.1/plugins/com.st.stm32cube.ide.mcu.externaltools.gnu-tools-for-stm32.12.3.rel1.linux64_1.0.100.202403111256/tools/bin/../lib/gcc/arm-none-eabi/12.3.1/thumb/v7-m/nofp/crti.o
                0x08005470                _fini
 .fini          0x08005474        0x8 /opt/st/stm32cubeide_1.15.1/plugins/com.st.stm32cube.ide.mcu.externaltools.gnu-tools-for-stm32.12.3.rel1.linux64_1.0.100.202403111256/tools/bin/../lib/gcc/arm-none-eabi/12.3.1/thumb/v7-m/nofp/crtn.o
                0x0800547c                        . = ALIGN (0x4)
                0x0800547c                        _etext = .

.vfp11_veneer   0x0800547c        0x0
 .vfp11_veneer  0x0800547c        0x0 linker stubs

.v4_bx          0x0800547c        0x0
 .v4_bx         0x0800547c        0x0 linker stubs

.iplt           0x0800547c        0x0
 .iplt          0x0800547c        0x0 /opt/st/stm32cubeide_1.15.1/plugins/com.st.stm32cube.ide.mcu.externaltools.gnu-tools-for-stm32.12.3.rel1.linux64_1.0.100.202403111256/tools/bin/../lib/gcc/arm-none-eabi/12.3.1/thumb/v7-m/nofp/crtbegin.o

.rodata         0x0800547c      0x24c
                0x0800547c                        . = ALIGN (0x4)
 *(.rodata)
 .rodata        0x0800547c      0x14c ./Core/Src/mainpp.o
 *(.rodata*)
 .rodata._ZN14rosserial_msgsL12REQUESTPARAME
                0x080055c8       0x1c ./Core/Src/mainpp.o
 .rodata._ZTVN3ros11NodeHandle_I13STM32HardwareLi25ELi25ELi512ELi512EEE
                0x080055e4       0x14 ./Core/Src/mainpp.o
                0x080055e4                vtable for ros::NodeHandle_<STM32Hardware, 25, 25, 512, 512>
 .rodata._ZTVN8std_msgs6StringE
                0x080055f8       0x18 ./Core/Src/mainpp.o
                0x080055f8                vtable for std_msgs::String
 .rodata._ZTVN3ros15NodeHandleBase_E
                0x08005610       0x14 ./Core/Src/mainpp.o
                0x08005610                vtable for ros::NodeHandleBase_
 .rodata._ZTVN14rosserial_msgs20RequestParamResponseE
                0x08005624       0x18 ./Core/Src/mainpp.o
                0x08005624                vtable for rosserial_msgs::RequestParamResponse
 .rodata._ZTVN14rosserial_msgs3LogE
                0x0800563c       0x18 ./Core/Src/mainpp.o
                0x0800563c                vtable for rosserial_msgs::Log
 .rodata._ZTVN14rosserial_msgs9TopicInfoE
                0x08005654       0x18 ./Core/Src/mainpp.o
                0x08005654                vtable for rosserial_msgs::TopicInfo
 .rodata._ZTVN8std_msgs4TimeE
                0x0800566c       0x18 ./Core/Src/mainpp.o
                0x0800566c                vtable for std_msgs::Time
 .rodata._ZTVN3ros3MsgE
                0x08005684       0x18 ./Core/Src/mainpp.o
                0x08005684                vtable for ros::Msg
 .rodata.AHBPrescTable
                0x0800569c       0x10 ./Core/Src/system_stm32f1xx.o
                0x0800569c                AHBPrescTable
 .rodata.APBPrescTable
                0x080056ac        0x8 ./Core/Src/system_stm32f1xx.o
                0x080056ac                APBPrescTable
 .rodata.aPLLMULFactorTable.1
                0x080056b4       0x10 ./Drivers/STM32F1xx_HAL_Driver/Src/stm32f1xx_hal_rcc.o
 .rodata.aPredivFactorTable.0
                0x080056c4        0x2 ./Drivers/STM32F1xx_HAL_Driver/Src/stm32f1xx_hal_rcc.o
                0x080056c8                        . = ALIGN (0x4)
 *fill*         0x080056c6        0x2 

.ARM.extab      0x080056c8        0x0
                0x080056c8                        . = ALIGN (0x4)
 *(.ARM.extab* .gnu.linkonce.armextab.*)
                0x080056c8                        . = ALIGN (0x4)

.ARM            0x080056c8        0x8
                0x080056c8                        . = ALIGN (0x4)
                0x080056c8                        __exidx_start = .
 *(.ARM.exidx*)
 .ARM.exidx     0x080056c8        0x8 /opt/st/stm32cubeide_1.15.1/plugins/com.st.stm32cube.ide.mcu.externaltools.gnu-tools-for-stm32.12.3.rel1.linux64_1.0.100.202403111256/tools/bin/../lib/gcc/arm-none-eabi/12.3.1/../../../../arm-none-eabi/lib/thumb/v7-m/nofp/libc_nano.a(libc_a-strlen.o)
                0x080056d0                        __exidx_end = .
                0x080056d0                        . = ALIGN (0x4)

.preinit_array  0x080056d0        0x0
                0x080056d0                        . = ALIGN (0x4)
                0x080056d0                        PROVIDE (__preinit_array_start = .)
 *(.preinit_array*)
                0x080056d0                        PROVIDE (__preinit_array_end = .)
                0x080056d0                        . = ALIGN (0x4)

.init_array     0x080056d0        0x8
                0x080056d0                        . = ALIGN (0x4)
                0x080056d0                        PROVIDE (__init_array_start = .)
 *(SORT_BY_NAME(.init_array.*))
 *(.init_array*)
 .init_array    0x080056d0        0x4 /opt/st/stm32cubeide_1.15.1/plugins/com.st.stm32cube.ide.mcu.externaltools.gnu-tools-for-stm32.12.3.rel1.linux64_1.0.100.202403111256/tools/bin/../lib/gcc/arm-none-eabi/12.3.1/thumb/v7-m/nofp/crtbegin.o
 .init_array    0x080056d4        0x4 ./Core/Src/mainpp.o
                0x080056d8                        PROVIDE (__init_array_end = .)
                0x080056d8                        . = ALIGN (0x4)

.fini_array     0x080056d8        0x4
                0x080056d8                        . = ALIGN (0x4)
                [!provide]                        PROVIDE (__fini_array_start = .)
 *(SORT_BY_NAME(.fini_array.*))
 *(.fini_array*)
 .fini_array    0x080056d8        0x4 /opt/st/stm32cubeide_1.15.1/plugins/com.st.stm32cube.ide.mcu.externaltools.gnu-tools-for-stm32.12.3.rel1.linux64_1.0.100.202403111256/tools/bin/../lib/gcc/arm-none-eabi/12.3.1/thumb/v7-m/nofp/crtbegin.o
                [!provide]                        PROVIDE (__fini_array_end = .)
                0x080056dc                        . = ALIGN (0x4)
                0x080056dc                        _sidata = LOADADDR (.data)

.rel.dyn        0x080056dc        0x0
 .rel.iplt      0x080056dc        0x0 /opt/st/stm32cubeide_1.15.1/plugins/com.st.stm32cube.ide.mcu.externaltools.gnu-tools-for-stm32.12.3.rel1.linux64_1.0.100.202403111256/tools/bin/../lib/gcc/arm-none-eabi/12.3.1/thumb/v7-m/nofp/crtbegin.o

.data           0x20000000       0x6c load address 0x080056dc
                0x20000000                        . = ALIGN (0x4)
                0x20000000                        _sdata = .
 *(.data)
 *(.data*)
 .data.hello    0x20000000        0xd ./Core/Src/mainpp.o
                0x20000000                hello
 *fill*         0x2000000d        0x3 
 .data.SystemCoreClock
                0x20000010        0x4 ./Core/Src/system_stm32f1xx.o
                0x20000010                SystemCoreClock
 .data.uwTickPrio
                0x20000014        0x4 ./Drivers/STM32F1xx_HAL_Driver/Src/stm32f1xx_hal.o
                0x20000014                uwTickPrio
 .data.uwTickFreq
                0x20000018        0x1 ./Drivers/STM32F1xx_HAL_Driver/Src/stm32f1xx_hal.o
                0x20000018                uwTickFreq
 *fill*         0x20000019        0x3 
 .data._impure_ptr
                0x2000001c        0x4 /opt/st/stm32cubeide_1.15.1/plugins/com.st.stm32cube.ide.mcu.externaltools.gnu-tools-for-stm32.12.3.rel1.linux64_1.0.100.202403111256/tools/bin/../lib/gcc/arm-none-eabi/12.3.1/../../../../arm-none-eabi/lib/thumb/v7-m/nofp/libc_nano.a(libc_a-impure.o)
                0x2000001c                _impure_ptr
 .data._impure_data
                0x20000020       0x4c /opt/st/stm32cubeide_1.15.1/plugins/com.st.stm32cube.ide.mcu.externaltools.gnu-tools-for-stm32.12.3.rel1.linux64_1.0.100.202403111256/tools/bin/../lib/gcc/arm-none-eabi/12.3.1/../../../../arm-none-eabi/lib/thumb/v7-m/nofp/libc_nano.a(libc_a-impure.o)
                0x20000020                _impure_data
 *(.RamFunc)
 *(.RamFunc*)
                0x2000006c                        . = ALIGN (0x4)
                0x2000006c                        _edata = .

.igot.plt       0x2000006c        0x0 load address 0x08005748
 .igot.plt      0x2000006c        0x0 /opt/st/stm32cubeide_1.15.1/plugins/com.st.stm32cube.ide.mcu.externaltools.gnu-tools-for-stm32.12.3.rel1.linux64_1.0.100.202403111256/tools/bin/../lib/gcc/arm-none-eabi/12.3.1/thumb/v7-m/nofp/crtbegin.o
                0x2000006c                        . = ALIGN (0x4)

.bss            0x2000006c      0xc38 load address 0x08005748
                0x2000006c                        _sbss = .
                0x2000006c                        __bss_start__ = _sbss
 *(.bss)
 .bss           0x2000006c       0x1c /opt/st/stm32cubeide_1.15.1/plugins/com.st.stm32cube.ide.mcu.externaltools.gnu-tools-for-stm32.12.3.rel1.linux64_1.0.100.202403111256/tools/bin/../lib/gcc/arm-none-eabi/12.3.1/thumb/v7-m/nofp/crtbegin.o
 *(.bss*)
 .bss.cnt       0x20000088        0x4 ./Core/Src/main.o
                0x20000088                cnt
 .bss.cnt2      0x2000008c        0x4 ./Core/Src/main.o
                0x2000008c                cnt2
 .bss.timer2    0x20000090        0x4 ./Core/Src/main.o
                0x20000090                timer2
 .bss.timer     0x20000094        0x4 ./Core/Src/main.o
                0x20000094                timer
 .bss._ZZN13STM32Hardware5flushEvE5mutex
                0x20000098        0x1 ./Core/Src/mainpp.o
                0x20000098                STM32Hardware::flush()::mutex
 *fill*         0x20000099        0x3 
 .bss.nh        0x2000009c      0x93c ./Core/Src/mainpp.o
                0x2000009c                nh
 .bss.str_msg   0x200009d8        0x8 ./Core/Src/mainpp.o
                0x200009d8                str_msg
 .bss.chatter   0x200009e0       0x14 ./Core/Src/mainpp.o
                0x200009e0                chatter
 .bss.__sbrk_heap_end
                0x200009f4        0x4 ./Core/Src/sysmem.o
 .bss.htim1     0x200009f8       0x48 ./Core/Src/tim.o
                0x200009f8                htim1
 .bss.htim2     0x20000a40       0x48 ./Core/Src/tim.o
                0x20000a40                htim2
 .bss.huart2    0x20000a88       0x48 ./Core/Src/usart.o
                0x20000a88                huart2
 .bss.hdma_usart2_rx
                0x20000ad0       0x44 ./Core/Src/usart.o
                0x20000ad0                hdma_usart2_rx
 .bss.hdma_usart2_tx
                0x20000b14       0x44 ./Core/Src/usart.o
                0x20000b14                hdma_usart2_tx
 .bss.uwTick    0x20000b58        0x4 ./Drivers/STM32F1xx_HAL_Driver/Src/stm32f1xx_hal.o
                0x20000b58                uwTick
 .bss.__sf      0x20000b5c      0x138 /opt/st/stm32cubeide_1.15.1/plugins/com.st.stm32cube.ide.mcu.externaltools.gnu-tools-for-stm32.12.3.rel1.linux64_1.0.100.202403111256/tools/bin/../lib/gcc/arm-none-eabi/12.3.1/../../../../arm-none-eabi/lib/thumb/v7-m/nofp/libc_nano.a(libc_a-findfp.o)
                0x20000b5c                __sf
 .bss.errno     0x20000c94        0x4 /opt/st/stm32cubeide_1.15.1/plugins/com.st.stm32cube.ide.mcu.externaltools.gnu-tools-for-stm32.12.3.rel1.linux64_1.0.100.202403111256/tools/bin/../lib/gcc/arm-none-eabi/12.3.1/../../../../arm-none-eabi/lib/thumb/v7-m/nofp/libc_nano.a(libc_a-reent.o)
                0x20000c94                errno
 .bss.__lock___malloc_recursive_mutex
                0x20000c98        0x1 /opt/st/stm32cubeide_1.15.1/plugins/com.st.stm32cube.ide.mcu.externaltools.gnu-tools-for-stm32.12.3.rel1.linux64_1.0.100.202403111256/tools/bin/../lib/gcc/arm-none-eabi/12.3.1/../../../../arm-none-eabi/lib/thumb/v7-m/nofp/libc_nano.a(libc_a-lock.o)
                0x20000c98                __lock___malloc_recursive_mutex
 *fill*         0x20000c99        0x3 
 .bss.__malloc_sbrk_start
                0x20000c9c        0x4 /opt/st/stm32cubeide_1.15.1/plugins/com.st.stm32cube.ide.mcu.externaltools.gnu-tools-for-stm32.12.3.rel1.linux64_1.0.100.202403111256/tools/bin/../lib/gcc/arm-none-eabi/12.3.1/../../../../arm-none-eabi/lib/thumb/v7-m/nofp/libc_nano.a(libc_a-mallocr.o)
                0x20000c9c                __malloc_sbrk_start
 .bss.__malloc_free_list
                0x20000ca0        0x4 /opt/st/stm32cubeide_1.15.1/plugins/com.st.stm32cube.ide.mcu.externaltools.gnu-tools-for-stm32.12.3.rel1.linux64_1.0.100.202403111256/tools/bin/../lib/gcc/arm-none-eabi/12.3.1/../../../../arm-none-eabi/lib/thumb/v7-m/nofp/libc_nano.a(libc_a-mallocr.o)
                0x20000ca0                __malloc_free_list
 *(COMMON)
                0x20000ca4                        . = ALIGN (0x4)
                0x20000ca4                        _ebss = .
                0x20000ca4                        __bss_end__ = _ebss

._user_heap_stack
                0x20000ca4      0x604 load address 0x08005748
                0x20000ca8                        . = ALIGN (0x8)
 *fill*         0x20000ca4        0x4 
                [!provide]                        PROVIDE (end = .)
                0x20000ca8                        PROVIDE (_end = .)
                0x20000ea8                        . = (. + _Min_Heap_Size)
 *fill*         0x20000ca8      0x200 
                0x200012a8                        . = (. + _Min_Stack_Size)
 *fill*         0x20000ea8      0x400 
                0x200012a8                        . = ALIGN (0x8)

/DISCARD/
 libc.a(*)
 libm.a(*)
 libgcc.a(*)

.ARM.attributes
                0x00000000       0x29
 *(.ARM.attributes)
 .ARM.attributes
                0x00000000       0x1d /opt/st/stm32cubeide_1.15.1/plugins/com.st.stm32cube.ide.mcu.externaltools.gnu-tools-for-stm32.12.3.rel1.linux64_1.0.100.202403111256/tools/bin/../lib/gcc/arm-none-eabi/12.3.1/thumb/v7-m/nofp/crti.o
 .ARM.attributes
                0x0000001d       0x2d /opt/st/stm32cubeide_1.15.1/plugins/com.st.stm32cube.ide.mcu.externaltools.gnu-tools-for-stm32.12.3.rel1.linux64_1.0.100.202403111256/tools/bin/../lib/gcc/arm-none-eabi/12.3.1/thumb/v7-m/nofp/crtbegin.o
 .ARM.attributes
                0x0000004a       0x2d ./Core/Inc/ROS/time.o
 .ARM.attributes
                0x00000077       0x2d ./Core/Src/dma.o
 .ARM.attributes
                0x000000a4       0x2d ./Core/Src/gpio.o
 .ARM.attributes
                0x000000d1       0x2d ./Core/Src/main.o
 .ARM.attributes
                0x000000fe       0x2d ./Core/Src/mainpp.o
 .ARM.attributes
                0x0000012b       0x2d ./Core/Src/stm32f1xx_hal_msp.o
 .ARM.attributes
                0x00000158       0x2d ./Core/Src/stm32f1xx_it.o
 .ARM.attributes
                0x00000185       0x2d ./Core/Src/sysmem.o
 .ARM.attributes
                0x000001b2       0x2d ./Core/Src/system_stm32f1xx.o
 .ARM.attributes
                0x000001df       0x2d ./Core/Src/tim.o
 .ARM.attributes
                0x0000020c       0x2d ./Core/Src/usart.o
 .ARM.attributes
                0x00000239       0x21 ./Core/Startup/startup_stm32f103c8tx.o
 .ARM.attributes
                0x0000025a       0x2d ./Drivers/STM32F1xx_HAL_Driver/Src/stm32f1xx_hal.o
 .ARM.attributes
                0x00000287       0x2d ./Drivers/STM32F1xx_HAL_Driver/Src/stm32f1xx_hal_cortex.o
 .ARM.attributes
                0x000002b4       0x2d ./Drivers/STM32F1xx_HAL_Driver/Src/stm32f1xx_hal_dma.o
 .ARM.attributes
                0x000002e1       0x2d ./Drivers/STM32F1xx_HAL_Driver/Src/stm32f1xx_hal_gpio.o
 .ARM.attributes
                0x0000030e       0x2d ./Drivers/STM32F1xx_HAL_Driver/Src/stm32f1xx_hal_rcc.o
 .ARM.attributes
                0x0000033b       0x2d ./Drivers/STM32F1xx_HAL_Driver/Src/stm32f1xx_hal_tim.o
 .ARM.attributes
                0x00000368       0x2d ./Drivers/STM32F1xx_HAL_Driver/Src/stm32f1xx_hal_tim_ex.o
 .ARM.attributes
                0x00000395       0x2d ./Drivers/STM32F1xx_HAL_Driver/Src/stm32f1xx_hal_uart.o
 .ARM.attributes
                0x000003c2       0x2d /opt/st/stm32cubeide_1.15.1/plugins/com.st.stm32cube.ide.mcu.externaltools.gnu-tools-for-stm32.12.3.rel1.linux64_1.0.100.202403111256/tools/bin/../lib/gcc/arm-none-eabi/12.3.1/../../../../arm-none-eabi/lib/thumb/v7-m/nofp/libc_nano.a(libc_a-realloc.o)
 .ARM.attributes
                0x000003ef       0x2d /opt/st/stm32cubeide_1.15.1/plugins/com.st.stm32cube.ide.mcu.externaltools.gnu-tools-for-stm32.12.3.rel1.linux64_1.0.100.202403111256/tools/bin/../lib/gcc/arm-none-eabi/12.3.1/../../../../arm-none-eabi/lib/thumb/v7-m/nofp/libc_nano.a(libc_a-reallocr.o)
 .ARM.attributes
                0x0000041c       0x2d /opt/st/stm32cubeide_1.15.1/plugins/com.st.stm32cube.ide.mcu.externaltools.gnu-tools-for-stm32.12.3.rel1.linux64_1.0.100.202403111256/tools/bin/../lib/gcc/arm-none-eabi/12.3.1/../../../../arm-none-eabi/lib/thumb/v7-m/nofp/libc_nano.a(libc_a-findfp.o)
 .ARM.attributes
                0x00000449       0x2d /opt/st/stm32cubeide_1.15.1/plugins/com.st.stm32cube.ide.mcu.externaltools.gnu-tools-for-stm32.12.3.rel1.linux64_1.0.100.202403111256/tools/bin/../lib/gcc/arm-none-eabi/12.3.1/../../../../arm-none-eabi/lib/thumb/v7-m/nofp/libc_nano.a(libc_a-memset.o)
 .ARM.attributes
                0x00000476       0x2d /opt/st/stm32cubeide_1.15.1/plugins/com.st.stm32cube.ide.mcu.externaltools.gnu-tools-for-stm32.12.3.rel1.linux64_1.0.100.202403111256/tools/bin/../lib/gcc/arm-none-eabi/12.3.1/../../../../arm-none-eabi/lib/thumb/v7-m/nofp/libc_nano.a(libc_a-reent.o)
 .ARM.attributes
                0x000004a3       0x2d /opt/st/stm32cubeide_1.15.1/plugins/com.st.stm32cube.ide.mcu.externaltools.gnu-tools-for-stm32.12.3.rel1.linux64_1.0.100.202403111256/tools/bin/../lib/gcc/arm-none-eabi/12.3.1/../../../../arm-none-eabi/lib/thumb/v7-m/nofp/libc_nano.a(libc_a-impure.o)
 .ARM.attributes
                0x000004d0       0x2d /opt/st/stm32cubeide_1.15.1/plugins/com.st.stm32cube.ide.mcu.externaltools.gnu-tools-for-stm32.12.3.rel1.linux64_1.0.100.202403111256/tools/bin/../lib/gcc/arm-none-eabi/12.3.1/../../../../arm-none-eabi/lib/thumb/v7-m/nofp/libc_nano.a(libc_a-errno.o)
 .ARM.attributes
                0x000004fd       0x2d /opt/st/stm32cubeide_1.15.1/plugins/com.st.stm32cube.ide.mcu.externaltools.gnu-tools-for-stm32.12.3.rel1.linux64_1.0.100.202403111256/tools/bin/../lib/gcc/arm-none-eabi/12.3.1/../../../../arm-none-eabi/lib/thumb/v7-m/nofp/libc_nano.a(libc_a-init.o)
 .ARM.attributes
                0x0000052a       0x2d /opt/st/stm32cubeide_1.15.1/plugins/com.st.stm32cube.ide.mcu.externaltools.gnu-tools-for-stm32.12.3.rel1.linux64_1.0.100.202403111256/tools/bin/../lib/gcc/arm-none-eabi/12.3.1/../../../../arm-none-eabi/lib/thumb/v7-m/nofp/libc_nano.a(libc_a-lock.o)
 .ARM.attributes
                0x00000557       0x2d /opt/st/stm32cubeide_1.15.1/plugins/com.st.stm32cube.ide.mcu.externaltools.gnu-tools-for-stm32.12.3.rel1.linux64_1.0.100.202403111256/tools/bin/../lib/gcc/arm-none-eabi/12.3.1/../../../../arm-none-eabi/lib/thumb/v7-m/nofp/libc_nano.a(libc_a-memcpy-stub.o)
 .ARM.attributes
                0x00000584       0x17 /opt/st/stm32cubeide_1.15.1/plugins/com.st.stm32cube.ide.mcu.externaltools.gnu-tools-for-stm32.12.3.rel1.linux64_1.0.100.202403111256/tools/bin/../lib/gcc/arm-none-eabi/12.3.1/../../../../arm-none-eabi/lib/thumb/v7-m/nofp/libc_nano.a(libc_a-strlen.o)
 .ARM.attributes
                0x0000059b       0x2d /opt/st/stm32cubeide_1.15.1/plugins/com.st.stm32cube.ide.mcu.externaltools.gnu-tools-for-stm32.12.3.rel1.linux64_1.0.100.202403111256/tools/bin/../lib/gcc/arm-none-eabi/12.3.1/../../../../arm-none-eabi/lib/thumb/v7-m/nofp/libc_nano.a(libc_a-freer.o)
 .ARM.attributes
                0x000005c8       0x2d /opt/st/stm32cubeide_1.15.1/plugins/com.st.stm32cube.ide.mcu.externaltools.gnu-tools-for-stm32.12.3.rel1.linux64_1.0.100.202403111256/tools/bin/../lib/gcc/arm-none-eabi/12.3.1/../../../../arm-none-eabi/lib/thumb/v7-m/nofp/libc_nano.a(libc_a-mallocr.o)
 .ARM.attributes
                0x000005f5       0x2d /opt/st/stm32cubeide_1.15.1/plugins/com.st.stm32cube.ide.mcu.externaltools.gnu-tools-for-stm32.12.3.rel1.linux64_1.0.100.202403111256/tools/bin/../lib/gcc/arm-none-eabi/12.3.1/../../../../arm-none-eabi/lib/thumb/v7-m/nofp/libc_nano.a(libc_a-mlock.o)
 .ARM.attributes
                0x00000622       0x2d /opt/st/stm32cubeide_1.15.1/plugins/com.st.stm32cube.ide.mcu.externaltools.gnu-tools-for-stm32.12.3.rel1.linux64_1.0.100.202403111256/tools/bin/../lib/gcc/arm-none-eabi/12.3.1/../../../../arm-none-eabi/lib/thumb/v7-m/nofp/libc_nano.a(libc_a-msizer.o)
 .ARM.attributes
                0x0000064f       0x2d /opt/st/stm32cubeide_1.15.1/plugins/com.st.stm32cube.ide.mcu.externaltools.gnu-tools-for-stm32.12.3.rel1.linux64_1.0.100.202403111256/tools/bin/../lib/gcc/arm-none-eabi/12.3.1/../../../../arm-none-eabi/lib/thumb/v7-m/nofp/libc_nano.a(libc_a-sbrkr.o)
 .ARM.attributes
                0x0000067c       0x1d /opt/st/stm32cubeide_1.15.1/plugins/com.st.stm32cube.ide.mcu.externaltools.gnu-tools-for-stm32.12.3.rel1.linux64_1.0.100.202403111256/tools/bin/../lib/gcc/arm-none-eabi/12.3.1/thumb/v7-m/nofp/crtn.o
OUTPUT(rosserial_test3.elf elf32-littlearm)
LOAD linker stubs
LOAD /opt/st/stm32cubeide_1.15.1/plugins/com.st.stm32cube.ide.mcu.externaltools.gnu-tools-for-stm32.12.3.rel1.linux64_1.0.100.202403111256/tools/bin/../lib/gcc/arm-none-eabi/12.3.1/../../../../arm-none-eabi/lib/thumb/v7-m/nofp/libc.a
LOAD /opt/st/stm32cubeide_1.15.1/plugins/com.st.stm32cube.ide.mcu.externaltools.gnu-tools-for-stm32.12.3.rel1.linux64_1.0.100.202403111256/tools/bin/../lib/gcc/arm-none-eabi/12.3.1/../../../../arm-none-eabi/lib/thumb/v7-m/nofp/libm.a
LOAD /opt/st/stm32cubeide_1.15.1/plugins/com.st.stm32cube.ide.mcu.externaltools.gnu-tools-for-stm32.12.3.rel1.linux64_1.0.100.202403111256/tools/bin/../lib/gcc/arm-none-eabi/12.3.1/thumb/v7-m/nofp/libgcc.a

.debug_info     0x00000000    0x12cfa
 .debug_info    0x00000000     0x1928 ./Core/Inc/ROS/time.o
 .debug_info    0x00001928      0x2cf ./Core/Src/dma.o
 .debug_info    0x00001bf7      0x2b7 ./Core/Src/gpio.o
 .debug_info    0x00001eae      0x94e ./Core/Src/main.o
 .debug_info    0x000027fc     0x4f23 ./Core/Src/mainpp.o
 .debug_info    0x0000771f      0x1f1 ./Core/Src/stm32f1xx_hal_msp.o
 .debug_info    0x00007910      0x9e3 ./Core/Src/stm32f1xx_it.o
 .debug_info    0x000082f3      0x168 ./Core/Src/sysmem.o
 .debug_info    0x0000845b      0x222 ./Core/Src/system_stm32f1xx.o
 .debug_info    0x0000867d      0xa1a ./Core/Src/tim.o
 .debug_info    0x00009097      0x975 ./Core/Src/usart.o
 .debug_info    0x00009a0c       0x30 ./Core/Startup/startup_stm32f103c8tx.o
 .debug_info    0x00009a3c      0x704 ./Drivers/STM32F1xx_HAL_Driver/Src/stm32f1xx_hal.o
 .debug_info    0x0000a140      0xa87 ./Drivers/STM32F1xx_HAL_Driver/Src/stm32f1xx_hal_cortex.o
 .debug_info    0x0000abc7      0x6d2 ./Drivers/STM32F1xx_HAL_Driver/Src/stm32f1xx_hal_dma.o
 .debug_info    0x0000b299      0x5ab ./Drivers/STM32F1xx_HAL_Driver/Src/stm32f1xx_hal_gpio.o
 .debug_info    0x0000b844      0x7d5 ./Drivers/STM32F1xx_HAL_Driver/Src/stm32f1xx_hal_rcc.o
 .debug_info    0x0000c019     0x2959 ./Drivers/STM32F1xx_HAL_Driver/Src/stm32f1xx_hal_tim.o
 .debug_info    0x0000e972     0x149b ./Drivers/STM32F1xx_HAL_Driver/Src/stm32f1xx_hal_tim_ex.o
 .debug_info    0x0000fe0d     0x2eed ./Drivers/STM32F1xx_HAL_Driver/Src/stm32f1xx_hal_uart.o

.debug_abbrev   0x00000000     0x2c89
 .debug_abbrev  0x00000000      0x2c8 ./Core/Inc/ROS/time.o
 .debug_abbrev  0x000002c8       0xfc ./Core/Src/dma.o
 .debug_abbrev  0x000003c4      0x13f ./Core/Src/gpio.o
 .debug_abbrev  0x00000503      0x273 ./Core/Src/main.o
 .debug_abbrev  0x00000776      0x8b9 ./Core/Src/mainpp.o
 .debug_abbrev  0x0000102f       0xdb ./Core/Src/stm32f1xx_hal_msp.o
 .debug_abbrev  0x0000110a      0x1b6 ./Core/Src/stm32f1xx_it.o
 .debug_abbrev  0x000012c0       0xbc ./Core/Src/sysmem.o
 .debug_abbrev  0x0000137c      0x13f ./Core/Src/system_stm32f1xx.o
 .debug_abbrev  0x000014bb      0x21d ./Core/Src/tim.o
 .debug_abbrev  0x000016d8      0x21b ./Core/Src/usart.o
 .debug_abbrev  0x000018f3       0x24 ./Core/Startup/startup_stm32f103c8tx.o
 .debug_abbrev  0x00001917      0x201 ./Drivers/STM32F1xx_HAL_Driver/Src/stm32f1xx_hal.o
 .debug_abbrev  0x00001b18      0x2f8 ./Drivers/STM32F1xx_HAL_Driver/Src/stm32f1xx_hal_cortex.o
 .debug_abbrev  0x00001e10      0x20b ./Drivers/STM32F1xx_HAL_Driver/Src/stm32f1xx_hal_dma.o
 .debug_abbrev  0x0000201b      0x1ca ./Drivers/STM32F1xx_HAL_Driver/Src/stm32f1xx_hal_gpio.o
 .debug_abbrev  0x000021e5      0x2b3 ./Drivers/STM32F1xx_HAL_Driver/Src/stm32f1xx_hal_rcc.o
 .debug_abbrev  0x00002498      0x277 ./Drivers/STM32F1xx_HAL_Driver/Src/stm32f1xx_hal_tim.o
 .debug_abbrev  0x0000270f      0x282 ./Drivers/STM32F1xx_HAL_Driver/Src/stm32f1xx_hal_tim_ex.o
 .debug_abbrev  0x00002991      0x2f8 ./Drivers/STM32F1xx_HAL_Driver/Src/stm32f1xx_hal_uart.o

.debug_aranges  0x00000000      0xed8
 .debug_aranges
                0x00000000       0x48 ./Core/Inc/ROS/time.o
 .debug_aranges
                0x00000048       0x20 ./Core/Src/dma.o
 .debug_aranges
                0x00000068       0x20 ./Core/Src/gpio.o
 .debug_aranges
                0x00000088       0x38 ./Core/Src/main.o
 .debug_aranges
                0x000000c0      0x1f8 ./Core/Src/mainpp.o
 .debug_aranges
                0x000002b8       0x20 ./Core/Src/stm32f1xx_hal_msp.o
 .debug_aranges
                0x000002d8       0xa0 ./Core/Src/stm32f1xx_it.o
 .debug_aranges
                0x00000378       0x20 ./Core/Src/sysmem.o
 .debug_aranges
                0x00000398       0x28 ./Core/Src/system_stm32f1xx.o
 .debug_aranges
                0x000003c0       0x38 ./Core/Src/tim.o
 .debug_aranges
                0x000003f8       0x30 ./Core/Src/usart.o
 .debug_aranges
                0x00000428       0x28 ./Core/Startup/startup_stm32f103c8tx.o
 .debug_aranges
                0x00000450       0xe0 ./Drivers/STM32F1xx_HAL_Driver/Src/stm32f1xx_hal.o
 .debug_aranges
                0x00000530      0x100 ./Drivers/STM32F1xx_HAL_Driver/Src/stm32f1xx_hal_cortex.o
 .debug_aranges
                0x00000630       0x80 ./Drivers/STM32F1xx_HAL_Driver/Src/stm32f1xx_hal_dma.o
 .debug_aranges
                0x000006b0       0x58 ./Drivers/STM32F1xx_HAL_Driver/Src/stm32f1xx_hal_gpio.o
 .debug_aranges
                0x00000708       0x90 ./Drivers/STM32F1xx_HAL_Driver/Src/stm32f1xx_hal_rcc.o
 .debug_aranges
                0x00000798      0x3d0 ./Drivers/STM32F1xx_HAL_Driver/Src/stm32f1xx_hal_tim.o
 .debug_aranges
                0x00000b68      0x168 ./Drivers/STM32F1xx_HAL_Driver/Src/stm32f1xx_hal_tim_ex.o
 .debug_aranges
                0x00000cd0      0x208 ./Drivers/STM32F1xx_HAL_Driver/Src/stm32f1xx_hal_uart.o

.debug_rnglists
                0x00000000      0xb8e
 .debug_rnglists
                0x00000000       0x31 ./Core/Inc/ROS/time.o
 .debug_rnglists
                0x00000031       0x13 ./Core/Src/dma.o
 .debug_rnglists
                0x00000044       0x14 ./Core/Src/gpio.o
 .debug_rnglists
                0x00000058       0x27 ./Core/Src/main.o
 .debug_rnglists
                0x0000007f      0x193 ./Core/Src/mainpp.o
 .debug_rnglists
                0x00000212       0x13 ./Core/Src/stm32f1xx_hal_msp.o
 .debug_rnglists
                0x00000225       0x73 ./Core/Src/stm32f1xx_it.o
 .debug_rnglists
                0x00000298       0x13 ./Core/Src/sysmem.o
 .debug_rnglists
                0x000002ab       0x1a ./Core/Src/system_stm32f1xx.o
 .debug_rnglists
                0x000002c5       0x28 ./Core/Src/tim.o
 .debug_rnglists
                0x000002ed       0x20 ./Core/Src/usart.o
 .debug_rnglists
                0x0000030d       0x19 ./Core/Startup/startup_stm32f103c8tx.o
 .debug_rnglists
                0x00000326       0xa3 ./Drivers/STM32F1xx_HAL_Driver/Src/stm32f1xx_hal.o
 .debug_rnglists
                0x000003c9       0xbb ./Drivers/STM32F1xx_HAL_Driver/Src/stm32f1xx_hal_cortex.o
 .debug_rnglists
                0x00000484       0x64 ./Drivers/STM32F1xx_HAL_Driver/Src/stm32f1xx_hal_dma.o
 .debug_rnglists
                0x000004e8       0x3f ./Drivers/STM32F1xx_HAL_Driver/Src/stm32f1xx_hal_gpio.o
 .debug_rnglists
                0x00000527       0x6c ./Drivers/STM32F1xx_HAL_Driver/Src/stm32f1xx_hal_rcc.o
 .debug_rnglists
                0x00000593      0x31a ./Drivers/STM32F1xx_HAL_Driver/Src/stm32f1xx_hal_tim.o
 .debug_rnglists
                0x000008ad      0x125 ./Drivers/STM32F1xx_HAL_Driver/Src/stm32f1xx_hal_tim_ex.o
 .debug_rnglists
                0x000009d2      0x1bc ./Drivers/STM32F1xx_HAL_Driver/Src/stm32f1xx_hal_uart.o

.debug_macro    0x00000000    0x18c97
 .debug_macro   0x00000000      0x1c1 ./Core/Inc/ROS/time.o
 .debug_macro   0x000001c1      0x1bc ./Core/Src/dma.o
 .debug_macro   0x0000037d      0xaa8 ./Core/Src/dma.o
 .debug_macro   0x00000e25      0x221 ./Core/Src/dma.o
 .debug_macro   0x00001046       0x2e ./Core/Src/dma.o
 .debug_macro   0x00001074       0x22 ./Core/Src/dma.o
 .debug_macro   0x00001096       0x8e ./Core/Src/dma.o
 .debug_macro   0x00001124       0x51 ./Core/Src/dma.o
 .debug_macro   0x00001175       0x1c ./Core/Src/dma.o
 .debug_macro   0x00001191       0x22 ./Core/Src/dma.o
 .debug_macro   0x000011b3       0xbd ./Core/Src/dma.o
 .debug_macro   0x00001270      0xd23 ./Core/Src/dma.o
 .debug_macro   0x00001f93     0xe09e ./Core/Src/dma.o
 .debug_macro   0x00010031       0x6d ./Core/Src/dma.o
 .debug_macro   0x0001009e     0x34a2 ./Core/Src/dma.o
 .debug_macro   0x00013540      0x189 ./Core/Src/dma.o
 .debug_macro   0x000136c9       0x5c ./Core/Src/dma.o
 .debug_macro   0x00013725      0x5bc ./Core/Src/dma.o
 .debug_macro   0x00013ce1      0x289 ./Core/Src/dma.o
 .debug_macro   0x00013f6a      0x1cb ./Core/Src/dma.o
 .debug_macro   0x00014135      0x114 ./Core/Src/dma.o
 .debug_macro   0x00014249      0x1b2 ./Core/Src/dma.o
 .debug_macro   0x000143fb       0x27 ./Core/Src/dma.o
 .debug_macro   0x00014422      0x136 ./Core/Src/dma.o
 .debug_macro   0x00014558      0x1bc ./Core/Src/dma.o
 .debug_macro   0x00014714       0x34 ./Core/Src/dma.o
 .debug_macro   0x00014748       0x3c ./Core/Src/dma.o
 .debug_macro   0x00014784       0x57 ./Core/Src/dma.o
 .debug_macro   0x000147db       0x87 ./Core/Src/dma.o
 .debug_macro   0x00014862      0x240 ./Core/Src/dma.o
 .debug_macro   0x00014aa2      0x140 ./Core/Src/dma.o
 .debug_macro   0x00014be2      0x8ed ./Core/Src/dma.o
 .debug_macro   0x000154cf      0x28e ./Core/Src/dma.o
 .debug_macro   0x0001575d       0x83 ./Core/Src/dma.o
 .debug_macro   0x000157e0       0x10 ./Core/Src/dma.o
 .debug_macro   0x000157f0      0x1bc ./Core/Src/gpio.o
 .debug_macro   0x000159ac      0x1e8 ./Core/Src/main.o
 .debug_macro   0x00015b94      0x405 ./Core/Src/mainpp.o
 .debug_macro   0x00015f99       0x61 ./Core/Src/mainpp.o
 .debug_macro   0x00015ffa       0x10 ./Core/Src/mainpp.o
 .debug_macro   0x0001600a       0x20 ./Core/Src/mainpp.o
 .debug_macro   0x0001602a       0x10 ./Core/Src/mainpp.o
 .debug_macro   0x0001603a       0x1c ./Core/Src/mainpp.o
 .debug_macro   0x00016056       0xde ./Core/Src/mainpp.o
 .debug_macro   0x00016134       0x8e ./Core/Src/mainpp.o
 .debug_macro   0x000161c2      0x3cd ./Core/Src/mainpp.o
 .debug_macro   0x0001658f       0x10 ./Core/Src/mainpp.o
 .debug_macro   0x0001659f      0xd23 ./Core/Src/mainpp.o
 .debug_macro   0x000172c2       0x56 ./Core/Src/mainpp.o
 .debug_macro   0x00017318      0x1b2 ./Core/Src/stm32f1xx_hal_msp.o
 .debug_macro   0x000174ca      0x1bc ./Core/Src/stm32f1xx_it.o
 .debug_macro   0x00017686       0xff ./Core/Src/sysmem.o
 .debug_macro   0x00017785      0x23c ./Core/Src/sysmem.o
 .debug_macro   0x000179c1      0x1a3 ./Core/Src/system_stm32f1xx.o
 .debug_macro   0x00017b64      0x1bc ./Core/Src/tim.o
 .debug_macro   0x00017d20      0x1bc ./Core/Src/usart.o
 .debug_macro   0x00017edc      0x1c7 ./Drivers/STM32F1xx_HAL_Driver/Src/stm32f1xx_hal.o
 .debug_macro   0x000180a3      0x1a3 ./Drivers/STM32F1xx_HAL_Driver/Src/stm32f1xx_hal_cortex.o
 .debug_macro   0x00018246      0x1a3 ./Drivers/STM32F1xx_HAL_Driver/Src/stm32f1xx_hal_dma.o
 .debug_macro   0x000183e9      0x20e ./Drivers/STM32F1xx_HAL_Driver/Src/stm32f1xx_hal_gpio.o
 .debug_macro   0x000185f7      0x1b5 ./Drivers/STM32F1xx_HAL_Driver/Src/stm32f1xx_hal_rcc.o
 .debug_macro   0x000187ac      0x1a4 ./Drivers/STM32F1xx_HAL_Driver/Src/stm32f1xx_hal_tim.o
 .debug_macro   0x00018950      0x1a3 ./Drivers/STM32F1xx_HAL_Driver/Src/stm32f1xx_hal_tim_ex.o
 .debug_macro   0x00018af3      0x1a4 ./Drivers/STM32F1xx_HAL_Driver/Src/stm32f1xx_hal_uart.o

.debug_line     0x00000000    0x114d8
 .debug_line    0x00000000      0x977 ./Core/Inc/ROS/time.o
 .debug_line    0x00000977      0x647 ./Core/Src/dma.o
 .debug_line    0x00000fbe      0x658 ./Core/Src/gpio.o
 .debug_line    0x00001616      0x76e ./Core/Src/main.o
 .debug_line    0x00001d84     0x232d ./Core/Src/mainpp.o
 .debug_line    0x000040b1      0x64a ./Core/Src/stm32f1xx_hal_msp.o
 .debug_line    0x000046fb      0x7cc ./Core/Src/stm32f1xx_it.o
 .debug_line    0x00004ec7      0x4b8 ./Core/Src/sysmem.o
 .debug_line    0x0000537f      0x6c8 ./Core/Src/system_stm32f1xx.o
 .debug_line    0x00005a47      0x735 ./Core/Src/tim.o
 .debug_line    0x0000617c      0x702 ./Core/Src/usart.o
 .debug_line    0x0000687e       0x78 ./Core/Startup/startup_stm32f103c8tx.o
 .debug_line    0x000068f6      0x8f5 ./Drivers/STM32F1xx_HAL_Driver/Src/stm32f1xx_hal.o
 .debug_line    0x000071eb      0xae1 ./Drivers/STM32F1xx_HAL_Driver/Src/stm32f1xx_hal_cortex.o
 .debug_line    0x00007ccc      0xd4e ./Drivers/STM32F1xx_HAL_Driver/Src/stm32f1xx_hal_dma.o
 .debug_line    0x00008a1a      0x98e ./Drivers/STM32F1xx_HAL_Driver/Src/stm32f1xx_hal_gpio.o
 .debug_line    0x000093a8      0xcfe ./Drivers/STM32F1xx_HAL_Driver/Src/stm32f1xx_hal_rcc.o
 .debug_line    0x0000a0a6     0x341a ./Drivers/STM32F1xx_HAL_Driver/Src/stm32f1xx_hal_tim.o
 .debug_line    0x0000d4c0     0x1844 ./Drivers/STM32F1xx_HAL_Driver/Src/stm32f1xx_hal_tim_ex.o
 .debug_line    0x0000ed04     0x27d4 ./Drivers/STM32F1xx_HAL_Driver/Src/stm32f1xx_hal_uart.o

.debug_str      0x00000000    0x8fd4a
 .debug_str     0x00000000     0xa646 ./Core/Inc/ROS/time.o
                               0xa956 (size before relaxing)
 .debug_str     0x0000a646    0x7f9bc ./Core/Src/dma.o
                              0x839db (size before relaxing)
 .debug_str     0x0008a002       0xc4 ./Core/Src/gpio.o
                              0x8377d (size before relaxing)
 .debug_str     0x0008a0c6      0x63b ./Core/Src/main.o
                              0x83e06 (size before relaxing)
 .debug_str     0x0008a701     0x27c0 ./Core/Src/mainpp.o
                              0x8ca91 (size before relaxing)
 .debug_str     0x0008cec1       0x5a ./Core/Src/stm32f1xx_hal_msp.o
                              0x83705 (size before relaxing)
 .debug_str     0x0008cf1b      0x188 ./Core/Src/stm32f1xx_it.o
                              0x83f16 (size before relaxing)
 .debug_str     0x0008d0a3      0x534 ./Core/Src/sysmem.o
                               0x6066 (size before relaxing)
 .debug_str     0x0008d5d7       0x7e ./Core/Src/system_stm32f1xx.o
                              0x83708 (size before relaxing)
 .debug_str     0x0008d655      0x150 ./Core/Src/tim.o
                              0x84039 (size before relaxing)
 .debug_str     0x0008d7a5       0x7d ./Core/Src/usart.o
                              0x83f1a (size before relaxing)
 .debug_str     0x0008d822       0x44 ./Core/Startup/startup_stm32f103c8tx.o
                                 0x71 (size before relaxing)
 .debug_str     0x0008d866      0x378 ./Drivers/STM32F1xx_HAL_Driver/Src/stm32f1xx_hal.o
                              0x83e3b (size before relaxing)
 .debug_str     0x0008dbde      0x281 ./Drivers/STM32F1xx_HAL_Driver/Src/stm32f1xx_hal_cortex.o
                              0x83d87 (size before relaxing)
 .debug_str     0x0008de5f      0x206 ./Drivers/STM32F1xx_HAL_Driver/Src/stm32f1xx_hal_dma.o
                              0x83ab1 (size before relaxing)
 .debug_str     0x0008e065      0x2ce ./Drivers/STM32F1xx_HAL_Driver/Src/stm32f1xx_hal_gpio.o
                              0x83a8e (size before relaxing)
 .debug_str     0x0008e333      0x229 ./Drivers/STM32F1xx_HAL_Driver/Src/stm32f1xx_hal_rcc.o
                              0x83b37 (size before relaxing)
 .debug_str     0x0008e55c      0xdb3 ./Drivers/STM32F1xx_HAL_Driver/Src/stm32f1xx_hal_tim.o
                              0x84b39 (size before relaxing)
 .debug_str     0x0008f30f      0x493 ./Drivers/STM32F1xx_HAL_Driver/Src/stm32f1xx_hal_tim_ex.o
                              0x84345 (size before relaxing)
 .debug_str     0x0008f7a2      0x5a8 ./Drivers/STM32F1xx_HAL_Driver/Src/stm32f1xx_hal_uart.o
                              0x841a8 (size before relaxing)

.comment        0x00000000       0x43
 .comment       0x00000000       0x43 ./Core/Inc/ROS/time.o
                                 0x44 (size before relaxing)
 .comment       0x00000043       0x44 ./Core/Src/dma.o
 .comment       0x00000043       0x44 ./Core/Src/gpio.o
 .comment       0x00000043       0x44 ./Core/Src/main.o
 .comment       0x00000043       0x44 ./Core/Src/mainpp.o
 .comment       0x00000043       0x44 ./Core/Src/stm32f1xx_hal_msp.o
 .comment       0x00000043       0x44 ./Core/Src/stm32f1xx_it.o
 .comment       0x00000043       0x44 ./Core/Src/sysmem.o
 .comment       0x00000043       0x44 ./Core/Src/system_stm32f1xx.o
 .comment       0x00000043       0x44 ./Core/Src/tim.o
 .comment       0x00000043       0x44 ./Core/Src/usart.o
 .comment       0x00000043       0x44 ./Drivers/STM32F1xx_HAL_Driver/Src/stm32f1xx_hal.o
 .comment       0x00000043       0x44 ./Drivers/STM32F1xx_HAL_Driver/Src/stm32f1xx_hal_cortex.o
 .comment       0x00000043       0x44 ./Drivers/STM32F1xx_HAL_Driver/Src/stm32f1xx_hal_dma.o
 .comment       0x00000043       0x44 ./Drivers/STM32F1xx_HAL_Driver/Src/stm32f1xx_hal_gpio.o
 .comment       0x00000043       0x44 ./Drivers/STM32F1xx_HAL_Driver/Src/stm32f1xx_hal_rcc.o
 .comment       0x00000043       0x44 ./Drivers/STM32F1xx_HAL_Driver/Src/stm32f1xx_hal_tim.o
 .comment       0x00000043       0x44 ./Drivers/STM32F1xx_HAL_Driver/Src/stm32f1xx_hal_tim_ex.o
 .comment       0x00000043       0x44 ./Drivers/STM32F1xx_HAL_Driver/Src/stm32f1xx_hal_uart.o

.debug_frame    0x00000000     0x4098
 .debug_frame   0x00000000       0xf0 ./Core/Inc/ROS/time.o
 .debug_frame   0x000000f0       0x34 ./Core/Src/dma.o
 .debug_frame   0x00000124       0x34 ./Core/Src/gpio.o
 .debug_frame   0x00000158       0x8c ./Core/Src/main.o
 .debug_frame   0x000001e4      0x8dc ./Core/Src/mainpp.o
 .debug_frame   0x00000ac0       0x38 ./Core/Src/stm32f1xx_hal_msp.o
 .debug_frame   0x00000af8      0x1e4 ./Core/Src/stm32f1xx_it.o
 .debug_frame   0x00000cdc       0x34 ./Core/Src/sysmem.o
 .debug_frame   0x00000d10       0x58 ./Core/Src/system_stm32f1xx.o
 .debug_frame   0x00000d68       0xa0 ./Core/Src/tim.o
 .debug_frame   0x00000e08       0x74 ./Core/Src/usart.o
 .debug_frame   0x00000e7c      0x334 ./Drivers/STM32F1xx_HAL_Driver/Src/stm32f1xx_hal.o
 .debug_frame   0x000011b0      0x428 ./Drivers/STM32F1xx_HAL_Driver/Src/stm32f1xx_hal_cortex.o
 .debug_frame   0x000015d8      0x208 ./Drivers/STM32F1xx_HAL_Driver/Src/stm32f1xx_hal_dma.o
 .debug_frame   0x000017e0      0x14c ./Drivers/STM32F1xx_HAL_Driver/Src/stm32f1xx_hal_gpio.o
 .debug_frame   0x0000192c      0x218 ./Drivers/STM32F1xx_HAL_Driver/Src/stm32f1xx_hal_rcc.o
 .debug_frame   0x00001b44     0x11b8 ./Drivers/STM32F1xx_HAL_Driver/Src/stm32f1xx_hal_tim.o
 .debug_frame   0x00002cfc      0x638 ./Drivers/STM32F1xx_HAL_Driver/Src/stm32f1xx_hal_tim_ex.o
 .debug_frame   0x00003334      0x944 ./Drivers/STM32F1xx_HAL_Driver/Src/stm32f1xx_hal_uart.o
 .debug_frame   0x00003c78       0x20 /opt/st/stm32cubeide_1.15.1/plugins/com.st.stm32cube.ide.mcu.externaltools.gnu-tools-for-stm32.12.3.rel1.linux64_1.0.100.202403111256/tools/bin/../lib/gcc/arm-none-eabi/12.3.1/../../../../arm-none-eabi/lib/thumb/v7-m/nofp/libc_nano.a(libc_a-realloc.o)
 .debug_frame   0x00003c98       0x3c /opt/st/stm32cubeide_1.15.1/plugins/com.st.stm32cube.ide.mcu.externaltools.gnu-tools-for-stm32.12.3.rel1.linux64_1.0.100.202403111256/tools/bin/../lib/gcc/arm-none-eabi/12.3.1/../../../../arm-none-eabi/lib/thumb/v7-m/nofp/libc_nano.a(libc_a-reallocr.o)
 .debug_frame   0x00003cd4      0x144 /opt/st/stm32cubeide_1.15.1/plugins/com.st.stm32cube.ide.mcu.externaltools.gnu-tools-for-stm32.12.3.rel1.linux64_1.0.100.202403111256/tools/bin/../lib/gcc/arm-none-eabi/12.3.1/../../../../arm-none-eabi/lib/thumb/v7-m/nofp/libc_nano.a(libc_a-findfp.o)
 .debug_frame   0x00003e18       0x20 /opt/st/stm32cubeide_1.15.1/plugins/com.st.stm32cube.ide.mcu.externaltools.gnu-tools-for-stm32.12.3.rel1.linux64_1.0.100.202403111256/tools/bin/../lib/gcc/arm-none-eabi/12.3.1/../../../../arm-none-eabi/lib/thumb/v7-m/nofp/libc_nano.a(libc_a-memset.o)
 .debug_frame   0x00003e38       0x38 /opt/st/stm32cubeide_1.15.1/plugins/com.st.stm32cube.ide.mcu.externaltools.gnu-tools-for-stm32.12.3.rel1.linux64_1.0.100.202403111256/tools/bin/../lib/gcc/arm-none-eabi/12.3.1/../../../../arm-none-eabi/lib/thumb/v7-m/nofp/libc_nano.a(libc_a-reent.o)
 .debug_frame   0x00003e70       0x20 /opt/st/stm32cubeide_1.15.1/plugins/com.st.stm32cube.ide.mcu.externaltools.gnu-tools-for-stm32.12.3.rel1.linux64_1.0.100.202403111256/tools/bin/../lib/gcc/arm-none-eabi/12.3.1/../../../../arm-none-eabi/lib/thumb/v7-m/nofp/libc_nano.a(libc_a-errno.o)
 .debug_frame   0x00003e90       0x2c /opt/st/stm32cubeide_1.15.1/plugins/com.st.stm32cube.ide.mcu.externaltools.gnu-tools-for-stm32.12.3.rel1.linux64_1.0.100.202403111256/tools/bin/../lib/gcc/arm-none-eabi/12.3.1/../../../../arm-none-eabi/lib/thumb/v7-m/nofp/libc_nano.a(libc_a-init.o)
 .debug_frame   0x00003ebc       0xb0 /opt/st/stm32cubeide_1.15.1/plugins/com.st.stm32cube.ide.mcu.externaltools.gnu-tools-for-stm32.12.3.rel1.linux64_1.0.100.202403111256/tools/bin/../lib/gcc/arm-none-eabi/12.3.1/../../../../arm-none-eabi/lib/thumb/v7-m/nofp/libc_nano.a(libc_a-lock.o)
 .debug_frame   0x00003f6c       0x28 /opt/st/stm32cubeide_1.15.1/plugins/com.st.stm32cube.ide.mcu.externaltools.gnu-tools-for-stm32.12.3.rel1.linux64_1.0.100.202403111256/tools/bin/../lib/gcc/arm-none-eabi/12.3.1/../../../../arm-none-eabi/lib/thumb/v7-m/nofp/libc_nano.a(libc_a-memcpy-stub.o)
 .debug_frame   0x00003f94       0x38 /opt/st/stm32cubeide_1.15.1/plugins/com.st.stm32cube.ide.mcu.externaltools.gnu-tools-for-stm32.12.3.rel1.linux64_1.0.100.202403111256/tools/bin/../lib/gcc/arm-none-eabi/12.3.1/../../../../arm-none-eabi/lib/thumb/v7-m/nofp/libc_nano.a(libc_a-freer.o)
 .debug_frame   0x00003fcc       0x50 /opt/st/stm32cubeide_1.15.1/plugins/com.st.stm32cube.ide.mcu.externaltools.gnu-tools-for-stm32.12.3.rel1.linux64_1.0.100.202403111256/tools/bin/../lib/gcc/arm-none-eabi/12.3.1/../../../../arm-none-eabi/lib/thumb/v7-m/nofp/libc_nano.a(libc_a-mallocr.o)
 .debug_frame   0x0000401c       0x30 /opt/st/stm32cubeide_1.15.1/plugins/com.st.stm32cube.ide.mcu.externaltools.gnu-tools-for-stm32.12.3.rel1.linux64_1.0.100.202403111256/tools/bin/../lib/gcc/arm-none-eabi/12.3.1/../../../../arm-none-eabi/lib/thumb/v7-m/nofp/libc_nano.a(libc_a-mlock.o)
 .debug_frame   0x0000404c       0x20 /opt/st/stm32cubeide_1.15.1/plugins/com.st.stm32cube.ide.mcu.externaltools.gnu-tools-for-stm32.12.3.rel1.linux64_1.0.100.202403111256/tools/bin/../lib/gcc/arm-none-eabi/12.3.1/../../../../arm-none-eabi/lib/thumb/v7-m/nofp/libc_nano.a(libc_a-msizer.o)
 .debug_frame   0x0000406c       0x2c /opt/st/stm32cubeide_1.15.1/plugins/com.st.stm32cube.ide.mcu.externaltools.gnu-tools-for-stm32.12.3.rel1.linux64_1.0.100.202403111256/tools/bin/../lib/gcc/arm-none-eabi/12.3.1/../../../../arm-none-eabi/lib/thumb/v7-m/nofp/libc_nano.a(libc_a-sbrkr.o)

.debug_line_str
                0x00000000       0x55
 .debug_line_str
                0x00000000       0x55 ./Core/Startup/startup_stm32f103c8tx.o
