../Core/Src/VL53LX.c:47:6:writeReg	32	static
../Core/Src/VL53LX.c:54:6:writeReg16Bit	32	static
../Core/Src/VL53LX.c:61:6:writeReg32Bit	32	static
../Core/Src/VL53LX.c:68:9:readReg	40	static
../Core/Src/VL53LX.c:78:10:readReg16Bit	40	static
../Core/Src/VL53LX.c:88:10:readReg32Bit	40	static
../Core/Src/VL53LX.c:98:6:writeMulti	32	static
../Core/Src/VL53LX.c:106:6:readMulti	32	static
../Core/Src/VL53LX.c:114:6:setAddress_VL53L0X	16	static
../Core/Src/VL53LX.c:119:9:getAddress_VL53L0X	4	static
../Core/Src/VL53LX.c:131:6:initVL53L0X	32	static
../Core/Src/VL53LX.c:368:6:setSignalRateLimit	16	static
../Core/Src/VL53LX.c:378:7:getSignalRateLimit	8	static
../Core/Src/VL53LX.c:390:6:setMeasurementTimingBudget	80	static
../Core/Src/VL53LX.c:479:10:getMeasurementTimingBudget	56	static
../Core/Src/VL53LX.c:533:6:setVcselPulsePeriod	56	static
../Core/Src/VL53LX.c:710:9:getVcselPulsePeriod	16	static
../Core/Src/VL53LX.c:729:6:startContinuous	24	static
../Core/Src/VL53LX.c:767:6:stopContinuous	8	static
../Core/Src/VL53LX.c:782:10:readRangeContinuousMillimeters	32	static
../Core/Src/VL53LX.c:825:10:readRangeSingleMillimeters	16	static
../Core/Src/VL53LX.c:847:6:timeoutOccurred	16	static
../Core/Src/VL53LX.c:854:6:setTimeout	16	static
../Core/Src/VL53LX.c:858:10:getTimeout	4	static
../Core/Src/VL53LX.c:867:6:getSpadInfo	24	static
../Core/Src/VL53LX.c:909:6:getSequenceStepEnables	24	static
../Core/Src/VL53LX.c:924:6:getSequenceStepTimeouts	16	static
../Core/Src/VL53LX.c:958:10:decodeTimeout	16	static
../Core/Src/VL53LX.c:969:10:encodeTimeout	24	static
../Core/Src/VL53LX.c:993:10:timeoutMclksToMicroseconds	24	static
../Core/Src/VL53LX.c:1002:10:timeoutMicrosecondsToMclks	24	static
../Core/Src/VL53LX.c:1011:6:performSingleRefCalibration	16	static
