22:49:03 **** Incremental Build of configuration Debug for project ball_balancing ****
make -j12 all 
arm-none-eabi-gcc "../Core/Src/main.c" -mcpu=cortex-m3 -std=gnu11 -g3 -DDEBUG -DUSE_HAL_DRIVER -DSTM32F103xB -c -I../Core/Inc -I../Drivers/STM32F1xx_HAL_Driver/Inc/Legacy -I../Drivers/STM32F1xx_HAL_Driver/Inc -I../Drivers/CMSIS/Device/ST/STM32F1xx/Include -I../Drivers/CMSIS/Include -O0 -ffunction-sections -fdata-sections -Wall -fstack-usage -fcyclomatic-complexity -MMD -MP -MF"Core/Src/main.d" -MT"Core/Src/main.o" --specs=nano.specs -mfloat-abi=soft -mthumb -o "Core/Src/main.o"
arm-none-eabi-gcc -o "ball_balancing.elf" @"objects.list"   -mcpu=cortex-m3 -T"/home/wgg/STM32CubeIDE/ball_balancing/STM32F103C8TX_FLASH.ld" --specs=nosys.specs -Wl,-Map="ball_balancing.map" -Wl,--gc-sections -static --specs=nano.specs -mfloat-abi=soft -mthumb -Wl,--start-group -lc -lm -Wl,--end-group
Finished building target: ball_balancing.elf
 
arm-none-eabi-size  ball_balancing.elf 
arm-none-eabi-objdump -h -S ball_balancing.elf  > "ball_balancing.list"
   text	   data	    bss	    dec	    hex	filename
  15924	     16	   1888	  17828	   45a4	ball_balancing.elf
Finished building: default.size.stdout
 
Finished building: ball_balancing.list
 

22:49:04 Build Finished. 0 errors, 0 warnings. (took 816ms)

