16:11:00 **** Incremental Build of configuration Debug for project Controm motor servo ****
make -j12 all 
arm-none-eabi-gcc "../Core/Src/main.c" -mcpu=cortex-m3 -std=gnu11 -g3 -DDEBUG -DUSE_HAL_DRIVER -DSTM32F103xB -c -I../Core/Inc -I../Drivers/STM32F1xx_HAL_Driver/Inc/Legacy -I../Drivers/STM32F1xx_HAL_Driver/Inc -I../Drivers/CMSIS/Device/ST/STM32F1xx/Include -I../Drivers/CMSIS/Include -O0 -ffunction-sections -fdata-sections -Wall -fstack-usage -fcyclomatic-complexity -MMD -MP -MF"Core/Src/main.d" -MT"Core/Src/main.o" --specs=nano.specs -mfloat-abi=soft -mthumb -o "Core/Src/main.o"
arm-none-eabi-gcc -o "Controm motor servo.elf" @"objects.list"   -mcpu=cortex-m3 -T"/home/wgg/STM32CubeIDE/Controm motor servo/STM32F103C8TX_FLASH.ld" --specs=nosys.specs -Wl,-Map="Controm motor servo.map" -Wl,--gc-sections -static --specs=nano.specs -mfloat-abi=soft -mthumb -Wl,--start-group -lc -lm -Wl,--end-group
Finished building target: Controm motor servo.elf
 
arm-none-eabi-size  Controm\ motor\ servo.elf 
arm-none-eabi-objdump -h -S Controm\ motor\ servo.elf  > "Controm motor servo.list"
   text	   data	    bss	    dec	    hex	filename
   9388	     12	   1724	  11124	   2b74	Controm motor servo.elf
Finished building: default.size.stdout
 
Finished building: Controm motor servo.list
 

16:11:01 Build Finished. 0 errors, 0 warnings. (took 770ms)

