12:55:56 **** Incremental Build of configuration Debug for project DS18B20_Sensor ****
make -j12 all 
arm-none-eabi-gcc "../Core/Src/ds18b20.c" -mcpu=cortex-m3 -std=gnu11 -g3 -DDEBUG -DUSE_HAL_DRIVER -DSTM32F103xB -c -I../Core/Inc -I../Drivers/STM32F1xx_HAL_Driver/Inc/Legacy -I../Drivers/STM32F1xx_HAL_Driver/Inc -I../Drivers/CMSIS/Device/ST/STM32F1xx/Include -I../Drivers/CMSIS/Include -O0 -ffunction-sections -fdata-sections -Wall -fstack-usage -fcyclomatic-complexity -MMD -MP -MF"Core/Src/ds18b20.d" -MT"Core/Src/ds18b20.o" --specs=nano.specs -mfloat-abi=soft -mthumb -o "Core/Src/ds18b20.o"
arm-none-eabi-gcc -o "DS18B20_Sensor.elf" @"objects.list"   -mcpu=cortex-m3 -T"/home/wgg/STM32CubeIDE/DS18B20_Sensor/STM32F103C8TX_FLASH.ld" --specs=nosys.specs -Wl,-Map="DS18B20_Sensor.map" -Wl,--gc-sections -static --specs=nano.specs -mfloat-abi=soft -mthumb -Wl,--start-group -lc -lm -Wl,--end-group
Finished building target: DS18B20_Sensor.elf
 
arm-none-eabi-size  DS18B20_Sensor.elf 
arm-none-eabi-objdump -h -S DS18B20_Sensor.elf  > "DS18B20_Sensor.list"
   text	   data	    bss	    dec	    hex	filename
   8968	     12	   1652	  10632	   2988	DS18B20_Sensor.elf
Finished building: default.size.stdout
 
Finished building: DS18B20_Sensor.list
 

12:55:57 Build Finished. 0 errors, 0 warnings. (took 1s.3ms)

