17:11:54 **** Incremental Build of configuration Debug for project Motor Driver Test ****
make -j12 all 
arm-none-eabi-gcc "../Core/Src/main.c" -mcpu=cortex-m3 -std=gnu11 -g3 -DDEBUG -DUSE_HAL_DRIVER -DSTM32F103xB -c -I../Core/Inc -I../Drivers/STM32F1xx_HAL_Driver/Inc/Legacy -I../Drivers/STM32F1xx_HAL_Driver/Inc -I../Drivers/CMSIS/Device/ST/STM32F1xx/Include -I../Drivers/CMSIS/Include -O0 -ffunction-sections -fdata-sections -Wall -fstack-usage -fcyclomatic-complexity -MMD -MP -MF"Core/Src/main.d" -MT"Core/Src/main.o" --specs=nano.specs -mfloat-abi=soft -mthumb -o "Core/Src/main.o"
arm-none-eabi-gcc -o "Motor Driver Test.elf" @"objects.list"   -mcpu=cortex-m3 -T"/home/wgg/STM32CubeIDE/Motor Driver Test/STM32F103C8TX_FLASH.ld" --specs=nosys.specs -Wl,-Map="Motor Driver Test.map" -Wl,--gc-sections -static --specs=nano.specs -mfloat-abi=soft -mthumb -Wl,--start-group -lc -lm -Wl,--end-group
Finished building target: Motor Driver Test.elf
 
arm-none-eabi-size  Motor\ Driver\ Test.elf 
arm-none-eabi-objdump -h -S Motor\ Driver\ Test.elf  > "Motor Driver Test.list"
   text	   data	    bss	    dec	    hex	filename
   9352	     16	   1728	  11096	   2b58	Motor Driver Test.elf
Finished building: default.size.stdout
 
Finished building: Motor Driver Test.list
 

17:11:54 Build Finished. 0 errors, 0 warnings. (took 774ms)

