11:16:52 **** Incremental Build of configuration Debug for project pid_test ****
make -j12 all 
arm-none-eabi-gcc "../Core/Src/main.c" -mcpu=cortex-m4 -std=gnu11 -g3 -DDEBUG -DUSE_HAL_DRIVER -DSTM32F446xx -c -I../Core/Inc -I../Drivers/STM32F4xx_HAL_Driver/Inc -I../Drivers/STM32F4xx_HAL_Driver/Inc/Legacy -I../Drivers/CMSIS/Device/ST/STM32F4xx/Include -I../Drivers/CMSIS/Include -O0 -ffunction-sections -fdata-sections -Wall -fstack-usage -fcyclomatic-complexity -MMD -MP -MF"Core/Src/main.d" -MT"Core/Src/main.o" --specs=nano.specs -mfpu=fpv4-sp-d16 -mfloat-abi=hard -mthumb -o "Core/Src/main.o"
arm-none-eabi-gcc -o "pid_test.elf" @"objects.list"   -mcpu=cortex-m4 -T"/home/wgg/STM32CubeIDE/pid_test/STM32F446RETX_FLASH.ld" --specs=nosys.specs -Wl,-Map="pid_test.map" -Wl,--gc-sections -static --specs=nano.specs -mfpu=fpv4-sp-d16 -mfloat-abi=hard -mthumb -Wl,--start-group -lc -lm -Wl,--end-group
Finished building target: pid_test.elf
 
arm-none-eabi-size  pid_test.elf 
arm-none-eabi-objdump -h -S pid_test.elf  > "pid_test.list"
   text	   data	    bss	    dec	    hex	filename
  13920	     12	   1908	  15840	   3de0	pid_test.elf
Finished building: default.size.stdout
 
Finished building: pid_test.list
 

11:16:53 Build Finished. 0 errors, 0 warnings. (took 925ms)

